Archive member included to satisfy reference by file (symbol)

c:/program files (x86)/atmel/studio/7.0/toolchain/arm/arm-gnu-toolchain/bin/../lib/gcc/arm-none-eabi/6.3.1/thumb/v7e-m\libgcc.a(_arm_addsubdf3.o)
                              build/Release/production/_ext/41939163/hpl_sercom.o (__aeabi_dsub)
c:/program files (x86)/atmel/studio/7.0/toolchain/arm/arm-gnu-toolchain/bin/../lib/gcc/arm-none-eabi/6.3.1/thumb/v7e-m\libgcc.a(_arm_muldivdf3.o)
                              build/Release/production/_ext/41939163/hpl_sercom.o (__aeabi_dmul)
c:/program files (x86)/atmel/studio/7.0/toolchain/arm/arm-gnu-toolchain/bin/../lib/gcc/arm-none-eabi/6.3.1/thumb/v7e-m\libgcc.a(_arm_fixunsdfsi.o)
                              build/Release/production/_ext/41939163/hpl_sercom.o (__aeabi_d2uiz)
c:/program files (x86)/atmel/studio/7.0/toolchain/arm/arm-gnu-toolchain/bin/../lib/gcc/arm-none-eabi/6.3.1/thumb/v7e-m\libgcc.a(_aeabi_uldivmod.o)
                              build/Release/production/_ext/41939163/hpl_sercom.o (__aeabi_uldivmod)
c:/program files (x86)/atmel/studio/7.0/toolchain/arm/arm-gnu-toolchain/bin/../lib/gcc/arm-none-eabi/6.3.1/thumb/v7e-m\libgcc.a(_udivmoddi4.o)
                              c:/program files (x86)/atmel/studio/7.0/toolchain/arm/arm-gnu-toolchain/bin/../lib/gcc/arm-none-eabi/6.3.1/thumb/v7e-m\libgcc.a(_aeabi_uldivmod.o) (__udivmoddi4)
c:/program files (x86)/atmel/studio/7.0/toolchain/arm/arm-gnu-toolchain/bin/../lib/gcc/arm-none-eabi/6.3.1/thumb/v7e-m\libgcc.a(_dvmd_tls.o)
                              c:/program files (x86)/atmel/studio/7.0/toolchain/arm/arm-gnu-toolchain/bin/../lib/gcc/arm-none-eabi/6.3.1/thumb/v7e-m\libgcc.a(_aeabi_uldivmod.o) (__aeabi_ldiv0)
c:/program files (x86)/atmel/studio/7.0/toolchain/arm/arm-gnu-toolchain/bin/../lib/gcc/arm-none-eabi/6.3.1/../../../../arm-none-eabi/lib/thumb/v7e-m\libc_nano.a(lib_a-exit.o)
                              c:/program files (x86)/atmel/studio/7.0/toolchain/arm/arm-gnu-toolchain/bin/../lib/gcc/arm-none-eabi/6.3.1/../../../../arm-none-eabi/lib/thumb/v7e-m/crt0.o (exit)
c:/program files (x86)/atmel/studio/7.0/toolchain/arm/arm-gnu-toolchain/bin/../lib/gcc/arm-none-eabi/6.3.1/../../../../arm-none-eabi/lib/thumb/v7e-m\libc_nano.a(lib_a-impure.o)
                              c:/program files (x86)/atmel/studio/7.0/toolchain/arm/arm-gnu-toolchain/bin/../lib/gcc/arm-none-eabi/6.3.1/../../../../arm-none-eabi/lib/thumb/v7e-m\libc_nano.a(lib_a-exit.o) (_global_impure_ptr)
c:/program files (x86)/atmel/studio/7.0/toolchain/arm/arm-gnu-toolchain/bin/../lib/gcc/arm-none-eabi/6.3.1/../../../../arm-none-eabi/lib/thumb/v7e-m\libc_nano.a(lib_a-init.o)
                              c:/program files (x86)/atmel/studio/7.0/toolchain/arm/arm-gnu-toolchain/bin/../lib/gcc/arm-none-eabi/6.3.1/../../../../arm-none-eabi/lib/thumb/v7e-m/crt0.o (__libc_init_array)
c:/program files (x86)/atmel/studio/7.0/toolchain/arm/arm-gnu-toolchain/bin/../lib/gcc/arm-none-eabi/6.3.1/../../../../arm-none-eabi/lib/thumb/v7e-m\libc_nano.a(lib_a-memcmp.o)
                              build/Release/production/_ext/1902934654/nv_internal_flash_ultra.o (memcmp)
c:/program files (x86)/atmel/studio/7.0/toolchain/arm/arm-gnu-toolchain/bin/../lib/gcc/arm-none-eabi/6.3.1/../../../../arm-none-eabi/lib/thumb/v7e-m\libc_nano.a(lib_a-memcpy-stub.o)
                              build/Release/production/_ext/1639645974/hpl_nvmctrl.o (memcpy)
c:/program files (x86)/atmel/studio/7.0/toolchain/arm/arm-gnu-toolchain/bin/../lib/gcc/arm-none-eabi/6.3.1/../../../../arm-none-eabi/lib/thumb/v7e-m\libc_nano.a(lib_a-memset.o)
                              c:/program files (x86)/atmel/studio/7.0/toolchain/arm/arm-gnu-toolchain/bin/../lib/gcc/arm-none-eabi/6.3.1/../../../../arm-none-eabi/lib/thumb/v7e-m/crt0.o (memset)
c:/program files (x86)/atmel/studio/7.0/toolchain/arm/arm-gnu-toolchain/bin/../lib/gcc/arm-none-eabi/6.3.1/../../../../arm-none-eabi/lib/thumb/v7e-m\libc_nano.a(lib_a-printf.o)
                              build/Release/production/_ext/447684357/utils_syscalls.o (printf)
c:/program files (x86)/atmel/studio/7.0/toolchain/arm/arm-gnu-toolchain/bin/../lib/gcc/arm-none-eabi/6.3.1/../../../../arm-none-eabi/lib/thumb/v7e-m\libc_nano.a(lib_a-puts.o)
                              build/Release/production/_ext/1472/stdio_start.o (puts)
c:/program files (x86)/atmel/studio/7.0/toolchain/arm/arm-gnu-toolchain/bin/../lib/gcc/arm-none-eabi/6.3.1/../../../../arm-none-eabi/lib/thumb/v7e-m\libc_nano.a(lib_a-rand.o)
                              build/Release/production/_ext/1472/splash.o (rand)
c:/program files (x86)/atmel/studio/7.0/toolchain/arm/arm-gnu-toolchain/bin/../lib/gcc/arm-none-eabi/6.3.1/../../../../arm-none-eabi/lib/thumb/v7e-m\libc_nano.a(lib_a-setbuf.o)
                              build/Release/production/_ext/433002239/stdio_io.o (setbuf)
[...]
Memory Configuration

Name             Origin             Length             Attributes
rom              0x00000000         0x00080000         xr
ram              0x20000000         0x00030000         xrw
bkupram          0x47000000         0x00002000         xrw
qspi             0x04000000         0x01000000         xrw
*default*        0x00000000         0xffffffff

Linker script and memory map

LOAD c:/program files (x86)/atmel/studio/7.0/toolchain/arm/arm-gnu-toolchain/bin/../lib/gcc/arm-none-eabi/6.3.1/thumb/v7e-m/crti.o
LOAD c:/program files (x86)/atmel/studio/7.0/toolchain/arm/arm-gnu-toolchain/bin/../lib/gcc/arm-none-eabi/6.3.1/thumb/v7e-m/crtbegin.o
LOAD c:/program files (x86)/atmel/studio/7.0/toolchain/arm/arm-gnu-toolchain/bin/../lib/gcc/arm-none-eabi/6.3.1/../../../../arm-none-eabi/lib/thumb/v7e-m/crt0.o
LOAD build/Release/production/_ext/1301743165/startup_samd51.o
LOAD build/Release/production/_ext/1301743165/system_samd51.o
LOAD build/Release/production/_ext/1381494712/driver_examples.o
LOAD build/Release/production/_ext/991121639/hal_atomic.o
LOAD build/Release/production/_ext/991121639/hal_cache.o
LOAD build/Release/production/_ext/991121639/hal_delay.o
LOAD build/Release/production/_ext/991121639/hal_ext_irq.o
LOAD build/Release/production/_ext/991121639/hal_flash.o
LOAD build/Release/production/_ext/991121639/hal_gpio.o
LOAD build/Release/production/_ext/991121639/hal_init.o
LOAD build/Release/production/_ext/991121639/hal_io.o
LOAD build/Release/production/_ext/991121639/hal_rand_sync.o
LOAD build/Release/production/_ext/991121639/hal_sleep.o
LOAD build/Release/production/_ext/991121639/hal_usart_sync.o
LOAD build/Release/production/_ext/991121639/hal_usb_device.o
LOAD build/Release/production/_ext/991121639/hal_wdt.o
LOAD build/Release/production/_ext/447684357/utils_assert.o
LOAD build/Release/production/_ext/447684357/utils_event.o
LOAD build/Release/production/_ext/447684357/utils_list.o
LOAD build/Release/production/_ext/447684357/utils_syscalls.o
LOAD build/Release/production/_ext/232827772/hpl_cmcc.o
LOAD build/Release/production/_ext/232825383/hpl_core_m4.o
LOAD build/Release/production/_ext/232825383/hpl_init.o
LOAD build/Release/production/_ext/232798043/hpl_dmac.o
LOAD build/Release/production/_ext/561698107/hpl_eic.o
LOAD build/Release/production/_ext/232717931/hpl_gclk.o
LOAD build/Release/production/_ext/232539185/hpl_mclk.o
LOAD build/Release/production/_ext/1639645974/hpl_nvmctrl.o
LOAD build/Release/production/_ext/833842894/hpl_osc32kctrl.o
LOAD build/Release/production/_ext/1862940304/hpl_oscctrl.o
LOAD build/Release/production/_ext/1126497609/hpl_pm.o
LOAD build/Release/production/_ext/9468513/hpl_ramecc.o
LOAD build/Release/production/_ext/41939163/hpl_sercom.o
LOAD build/Release/production/_ext/1874121072/hpl_systick.o
LOAD build/Release/production/_ext/232316175/hpl_trng.o
LOAD build/Release/production/_ext/561682422/hpl_usb.o
LOAD build/Release/production/_ext/561680947/hpl_wdt.o
LOAD build/Release/production/_ext/1902934654/nv_internal_flash_ultra.o
LOAD build/Release/production/_ext/1902934654/nv_storage.o
LOAD build/Release/production/_ext/565800185/read.o
LOAD build/Release/production/_ext/565800185/write.o
LOAD build/Release/production/_ext/433002239/stdio_io.o
LOAD build/Release/production/_ext/1472/atmel_start.o
LOAD build/Release/production/_ext/1472/console.o
LOAD build/Release/production/_ext/1472/driver_init.o
LOAD build/Release/production/_ext/1472/LCD.o
LOAD build/Release/production/_ext/1472/LCDBus.o
LOAD build/Release/production/_ext/1472/main.o
LOAD build/Release/production/_ext/1472/persistent_storage_start.o
LOAD build/Release/production/_ext/1472/splash.o
LOAD build/Release/production/_ext/1472/stdio_start.o
                0x00000001                __MPLAB_BUILD = 0x1
LOAD c:/program files (x86)/atmel/studio/7.0/toolchain/arm/arm-gnu-toolchain/bin/../lib/gcc/arm-none-eabi/6.3.1/../../../../arm-none-eabi/lib/thumb/v7e-m\libm.a
START GROUP
LOAD c:/program files (x86)/atmel/studio/7.0/toolchain/arm/arm-gnu-toolchain/bin/../lib/gcc/arm-none-eabi/6.3.1/thumb/v7e-m\libgcc.a
LOAD c:/program files (x86)/atmel/studio/7.0/toolchain/arm/arm-gnu-toolchain/bin/../lib/gcc/arm-none-eabi/6.3.1/../../../../arm-none-eabi/lib/thumb/v7e-m\libc_nano.a
END GROUP
START GROUP
LOAD c:/program files (x86)/atmel/studio/7.0/toolchain/arm/arm-gnu-toolchain/bin/../lib/gcc/arm-none-eabi/6.3.1/thumb/v7e-m\libgcc.a
LOAD c:/program files (x86)/atmel/studio/7.0/toolchain/arm/arm-gnu-toolchain/bin/../lib/gcc/arm-none-eabi/6.3.1/../../../../arm-none-eabi/lib/thumb/v7e-m\libc_nano.a
END GROUP
LOAD c:/program files (x86)/atmel/studio/7.0/toolchain/arm/arm-gnu-toolchain/bin/../lib/gcc/arm-none-eabi/6.3.1/thumb/v7e-m/crtend.o
LOAD c:/program files (x86)/atmel/studio/7.0/toolchain/arm/arm-gnu-toolchain/bin/../lib/gcc/arm-none-eabi/6.3.1/thumb/v7e-m/crtn.o
                0x0000c000                STACK_SIZE = DEFINED (STACK_SIZE)?STACK_SIZE:DEFINED (__stack_size__)?__stack_size__:0xc000

.text           0x00000000     0x5fd0
                0x00000000                . = ALIGN (0x4)
                0x00000000                _sfixed = .
 *(.vectors .vectors.*)
 .vectors       0x00000000      0x264 build/Release/production/_ext/1301743165/startup_samd51.o
                0x00000000                exception_table
 *(.text .text.* .gnu.linkonce.t.*)
 .text          0x00000264       0x6c c:/program files (x86)/atmel/studio/7.0/toolchain/arm/arm-gnu-toolchain/bin/../lib/gcc/arm-none-eabi/6.3.1/thumb/v7e-m/crtbegin.o
 .text.Dummy_Handler
                0x000002d0        0x2 build/Release/production/_ext/1301743165/startup_samd51.o
                0x000002d0                EIC_5_Handler
                0x000002d0                SVCall_Handler
                0x000002d0                SERCOM0_2_Handler
                0x000002d0                EIC_13_Handler
                0x000002d0                EVSYS_0_Handler
                0x000002d0                TCC1_3_Handler
                0x000002d0                DAC_3_Handler
                0x000002d0                TRNG_Handler
                0x000002d0                HardFault_Handler
                0x000002d0                TC2_Handler
                0x000002d0                PDEC_2_Handler
                0x000002d0                EIC_4_Handler
                0x000002d0                AC_Handler
                0x000002d0                SERCOM3_1_Handler
                0x000002d0                SysTick_Handler
                0x000002d0                TCC2_3_Handler
                0x000002d0                SERCOM3_2_Handler
                0x000002d0                PendSV_Handler
                0x000002d0                TC7_Handler
                0x000002d0                ADC1_1_Handler
                0x000002d0                EVSYS_3_Handler
                0x000002d0                PDEC_0_Handler
                0x000002d0                QSPI_Handler
                0x000002d0                NonMaskableInt_Handler
                0x000002d0                TCC0_0_Handler
                0x000002d0                EIC_3_Handler
                0x000002d0                MemManagement_Handler
                0x000002d0                DAC_2_Handler
                0x000002d0                SERCOM0_0_Handler
                0x000002d0                RTC_Handler
                0x000002d0                UsageFault_Handler
                0x000002d0                SERCOM4_0_Handler
                0x000002d0                EIC_10_Handler
                0x000002d0                SERCOM0_3_Handler
                0x000002d0                EIC_11_Handler
                0x000002d0                EIC_9_Handler
                0x000002d0                OSC32KCTRL_Handler
                0x000002d0                TCC2_1_Handler
                0x000002d0                SUPC_1_Handler
                0x000002d0                TCC0_5_Handler
                0x000002d0                TCC0_6_Handler
                0x000002d0                SERCOM6_2_Handler
                0x000002d0                EVSYS_1_Handler
                0x000002d0                TCC1_4_Handler
                0x000002d0                TC6_Handler
                0x000002d0                DMAC_0_Handler
                0x000002d0                WDT_Handler
                0x000002d0                EIC_8_Handler
                0x000002d0                EIC_15_Handler
                0x000002d0                SERCOM6_0_Handler
                0x000002d0                SERCOM5_0_Handler
                0x000002d0                TC4_Handler
                0x000002d0                TC1_Handler
                0x000002d0                OSCCTRL_4_Handler
                0x000002d0                SERCOM4_3_Handler
                0x000002d0                EIC_12_Handler
                0x000002d0                DMAC_4_Handler
                0x000002d0                TCC4_2_Handler
                0x000002d0                PAC_Handler
                0x000002d0                TCC1_0_Handler
                0x000002d0                OSCCTRL_0_Handler
                0x000002d0                EIC_0_Handler
                0x000002d0                OSCCTRL_3_Handler
                0x000002d0                SERCOM4_1_Handler
                0x000002d0                TC3_Handler
                0x000002d0                Dummy_Handler
                0x000002d0                TCC3_0_Handler
                0x000002d0                TCC2_2_Handler
                0x000002d0                SERCOM5_1_Handler
                0x000002d0                TCC1_1_Handler
                0x000002d0                DMAC_2_Handler
                0x000002d0                ADC0_0_Handler
                0x000002d0                SERCOM0_1_Handler
                0x000002d0                OSCCTRL_2_Handler
                0x000002d0                ADC1_0_Handler
                0x000002d0                TCC1_2_Handler
                0x000002d0                SERCOM7_1_Handler
                0x000002d0                PM_Handler
                0x000002d0                SERCOM6_3_Handler
                0x000002d0                SERCOM2_3_Handler
                0x000002d0                DAC_4_Handler
                0x000002d0                TCC3_2_Handler
                0x000002d0                SERCOM7_0_Handler
                0x000002d0                TCC0_2_Handler
                0x000002d0                DMAC_1_Handler
                0x000002d0                TCC4_0_Handler
                0x000002d0                SERCOM7_3_Handler
                0x000002d0                SDHC1_Handler
                0x000002d0                SERCOM7_2_Handler
                0x000002d0                TCC2_0_Handler
                0x000002d0                PDEC_1_Handler
                0x000002d0                TCC4_1_Handler
                0x000002d0                SERCOM5_3_Handler
                0x000002d0                SERCOM6_1_Handler
                0x000002d0                SDHC0_Handler
                0x000002d0                SERCOM1_1_Handler
                0x000002d0                I2S_Handler
                0x000002d0                EIC_2_Handler
                0x000002d0                PCC_Handler
                0x000002d0                DAC_0_Handler
                0x000002d0                TCC0_1_Handler
                0x000002d0                SERCOM1_3_Handler
                0x000002d0                EIC_6_Handler
                0x000002d0                OSCCTRL_1_Handler
                0x000002d0                SERCOM1_0_Handler
                0x000002d0                PUKCC_Handler
                0x000002d0                SERCOM2_1_Handler
                0x000002d0                SERCOM1_2_Handler
                0x000002d0                SERCOM3_0_Handler
                0x000002d0                EIC_1_Handler
                0x000002d0                SERCOM4_2_Handler
                0x000002d0                EVSYS_4_Handler
                0x000002d0                EIC_7_Handler
                0x000002d0                SERCOM5_2_Handler
                0x000002d0                SERCOM3_3_Handler
                0x000002d0                ADC0_1_Handler
                0x000002d0                SERCOM2_2_Handler
                0x000002d0                TCC3_1_Handler
                0x000002d0                EIC_14_Handler
                0x000002d0                DAC_1_Handler
                0x000002d0                MCLK_Handler
                0x000002d0                EVSYS_2_Handler
                0x000002d0                SUPC_0_Handler
                0x000002d0                BusFault_Handler
                0x000002d0                FREQM_Handler
                0x000002d0                TC0_Handler
                0x000002d0                TCC0_3_Handler
                0x000002d0                DMAC_3_Handler
                0x000002d0                DebugMonitor_Handler
                0x000002d0                TCC0_4_Handler
                0x000002d0                TC5_Handler
                0x000002d0                SERCOM2_0_Handler
                0x000002d0                AES_Handler
                0x000002d0                ICM_Handler
 *fill*         0x000002d2        0x2 
 .text.Reset_Handler
                0x000002d4       0x78 build/Release/production/_ext/1301743165/startup_samd51.o
                0x000002d4                Reset_Handler
 .text.USART_0_example
                0x0000034c       0x34 build/Release/production/_ext/1381494712/driver_examples.o
                0x0000034c                USART_0_example
 .text.atomic_enter_critical
                0x00000380        0xe build/Release/production/_ext/991121639/hal_atomic.o
                0x00000380                atomic_enter_critical
 .text.atomic_leave_critical
                0x0000038e        0xc build/Release/production/_ext/991121639/hal_atomic.o
                0x0000038e                atomic_leave_critical
 *fill*         0x0000039a        0x2 
 .text.cache_init
                0x0000039c        0x8 build/Release/production/_ext/991121639/hal_cache.o
                0x0000039c                cache_init
 .text.delay_init
                0x000003a4       0x10 build/Release/production/_ext/991121639/hal_delay.o
                0x000003a4                delay_init
 .text.delay_ms
                0x000003b4       0x24 build/Release/production/_ext/991121639/hal_delay.o
                0x000003b4                delay_ms
 .text.process_ext_irq
                0x000003d8       0x30 build/Release/production/_ext/991121639/hal_ext_irq.o
 .text.ext_irq_init
                0x00000408       0x20 build/Release/production/_ext/991121639/hal_ext_irq.o
                0x00000408                ext_irq_init
 .text.flash_ready
                0x00000428        0x8 build/Release/production/_ext/991121639/hal_flash.o
 .text.flash_error
                0x00000430        0x8 build/Release/production/_ext/991121639/hal_flash.o
 .text.flash_init
                0x00000438       0x20 build/Release/production/_ext/991121639/hal_flash.o
                0x00000438                flash_init
 .text.flash_read
                0x00000458       0x4c build/Release/production/_ext/991121639/hal_flash.o
                0x00000458                flash_read
 .text.flash_append
                0x000004a4       0x64 build/Release/production/_ext/991121639/hal_flash.o
                0x000004a4                flash_append
 .text.flash_erase
                0x00000508       0x60 build/Release/production/_ext/991121639/hal_flash.o
                0x00000508                flash_erase
 .text.flash_get_page_size
                0x00000568        0x8 build/Release/production/_ext/991121639/hal_flash.o
                0x00000568                flash_get_page_size
 .text.io_write
                0x00000570        0x4 build/Release/production/_ext/991121639/hal_io.o
                0x00000570                io_write
 .text.io_read  0x00000574        0x4 build/Release/production/_ext/991121639/hal_io.o
                0x00000574                io_read
 .text.rand_sync_init
                0x00000578        0x8 build/Release/production/_ext/991121639/hal_rand_sync.o
                0x00000578                rand_sync_init
 .text.usart_sync_write
                0x00000580       0x50 build/Release/production/_ext/991121639/hal_usart_sync.o
 .text.usart_sync_read
                0x000005d0       0x38 build/Release/production/_ext/991121639/hal_usart_sync.o
 .text.usart_sync_init
                0x00000608       0x24 build/Release/production/_ext/991121639/hal_usart_sync.o
                0x00000608                usart_sync_init
 .text.usart_sync_enable
                0x0000062c       0x10 build/Release/production/_ext/991121639/hal_usart_sync.o
                0x0000062c                usart_sync_enable
 .text.usart_sync_get_io_descriptor
                0x0000063c        0x6 build/Release/production/_ext/991121639/hal_usart_sync.o
                0x0000063c                usart_sync_get_io_descriptor
 *fill*         0x00000642        0x2 
 .text._usb_d_find_ep
                0x00000644       0x30 build/Release/production/_ext/991121639/hal_usb_device.o
 .text.usb_d_dummy_cb_false
                0x00000674        0x4 build/Release/production/_ext/991121639/hal_usb_device.o
 .text.usb_d_cb_trans_more
                0x00000678       0x30 build/Release/production/_ext/991121639/hal_usb_device.o
 .text._usb_d_cb_trans_done
                0x000006a8      0x108 build/Release/production/_ext/991121639/hal_usb_device.o
 .text.usb_d_cb_trans_setup
                0x000007b0       0x8c build/Release/production/_ext/991121639/hal_usb_device.o
 .text.usb_d_init
                0x0000083c       0x64 build/Release/production/_ext/991121639/hal_usb_device.o
                0x0000083c                usb_d_init
 .text._sbrk    0x000008a0       0x1c build/Release/production/_ext/447684357/utils_syscalls.o
                0x000008a0                _sbrk
 .text._close   0x000008bc        0x6 build/Release/production/_ext/447684357/utils_syscalls.o
                0x000008bc                _close
 .text._fstat   0x000008c2        0xa build/Release/production/_ext/447684357/utils_syscalls.o
                0x000008c2                _fstat
 .text._isatty  0x000008cc        0x4 build/Release/production/_ext/447684357/utils_syscalls.o
                0x000008cc                _isatty
 .text._lseek   0x000008d0        0x4 build/Release/production/_ext/447684357/utils_syscalls.o
                0x000008d0                _lseek
 .text._cmcc_enable
                0x000008d4       0x20 build/Release/production/_ext/232827772/hpl_cmcc.o
 .text._cmcc_disable
                0x000008f4       0x10 build/Release/production/_ext/232827772/hpl_cmcc.o
 .text._cmcc_init
                0x00000904       0x3c build/Release/production/_ext/232827772/hpl_cmcc.o
                0x00000904                _cmcc_init
 .text._get_cycles_for_ms
                0x00000940        0xc build/Release/production/_ext/232825383/hpl_core_m4.o
                0x00000940                _get_cycles_for_ms
 .text._init_chip
                0x0000094c       0x50 build/Release/production/_ext/232825383/hpl_init.o
                0x0000094c                _init_chip
 .text.hri_eic_wait_for_sync.constprop.6
                0x0000099c       0x10 build/Release/production/_ext/561698107/hpl_eic.o
 .text._ext_irq_init
                0x000009ac       0x6c build/Release/production/_ext/561698107/hpl_eic.o
                0x000009ac                _ext_irq_init
 .text._gclk_init_generators_by_fref
                0x00000a18       0x50 build/Release/production/_ext/232717931/hpl_gclk.o
                0x00000a18                _gclk_init_generators_by_fref
 .text._mclk_init
                0x00000a68        0xc build/Release/production/_ext/232539185/hpl_mclk.o
                0x00000a68                _mclk_init
 .text._flash_program
                0x00000a74       0x3c build/Release/production/_ext/1639645974/hpl_nvmctrl.o
 .text._flash_init
                0x00000ab0       0x4c build/Release/production/_ext/1639645974/hpl_nvmctrl.o
                0x00000ab0                _flash_init
 .text._flash_get_page_size
                0x00000afc        0x6 build/Release/production/_ext/1639645974/hpl_nvmctrl.o
                0x00000afc                _flash_get_page_size
 .text._flash_get_total_pages
                0x00000b02        0x8 build/Release/production/_ext/1639645974/hpl_nvmctrl.o
                0x00000b02                _flash_get_total_pages
 .text._flash_read
                0x00000b0a       0x1e build/Release/production/_ext/1639645974/hpl_nvmctrl.o
                0x00000b0a                _flash_read
 .text._flash_write
                0x00000b28       0xd0 build/Release/production/_ext/1639645974/hpl_nvmctrl.o
                0x00000b28                _flash_write
 .text._flash_append
                0x00000bf8       0x68 build/Release/production/_ext/1639645974/hpl_nvmctrl.o
                0x00000bf8                _flash_append
 .text._flash_erase
                0x00000c60       0xa8 build/Release/production/_ext/1639645974/hpl_nvmctrl.o
                0x00000c60                _flash_erase
 .text._flash_is_locked
                0x00000d08       0x18 build/Release/production/_ext/1639645974/hpl_nvmctrl.o
                0x00000d08                _flash_is_locked
 .text.NVMCTRL_1_Handler
                0x00000d20       0x2c build/Release/production/_ext/1639645974/hpl_nvmctrl.o
                0x00000d20                NVMCTRL_1_Handler
 .text.NVMCTRL_0_Handler
                0x00000d4c        0x8 build/Release/production/_ext/1639645974/hpl_nvmctrl.o
                0x00000d4c                NVMCTRL_0_Handler
 .text._osc32kctrl_init_sources
                0x00000d54       0x28 build/Release/production/_ext/833842894/hpl_osc32kctrl.o
                0x00000d54                _osc32kctrl_init_sources
 .text._oscctrl_init_sources
                0x00000d7c        0x2 build/Release/production/_ext/1862940304/hpl_oscctrl.o
                0x00000d7c                _oscctrl_init_sources
 *fill*         0x00000d7e        0x2 
 .text._oscctrl_init_referenced_generators
                0x00000d80      0x110 build/Release/production/_ext/1862940304/hpl_oscctrl.o
                0x00000d80                _oscctrl_init_referenced_generators
 .text.RAMECC_Handler
                0x00000e90       0x3c build/Release/production/_ext/9468513/hpl_ramecc.o
                0x00000e90                RAMECC_Handler
 .text.hri_sercomusart_wait_for_sync
                0x00000ecc        0x8 build/Release/production/_ext/41939163/hpl_sercom.o
 .text.hri_sercomusart_clear_CTRLA_ENABLE_bit
                0x00000ed4       0x14 build/Release/production/_ext/41939163/hpl_sercom.o
 .text._sercom_get_hardware_index
                0x00000ee8       0x34 build/Release/production/_ext/41939163/hpl_sercom.o
 .text._usart_init
                0x00000f1c       0xa0 build/Release/production/_ext/41939163/hpl_sercom.o
 .text._usart_sync_init
                0x00000fbc        0xc build/Release/production/_ext/41939163/hpl_sercom.o
                0x00000fbc                _usart_sync_init
 .text._usart_sync_enable
                0x00000fc8       0x14 build/Release/production/_ext/41939163/hpl_sercom.o
                0x00000fc8                _usart_sync_enable
 .text._usart_sync_write_byte
                0x00000fdc        0x6 build/Release/production/_ext/41939163/hpl_sercom.o
                0x00000fdc                _usart_sync_write_byte
 .text._usart_sync_read_byte
                0x00000fe2        0x8 build/Release/production/_ext/41939163/hpl_sercom.o
                0x00000fe2                _usart_sync_read_byte
 .text._usart_sync_is_ready_to_send
                0x00000fea        0xa build/Release/production/_ext/41939163/hpl_sercom.o
                0x00000fea                _usart_sync_is_ready_to_send
 .text._usart_sync_is_transmit_done
                0x00000ff4        0xa build/Release/production/_ext/41939163/hpl_sercom.o
                0x00000ff4                _usart_sync_is_transmit_done
 .text._usart_sync_is_byte_received
                0x00000ffe        0xa build/Release/production/_ext/41939163/hpl_sercom.o
                0x00000ffe                _usart_sync_is_byte_received
 .text._delay_init
                0x00001008       0x14 build/Release/production/_ext/1874121072/hpl_systick.o
                0x00001008                _delay_init
 .text._delay_cycles
                0x0000101c       0x38 build/Release/production/_ext/1874121072/hpl_systick.o
                0x0000101c                _delay_cycles
 .text._rand_sync_init
                0x00001054       0x28 build/Release/production/_ext/232316175/hpl_trng.o
                0x00001054                _rand_sync_init
 .text._dummy_func_no_return
                0x0000107c        0x4 build/Release/production/_ext/561682422/hpl_usb.o
 .text._usb_d_dev_wait_dfll_rdy
                0x00001080       0x24 build/Release/production/_ext/561682422/hpl_usb.o
 .text._usb_d_dev_ept
                0x000010a4       0x18 build/Release/production/_ext/561682422/hpl_usb.o
 .text._usb_d_dev_handle_setup
                0x000010bc       0x84 build/Release/production/_ext/561682422/hpl_usb.o
 .text._usb_d_dev_handle_stall
                0x00001140       0x28 build/Release/production/_ext/561682422/hpl_usb.o
 .text._usb_d_dev_trans_done
                0x00001168       0x24 build/Release/production/_ext/561682422/hpl_usb.o
 .text._usb_d_dev_trans_stop
                0x0000118c       0x64 build/Release/production/_ext/561682422/hpl_usb.o
 .text._usb_d_dev_handle_trfail
                0x000011f0       0xec build/Release/production/_ext/561682422/hpl_usb.o
 .text._usb_d_dev_reset_epts
                0x000012dc       0x3c build/Release/production/_ext/561682422/hpl_usb.o
 .text._usb_d_dev_in_next
                0x00001318      0x158 build/Release/production/_ext/561682422/hpl_usb.o
 .text._usb_d_dev_out_next
                0x00001470      0x1ac build/Release/production/_ext/561682422/hpl_usb.o
 .text._usb_d_dev_handler
                0x0000161c      0x1e4 build/Release/production/_ext/561682422/hpl_usb.o
 .text._usb_d_dev_init
                0x00001800       0xe8 build/Release/production/_ext/561682422/hpl_usb.o
                0x00001800                _usb_d_dev_init
 .text._usb_d_dev_ep_stall
                0x000018e8       0xe4 build/Release/production/_ext/561682422/hpl_usb.o
                0x000018e8                _usb_d_dev_ep_stall
 .text._usb_d_dev_ep_read_req
                0x000019cc       0x54 build/Release/production/_ext/561682422/hpl_usb.o
                0x000019cc                _usb_d_dev_ep_read_req
 .text._usb_d_dev_ep_trans
                0x00001a20      0x108 build/Release/production/_ext/561682422/hpl_usb.o
                0x00001a20                _usb_d_dev_ep_trans
 .text._usb_d_dev_register_ep_callback
                0x00001b28       0x2c build/Release/production/_ext/561682422/hpl_usb.o
                0x00001b28                _usb_d_dev_register_ep_callback
 .text.USB_0_Handler
                0x00001b54        0x8 build/Release/production/_ext/561682422/hpl_usb.o
                0x00001b54                USB_0_Handler
 .text.USB_1_Handler
                0x00001b5c        0x8 build/Release/production/_ext/561682422/hpl_usb.o
                0x00001b5c                USB_1_Handler
 .text.USB_2_Handler
                0x00001b64        0x8 build/Release/production/_ext/561682422/hpl_usb.o
                0x00001b64                USB_2_Handler
 .text.USB_3_Handler
                0x00001b6c        0x8 build/Release/production/_ext/561682422/hpl_usb.o
                0x00001b6c                USB_3_Handler
 .text._wdt_init
                0x00001b74       0x3e build/Release/production/_ext/561680947/hpl_wdt.o
                0x00001b74                _wdt_init
 *fill*         0x00001bb2        0x2 
 .text.nv_init  0x00001bb4        0xc build/Release/production/_ext/1902934654/nv_internal_flash_ultra.o
                0x00001bb4                nv_init
 .text.nv_write
                0x00001bc0       0x20 build/Release/production/_ext/1902934654/nv_internal_flash_ultra.o
                0x00001bc0                nv_write
 .text.nv_read  0x00001be0       0x20 build/Release/production/_ext/1902934654/nv_internal_flash_ultra.o
                0x00001be0                nv_read
 .text.nv_erase_sector
                0x00001c00       0x34 build/Release/production/_ext/1902934654/nv_internal_flash_ultra.o
                0x00001c00                nv_erase_sector
 .text.nv_is_equal
                0x00001c34       0x64 build/Release/production/_ext/1902934654/nv_internal_flash_ultra.o
                0x00001c34                nv_is_equal
 .text.nv_is_empty
                0x00001c98       0x6c build/Release/production/_ext/1902934654/nv_internal_flash_ultra.o
                0x00001c98                nv_is_empty
 .text.nv_align_next_access_address
                0x00001d04        0xe build/Release/production/_ext/1902934654/nv_internal_flash_ultra.o
                0x00001d04                nv_align_next_access_address
 *fill*         0x00001d12        0x2 
 .text.find_item
                0x00001d14       0x30 build/Release/production/_ext/1902934654/nv_storage.o
 .text.calculate_block_header_checksum
                0x00001d44       0x2a build/Release/production/_ext/1902934654/nv_storage.o
 *fill*         0x00001d6e        0x2 
 .text.write_and_verify
                0x00001d70       0x2c build/Release/production/_ext/1902934654/nv_storage.o
 .text.create_sector
                0x00001d9c       0xac build/Release/production/_ext/1902934654/nv_storage.o
 .text.nv_storage_init
                0x00001e48      0x14c build/Release/production/_ext/1902934654/nv_storage.o
                0x00001e48                nv_storage_init
 .text._read    0x00001f94       0x20 build/Release/production/_ext/565800185/read.o
                0x00001f94                _read
 .text._write   0x00001fb4       0x24 build/Release/production/_ext/565800185/write.o
                0x00001fb4                _write
 .text.stdio_io_init
                0x00001fd8       0x2c build/Release/production/_ext/433002239/stdio_io.o
                0x00001fd8                stdio_io_init
 .text.stdio_io_read
                0x00002004       0x1c build/Release/production/_ext/433002239/stdio_io.o
                0x00002004                stdio_io_read
 .text.stdio_io_write
                0x00002020       0x1c build/Release/production/_ext/433002239/stdio_io.o
                0x00002020                stdio_io_write
 .text.atmel_start_init
                0x0000203c       0x20 build/Release/production/_ext/1472/atmel_start.o
                0x0000203c                atmel_start_init
 .text.drawChar
                0x0000205c      0x198 build/Release/production/_ext/1472/console.o
                0x0000205c                drawChar
 .text.writeString
                0x000021f4       0x3c build/Release/production/_ext/1472/console.o
                0x000021f4                writeString
 .text.nullifyConsole
                0x00002230       0x44 build/Release/production/_ext/1472/console.o
                0x00002230                nullifyConsole
 .text._gpio_set_pin_function
                0x00002274       0x68 build/Release/production/_ext/1472/driver_init.o
 .text.EXTERNAL_IRQ_0_init
                0x000022dc       0x24 build/Release/production/_ext/1472/driver_init.o
                0x000022dc                EXTERNAL_IRQ_0_init
 .text.FLASH_0_CLOCK_init
                0x00002300       0x10 build/Release/production/_ext/1472/driver_init.o
                0x00002300                FLASH_0_CLOCK_init
 .text.FLASH_0_init
                0x00002310       0x24 build/Release/production/_ext/1472/driver_init.o
                0x00002310                FLASH_0_init
 .text.USART_0_PORT_init
                0x00002334       0x24 build/Release/production/_ext/1472/driver_init.o
                0x00002334                USART_0_PORT_init
 .text.USART_0_CLOCK_init
                0x00002358       0x24 build/Release/production/_ext/1472/driver_init.o
                0x00002358                USART_0_CLOCK_init
 .text.USART_0_init
                0x0000237c       0x2c build/Release/production/_ext/1472/driver_init.o
                0x0000237c                USART_0_init
 .text.TARGET_IO_PORT_init
                0x000023a8       0x20 build/Release/production/_ext/1472/driver_init.o
                0x000023a8                TARGET_IO_PORT_init
 .text.TARGET_IO_CLOCK_init
                0x000023c8       0x24 build/Release/production/_ext/1472/driver_init.o
                0x000023c8                TARGET_IO_CLOCK_init
 .text.TARGET_IO_init
                0x000023ec       0x2c build/Release/production/_ext/1472/driver_init.o
                0x000023ec                TARGET_IO_init
 .text.USART_1_PORT_init
                0x00002418       0x24 build/Release/production/_ext/1472/driver_init.o
                0x00002418                USART_1_PORT_init
 .text.USART_1_CLOCK_init
                0x0000243c       0x24 build/Release/production/_ext/1472/driver_init.o
                0x0000243c                USART_1_CLOCK_init
 .text.USART_1_init
                0x00002460       0x2c build/Release/production/_ext/1472/driver_init.o
                0x00002460                USART_1_init
 .text.delay_driver_init
                0x0000248c       0x10 build/Release/production/_ext/1472/driver_init.o
                0x0000248c                delay_driver_init
 .text.RAND_0_CLOCK_init
                0x0000249c       0x10 build/Release/production/_ext/1472/driver_init.o
                0x0000249c                RAND_0_CLOCK_init
 .text.RAND_0_init
                0x000024ac       0x24 build/Release/production/_ext/1472/driver_init.o
                0x000024ac                RAND_0_init
 .text.USB_0_PORT_init
                0x000024d0       0x68 build/Release/production/_ext/1472/driver_init.o
                0x000024d0                USB_0_PORT_init
 .text.USB_0_CLOCK_init
                0x00002538       0x24 build/Release/production/_ext/1472/driver_init.o
                0x00002538                USB_0_CLOCK_init
 .text.USB_0_init
                0x0000255c       0x20 build/Release/production/_ext/1472/driver_init.o
                0x0000255c                USB_0_init
 .text.WDT_0_CLOCK_init
                0x0000257c       0x10 build/Release/production/_ext/1472/driver_init.o
                0x0000257c                WDT_0_CLOCK_init
 .text.WDT_0_init
                0x0000258c       0x24 build/Release/production/_ext/1472/driver_init.o
                0x0000258c                WDT_0_init
 .text.system_init
                0x000025b0       0x58 build/Release/production/_ext/1472/driver_init.o
                0x000025b0                system_init
 .text.setColorRGB
                0x00002608       0x24 build/Release/production/_ext/1472/LCD.o
                0x00002608                setColorRGB
 .text.setColorHex
                0x0000262c       0x18 build/Release/production/_ext/1472/LCD.o
                0x0000262c                setColorHex
 .text.setBackColorRGB
                0x00002644       0x24 build/Release/production/_ext/1472/LCD.o
                0x00002644                setBackColorRGB
 .text.setBackColorHex
                0x00002668       0x18 build/Release/production/_ext/1472/LCD.o
                0x00002668                setBackColorHex
 .text.LCD_Fast_Fill
                0x00002680       0x60 build/Release/production/_ext/1472/LCD.o
                0x00002680                LCD_Fast_Fill
 .text.setXY    0x000026e0       0x7c build/Release/production/_ext/1472/LCD.o
                0x000026e0                setXY
 .text.fillRect
                0x0000275c       0x7c build/Release/production/_ext/1472/LCD.o
                0x0000275c                fillRect
 .text.clrXY    0x000027d8       0x20 build/Release/production/_ext/1472/LCD.o
                0x000027d8                clrXY
 .text.clrScr   0x000027f8       0x14 build/Release/production/_ext/1472/LCD.o
                0x000027f8                clrScr
 .text.setPixel
                0x0000280c        0xc build/Release/production/_ext/1472/LCD.o
                0x0000280c                setPixel
 .text.clearScreen
                0x00002818       0x30 build/Release/production/_ext/1472/LCD.o
                0x00002818                clearScreen
 .text.LCD_Write_Bus
                0x00002848       0x24 build/Release/production/_ext/1472/LCDBus.o
                0x00002848                LCD_Write_Bus
 .text.LCD_Write_COM16
                0x0000286c       0x14 build/Release/production/_ext/1472/LCDBus.o
                0x0000286c                LCD_Write_COM16
 .text.LCD_Write_DATA16
                0x00002880       0x14 build/Release/production/_ext/1472/LCDBus.o
                0x00002880                LCD_Write_DATA16
 .text.LCD_Write_DATA8
                0x00002894       0x18 build/Release/production/_ext/1472/LCDBus.o
                0x00002894                LCD_Write_DATA8
 .text.InitLCD  0x000028ac      0x240 build/Release/production/_ext/1472/LCDBus.o
                0x000028ac                InitLCD
 .text.startup.main
                0x00002aec       0x34 build/Release/production/_ext/1472/main.o
                0x00002aec                main
 .text.persistent_storage_init
                0x00002b20       0x1c build/Release/production/_ext/1472/persistent_storage_start.o
                0x00002b20                persistent_storage_init
 .text.drawKare
                0x00002b3c       0xf4 build/Release/production/_ext/1472/splash.o
                0x00002b3c                drawKare
 .text.splashScreen
                0x00002c30      0x258 build/Release/production/_ext/1472/splash.o
                0x00002c30                splashScreen
 .text.stdio_redirect_init
                0x00002e88       0x20 build/Release/production/_ext/1472/stdio_start.o
                0x00002e88                stdio_redirect_init
 .text.__libc_init_array
                0x00002ea8       0x48 c:/program files (x86)/atmel/studio/7.0/toolchain/arm/arm-gnu-toolchain/bin/../lib/gcc/arm-none-eabi/6.3.1/../../../../arm-none-eabi/lib/thumb/v7e-m\libc_nano.a(lib_a-init.o)
                0x00002ea8                __libc_init_array
 .text.memcmp   0x00002ef0       0x1e c:/program files (x86)/atmel/studio/7.0/toolchain/arm/arm-gnu-toolchain/bin/../lib/gcc/arm-none-eabi/6.3.1/../../../../arm-none-eabi/lib/thumb/v7e-m\libc_nano.a(lib_a-memcmp.o)
                0x00002ef0                memcmp
 .text.memcpy   0x00002f0e       0x16 c:/program files (x86)/atmel/studio/7.0/toolchain/arm/arm-gnu-toolchain/bin/../lib/gcc/arm-none-eabi/6.3.1/../../../../arm-none-eabi/lib/thumb/v7e-m\libc_nano.a(lib_a-memcpy-stub.o)
                0x00002f0e                memcpy
 .text.memset   0x00002f24       0x10 c:/program files (x86)/atmel/studio/7.0/toolchain/arm/arm-gnu-toolchain/bin/../lib/gcc/arm-none-eabi/6.3.1/../../../../arm-none-eabi/lib/thumb/v7e-m\libc_nano.a(lib_a-memset.o)
                0x00002f24                memset
 .text.printf   0x00002f34       0x30 c:/program files (x86)/atmel/studio/7.0/toolchain/arm/arm-gnu-toolchain/bin/../lib/gcc/arm-none-eabi/6.3.1/../../../../arm-none-eabi/lib/thumb/v7e-m\libc_nano.a(lib_a-printf.o)
                0x00002f34                iprintf
                0x00002f34                printf
 .text.rand     0x00002f64       0x74 c:/program files (x86)/atmel/studio/7.0/toolchain/arm/arm-gnu-toolchain/bin/../lib/gcc/arm-none-eabi/6.3.1/../../../../arm-none-eabi/lib/thumb/v7e-m\libc_nano.a(lib_a-rand.o)
                0x00002f64                rand
 .text.setbuf   0x00002fd8       0x10 c:/program files (x86)/atmel/studio/7.0/toolchain/arm/arm-gnu-toolchain/bin/../lib/gcc/arm-none-eabi/6.3.1/../../../../arm-none-eabi/lib/thumb/v7e-m\libc_nano.a(lib_a-setbuf.o)
                0x00002fd8                setbuf
 .text.setvbuf  0x00002fe8      0x15c c:/program files (x86)/atmel/studio/7.0/toolchain/arm/arm-gnu-toolchain/bin/../lib/gcc/arm-none-eabi/6.3.1/../../../../arm-none-eabi/lib/thumb/v7e-m\libc_nano.a(lib_a-setvbuf.o)
                0x00002fe8                setvbuf
 .text          0x00003144       0x10 c:/program files (x86)/atmel/studio/7.0/toolchain/arm/arm-gnu-toolchain/bin/../lib/gcc/arm-none-eabi/6.3.1/../../../../arm-none-eabi/lib/thumb/v7e-m\libc_nano.a(lib_a-strlen.o)
                0x00003144                strlen
 .text.__swbuf_r
                0x00003154       0xa4 c:/program files (x86)/atmel/studio/7.0/toolchain/arm/arm-gnu-toolchain/bin/../lib/gcc/arm-none-eabi/6.3.1/../../../../arm-none-eabi/lib/thumb/v7e-m\libc_nano.a(lib_a-wbuf.o)
                0x00003154                __swbuf_r
 .text.__swsetup_r
                0x000031f8       0xdc c:/program files (x86)/atmel/studio/7.0/toolchain/arm/arm-gnu-toolchain/bin/../lib/gcc/arm-none-eabi/6.3.1/../../../../arm-none-eabi/lib/thumb/v7e-m\libc_nano.a(lib_a-wsetup.o)
                0x000031f8                __swsetup_r
 .text.__sflush_r
                0x000032d4      0x110 c:/program files (x86)/atmel/studio/7.0/toolchain/arm/arm-gnu-toolchain/bin/../lib/gcc/arm-none-eabi/6.3.1/../../../../arm-none-eabi/lib/thumb/v7e-m\libc_nano.a(lib_a-fflush.o)
                0x000032d4                __sflush_r
 .text._fflush_r
                0x000033e4       0x54 c:/program files (x86)/atmel/studio/7.0/toolchain/arm/arm-gnu-toolchain/bin/../lib/gcc/arm-none-eabi/6.3.1/../../../../arm-none-eabi/lib/thumb/v7e-m\libc_nano.a(lib_a-fflush.o)
                0x000033e4                _fflush_r
 .text._cleanup_r
                0x00003438        0xc c:/program files (x86)/atmel/studio/7.0/toolchain/arm/arm-gnu-toolchain/bin/../lib/gcc/arm-none-eabi/6.3.1/../../../../arm-none-eabi/lib/thumb/v7e-m\libc_nano.a(lib_a-findfp.o)
                0x00003438                _cleanup_r
 .text.std.isra.0
                0x00003444       0x48 c:/program files (x86)/atmel/studio/7.0/toolchain/arm/arm-gnu-toolchain/bin/../lib/gcc/arm-none-eabi/6.3.1/../../../../arm-none-eabi/lib/thumb/v7e-m\libc_nano.a(lib_a-findfp.o)
 .text.__sfmoreglue
                0x0000348c       0x2c c:/program files (x86)/atmel/studio/7.0/toolchain/arm/arm-gnu-toolchain/bin/../lib/gcc/arm-none-eabi/6.3.1/../../../../arm-none-eabi/lib/thumb/v7e-m\libc_nano.a(lib_a-findfp.o)
                0x0000348c                __sfmoreglue
 .text.__sinit  0x000034b8       0x60 c:/program files (x86)/atmel/studio/7.0/toolchain/arm/arm-gnu-toolchain/bin/../lib/gcc/arm-none-eabi/6.3.1/../../../../arm-none-eabi/lib/thumb/v7e-m\libc_nano.a(lib_a-findfp.o)
                0x000034b8                __sinit
 .text.__sfp    0x00003518       0x78 c:/program files (x86)/atmel/studio/7.0/toolchain/arm/arm-gnu-toolchain/bin/../lib/gcc/arm-none-eabi/6.3.1/../../../../arm-none-eabi/lib/thumb/v7e-m\libc_nano.a(lib_a-findfp.o)
                0x00003518                __sfp
 .text._fwalk_reent
                0x00003590       0x3c c:/program files (x86)/atmel/studio/7.0/toolchain/arm/arm-gnu-toolchain/bin/../lib/gcc/arm-none-eabi/6.3.1/../../../../arm-none-eabi/lib/thumb/v7e-m\libc_nano.a(lib_a-fwalk.o)
                0x00003590                _fwalk_reent
 .text.__swhatbuf_r
                0x000035cc       0x48 c:/program files (x86)/atmel/studio/7.0/toolchain/arm/arm-gnu-toolchain/bin/../lib/gcc/arm-none-eabi/6.3.1/../../../../arm-none-eabi/lib/thumb/v7e-m\libc_nano.a(lib_a-makebuf.o)
                0x000035cc                __swhatbuf_r
 .text.__smakebuf_r
                0x00003614       0x80 c:/program files (x86)/atmel/studio/7.0/toolchain/arm/arm-gnu-toolchain/bin/../lib/gcc/arm-none-eabi/6.3.1/../../../../arm-none-eabi/lib/thumb/v7e-m\libc_nano.a(lib_a-makebuf.o)
                0x00003614                __smakebuf_r
 .text.malloc   0x00003694       0x10 c:/program files (x86)/atmel/studio/7.0/toolchain/arm/arm-gnu-toolchain/bin/../lib/gcc/arm-none-eabi/6.3.1/../../../../arm-none-eabi/lib/thumb/v7e-m\libc_nano.a(lib_a-malloc.o)
                0x00003694                malloc
 .text._free_r  0x000036a4       0x9c c:/program files (x86)/atmel/studio/7.0/toolchain/arm/arm-gnu-toolchain/bin/../lib/gcc/arm-none-eabi/6.3.1/../../../../arm-none-eabi/lib/thumb/v7e-m\libc_nano.a(lib_a-nano-freer.o)
                0x000036a4                _free_r
 .text._malloc_r
                0x00003740       0xbc c:/program files (x86)/atmel/studio/7.0/toolchain/arm/arm-gnu-toolchain/bin/../lib/gcc/arm-none-eabi/6.3.1/../../../../arm-none-eabi/lib/thumb/v7e-m\libc_nano.a(lib_a-nano-mallocr.o)
                0x00003740                _malloc_r
 .text.__sfputc_r
                0x000037fc       0x2c c:/program files (x86)/atmel/studio/7.0/toolchain/arm/arm-gnu-toolchain/bin/../lib/gcc/arm-none-eabi/6.3.1/../../../../arm-none-eabi/lib/thumb/v7e-m\libc_nano.a(lib_a-nano-vfprintf.o)
 .text.__sfputs_r
                0x00003828       0x24 c:/program files (x86)/atmel/studio/7.0/toolchain/arm/arm-gnu-toolchain/bin/../lib/gcc/arm-none-eabi/6.3.1/../../../../arm-none-eabi/lib/thumb/v7e-m\libc_nano.a(lib_a-nano-vfprintf.o)
                0x00003828                __sfputs_r
 .text._vfprintf_r
                0x0000384c      0x22c c:/program files (x86)/atmel/studio/7.0/toolchain/arm/arm-gnu-toolchain/bin/../lib/gcc/arm-none-eabi/6.3.1/../../../../arm-none-eabi/lib/thumb/v7e-m\libc_nano.a(lib_a-nano-vfprintf.o)
                0x0000384c                _vfprintf_r
                0x0000384c                _vfiprintf_r
 .text._printf_common
                0x00003a78       0xec c:/program files (x86)/atmel/studio/7.0/toolchain/arm/arm-gnu-toolchain/bin/../lib/gcc/arm-none-eabi/6.3.1/../../../../arm-none-eabi/lib/thumb/v7e-m\libc_nano.a(lib_a-nano-vfprintf_i.o)
                0x00003a78                _printf_common
 .text._printf_i
                0x00003b64      0x240 c:/program files (x86)/atmel/studio/7.0/toolchain/arm/arm-gnu-toolchain/bin/../lib/gcc/arm-none-eabi/6.3.1/../../../../arm-none-eabi/lib/thumb/v7e-m\libc_nano.a(lib_a-nano-vfprintf_i.o)
                0x00003b64                _printf_i
 .text._sbrk_r  0x00003da4       0x20 c:/program files (x86)/atmel/studio/7.0/toolchain/arm/arm-gnu-toolchain/bin/../lib/gcc/arm-none-eabi/6.3.1/../../../../arm-none-eabi/lib/thumb/v7e-m\libc_nano.a(lib_a-sbrkr.o)
                0x00003da4                _sbrk_r
 .text.__sread  0x00003dc4       0x22 c:/program files (x86)/atmel/studio/7.0/toolchain/arm/arm-gnu-toolchain/bin/../lib/gcc/arm-none-eabi/6.3.1/../../../../arm-none-eabi/lib/thumb/v7e-m\libc_nano.a(lib_a-stdio.o)
                0x00003dc4                __sread
 .text.__swrite
                0x00003de6       0x38 c:/program files (x86)/atmel/studio/7.0/toolchain/arm/arm-gnu-toolchain/bin/../lib/gcc/arm-none-eabi/6.3.1/../../../../arm-none-eabi/lib/thumb/v7e-m\libc_nano.a(lib_a-stdio.o)
                0x00003de6                __swrite
 .text.__sseek  0x00003e1e       0x24 c:/program files (x86)/atmel/studio/7.0/toolchain/arm/arm-gnu-toolchain/bin/../lib/gcc/arm-none-eabi/6.3.1/../../../../arm-none-eabi/lib/thumb/v7e-m\libc_nano.a(lib_a-stdio.o)
                0x00003e1e                __sseek
 .text.__sclose
                0x00003e42        0x8 c:/program files (x86)/atmel/studio/7.0/toolchain/arm/arm-gnu-toolchain/bin/../lib/gcc/arm-none-eabi/6.3.1/../../../../arm-none-eabi/lib/thumb/v7e-m\libc_nano.a(lib_a-stdio.o)
                0x00003e42                __sclose
 *fill*         0x00003e4a        0x2 
 .text._write_r
                0x00003e4c       0x24 c:/program files (x86)/atmel/studio/7.0/toolchain/arm/arm-gnu-toolchain/bin/../lib/gcc/arm-none-eabi/6.3.1/../../../../arm-none-eabi/lib/thumb/v7e-m\libc_nano.a(lib_a-writer.o)
                0x00003e4c                _write_r
 .text._close_r
                0x00003e70       0x20 c:/program files (x86)/atmel/studio/7.0/toolchain/arm/arm-gnu-toolchain/bin/../lib/gcc/arm-none-eabi/6.3.1/../../../../arm-none-eabi/lib/thumb/v7e-m\libc_nano.a(lib_a-closer.o)
                0x00003e70                _close_r
 .text._fstat_r
                0x00003e90       0x24 c:/program files (x86)/atmel/studio/7.0/toolchain/arm/arm-gnu-toolchain/bin/../lib/gcc/arm-none-eabi/6.3.1/../../../../arm-none-eabi/lib/thumb/v7e-m\libc_nano.a(lib_a-fstatr.o)
                0x00003e90                _fstat_r
 .text._isatty_r
                0x00003eb4       0x20 c:/program files (x86)/atmel/studio/7.0/toolchain/arm/arm-gnu-toolchain/bin/../lib/gcc/arm-none-eabi/6.3.1/../../../../arm-none-eabi/lib/thumb/v7e-m\libc_nano.a(lib_a-isattyr.o)
                0x00003eb4                _isatty_r
 .text._lseek_r
                0x00003ed4       0x24 c:/program files (x86)/atmel/studio/7.0/toolchain/arm/arm-gnu-toolchain/bin/../lib/gcc/arm-none-eabi/6.3.1/../../../../arm-none-eabi/lib/thumb/v7e-m\libc_nano.a(lib_a-lseekr.o)
                0x00003ed4                _lseek_r
 *fill*         0x00003ef8        0x8 
 .text          0x00003f00       0xa0 c:/program files (x86)/atmel/studio/7.0/toolchain/arm/arm-gnu-toolchain/bin/../lib/gcc/arm-none-eabi/6.3.1/../../../../arm-none-eabi/lib/thumb/v7e-m\libc_nano.a(lib_a-memchr.o)
                0x00003f00                memchr
 .text.__malloc_lock
                0x00003fa0        0x2 c:/program files (x86)/atmel/studio/7.0/toolchain/arm/arm-gnu-toolchain/bin/../lib/gcc/arm-none-eabi/6.3.1/../../../../arm-none-eabi/lib/thumb/v7e-m\libc_nano.a(lib_a-mlock.o)
                0x00003fa0                __malloc_lock
 .text.__malloc_unlock
                0x00003fa2        0x2 c:/program files (x86)/atmel/studio/7.0/toolchain/arm/arm-gnu-toolchain/bin/../lib/gcc/arm-none-eabi/6.3.1/../../../../arm-none-eabi/lib/thumb/v7e-m\libc_nano.a(lib_a-mlock.o)
                0x00003fa2                __malloc_unlock
 .text._read_r  0x00003fa4       0x24 c:/program files (x86)/atmel/studio/7.0/toolchain/arm/arm-gnu-toolchain/bin/../lib/gcc/arm-none-eabi/6.3.1/../../../../arm-none-eabi/lib/thumb/v7e-m\libc_nano.a(lib_a-readr.o)
                0x00003fa4                _read_r
 *(.glue_7t)
 .glue_7t       0x00003fc8        0x0 linker stubs
 *(.glue_7)
 .glue_7        0x00003fc8        0x0 linker stubs
 *(.rodata .rodata* .gnu.linkonce.r.*)
 .rodata.str1.1
                0x00003fc8        0xd build/Release/production/_ext/1381494712/driver_examples.o
 *fill*         0x00003fd5        0x3 
 .rodata        0x00003fd8       0x80 build/Release/production/_ext/41939163/hpl_sercom.o
 .rodata.str1.1
                0x00004058        0x8 build/Release/production/_ext/1902934654/nv_storage.o
 .rodata        0x00004060     0x1900 build/Release/production/_ext/1472/console.o
 .rodata        0x00005960      0x106 build/Release/production/_ext/1472/LCDBus.o
 .rodata.str1.1
                0x00005a66       0x15 build/Release/production/_ext/1472/main.o
 *fill*         0x00005a7b        0x1 
 .rodata        0x00005a7c      0x100 build/Release/production/_ext/1472/splash.o
 .rodata.str1.1
                0x00005b7c      0x39c build/Release/production/_ext/1472/splash.o
 .rodata._global_impure_ptr
                0x00005f18        0x4 c:/program files (x86)/atmel/studio/7.0/toolchain/arm/arm-gnu-toolchain/bin/../lib/gcc/arm-none-eabi/6.3.1/../../../../arm-none-eabi/lib/thumb/v7e-m\libc_nano.a(lib_a-impure.o)
                0x00005f18                _global_impure_ptr
 .rodata.__sf_fake_stderr
                0x00005f1c       0x20 c:/program files (x86)/atmel/studio/7.0/toolchain/arm/arm-gnu-toolchain/bin/../lib/gcc/arm-none-eabi/6.3.1/../../../../arm-none-eabi/lib/thumb/v7e-m\libc_nano.a(lib_a-findfp.o)
                0x00005f1c                __sf_fake_stderr
 .rodata.__sf_fake_stdin
                0x00005f3c       0x20 c:/program files (x86)/atmel/studio/7.0/toolchain/arm/arm-gnu-toolchain/bin/../lib/gcc/arm-none-eabi/6.3.1/../../../../arm-none-eabi/lib/thumb/v7e-m\libc_nano.a(lib_a-findfp.o)
                0x00005f3c                __sf_fake_stdin
 .rodata.__sf_fake_stdout
                0x00005f5c       0x20 c:/program files (x86)/atmel/studio/7.0/toolchain/arm/arm-gnu-toolchain/bin/../lib/gcc/arm-none-eabi/6.3.1/../../../../arm-none-eabi/lib/thumb/v7e-m\libc_nano.a(lib_a-findfp.o)
                0x00005f5c                __sf_fake_stdout
 .rodata._vfprintf_r.str1.1
                0x00005f7c       0x11 c:/program files (x86)/atmel/studio/7.0/toolchain/arm/arm-gnu-toolchain/bin/../lib/gcc/arm-none-eabi/6.3.1/../../../../arm-none-eabi/lib/thumb/v7e-m\libc_nano.a(lib_a-nano-vfprintf.o)
 .rodata._printf_i.str1.1
                0x00005f8d       0x22 c:/program files (x86)/atmel/studio/7.0/toolchain/arm/arm-gnu-toolchain/bin/../lib/gcc/arm-none-eabi/6.3.1/../../../../arm-none-eabi/lib/thumb/v7e-m\libc_nano.a(lib_a-nano-vfprintf_i.o)
 *(.ARM.extab* .gnu.linkonce.armextab.*)
                0x00005fb0                . = ALIGN (0x4)
 *fill*         0x00005faf        0x1 
 *(.init)
 .init          0x00005fb0        0x4 c:/program files (x86)/atmel/studio/7.0/toolchain/arm/arm-gnu-toolchain/bin/../lib/gcc/arm-none-eabi/6.3.1/thumb/v7e-m/crti.o
                0x00005fb0                _init
 .init          0x00005fb4        0x8 c:/program files (x86)/atmel/studio/7.0/toolchain/arm/arm-gnu-toolchain/bin/../lib/gcc/arm-none-eabi/6.3.1/thumb/v7e-m/crtn.o
                0x00005fbc                . = ALIGN (0x4)
                0x00005fbc                __preinit_array_start = .
 *(.preinit_array)
                0x00005fbc                __preinit_array_end = .
                0x00005fbc                . = ALIGN (0x4)
                0x00005fbc                __init_array_start = .
 *(SORT(.init_array.*))
 *(.init_array)
 .init_array    0x00005fbc        0x4 c:/program files (x86)/atmel/studio/7.0/toolchain/arm/arm-gnu-toolchain/bin/../lib/gcc/arm-none-eabi/6.3.1/thumb/v7e-m/crtbegin.o
                0x00005fc0                __init_array_end = .
                0x00005fc0                . = ALIGN (0x4)
 *crtbegin.o(.ctors)
 *(EXCLUDE_FILE(*crtend.o) .ctors)
 *(SORT(.ctors.*))
 *crtend.o(.ctors)
                0x00005fc0                . = ALIGN (0x4)
 *(.fini)
 .fini          0x00005fc0        0x4 c:/program files (x86)/atmel/studio/7.0/toolchain/arm/arm-gnu-toolchain/bin/../lib/gcc/arm-none-eabi/6.3.1/thumb/v7e-m/crti.o
                0x00005fc0                _fini
 .fini          0x00005fc4        0x8 c:/program files (x86)/atmel/studio/7.0/toolchain/arm/arm-gnu-toolchain/bin/../lib/gcc/arm-none-eabi/6.3.1/thumb/v7e-m/crtn.o
                0x00005fcc                . = ALIGN (0x4)
                0x00005fcc                __fini_array_start = .
 *(.fini_array)
 .fini_array    0x00005fcc        0x4 c:/program files (x86)/atmel/studio/7.0/toolchain/arm/arm-gnu-toolchain/bin/../lib/gcc/arm-none-eabi/6.3.1/thumb/v7e-m/crtbegin.o
 *(SORT(.fini_array.*))
                0x00005fd0                __fini_array_end = .
 *crtbegin.o(.dtors)
 *(EXCLUDE_FILE(*crtend.o) .dtors)
 *(SORT(.dtors.*))
 *crtend.o(.dtors)
                0x00005fd0                . = ALIGN (0x4)
                0x00005fd0                _efixed = .
                [!provide]                PROVIDE (__exidx_start, .)

.vfp11_veneer   0x00005fd0        0x0
 .vfp11_veneer  0x00005fd0        0x0 linker stubs

.v4_bx          0x00005fd0        0x0
 .v4_bx         0x00005fd0        0x0 linker stubs

.iplt           0x00005fd0        0x0
 .iplt          0x00005fd0        0x0 c:/program files (x86)/atmel/studio/7.0/toolchain/arm/arm-gnu-toolchain/bin/../lib/gcc/arm-none-eabi/6.3.1/thumb/v7e-m/crtbegin.o

.eh_frame       0x00005fd0        0x0
 .eh_frame      0x00005fd0        0x0 c:/program files (x86)/atmel/studio/7.0/toolchain/arm/arm-gnu-toolchain/bin/../lib/gcc/arm-none-eabi/6.3.1/thumb/v7e-m/crtbegin.o

.rel.dyn        0x00005fd0        0x0
 .rel.iplt      0x00005fd0        0x0 c:/program files (x86)/atmel/studio/7.0/toolchain/arm/arm-gnu-toolchain/bin/../lib/gcc/arm-none-eabi/6.3.1/thumb/v7e-m/crtbegin.o

.jcr            0x00005fd0        0x0
 .jcr           0x00005fd0        0x0 c:/program files (x86)/atmel/studio/7.0/toolchain/arm/arm-gnu-toolchain/bin/../lib/gcc/arm-none-eabi/6.3.1/thumb/v7e-m/crtbegin.o

.igot.plt       0x00005fd0        0x0
 .igot.plt      0x00005fd0        0x0 c:/program files (x86)/atmel/studio/7.0/toolchain/arm/arm-gnu-toolchain/bin/../lib/gcc/arm-none-eabi/6.3.1/thumb/v7e-m/crtbegin.o

.ARM.exidx
 *(.ARM.exidx* .gnu.linkonce.armexidx.*)
                [!provide]                PROVIDE (__exidx_end, .)
                0x00005fd0                . = ALIGN (0x4)
                0x00005fd0                _etext = .

.relocate       0x20000000       0x9c load address 0x00005fd0
                0x20000000                . = ALIGN (0x4)
                0x20000000                _srelocate = .
 *(.ramfunc .ramfunc.*)
 *(.data .data.*)
 .data          0x20000000        0x4 build/Release/production/_ext/1472/LCD.o
                0x20000000                display_Y_size
                0x20000002                display_X_size
 .data          0x20000004       0x33 build/Release/production/_ext/1472/main.o
                0x20000004                versionLabel
                0x20000014                compileTime
                0x2000002e                defaultForegroundColor
                0x20000030                lineFeedNewLine
                0x20000034                autoWrap
                0x20000035                lineFeed
                0x20000036                localEcho
 *fill*         0x20000037        0x1 
 .data._impure_ptr
                0x20000038        0x4 c:/program files (x86)/atmel/studio/7.0/toolchain/arm/arm-gnu-toolchain/bin/../lib/gcc/arm-none-eabi/6.3.1/../../../../arm-none-eabi/lib/thumb/v7e-m\libc_nano.a(lib_a-impure.o)
                0x20000038                _impure_ptr
 .data.impure_data
                0x2000003c       0x60 c:/program files (x86)/atmel/studio/7.0/toolchain/arm/arm-gnu-toolchain/bin/../lib/gcc/arm-none-eabi/6.3.1/../../../../arm-none-eabi/lib/thumb/v7e-m\libc_nano.a(lib_a-impure.o)
                0x2000009c                . = ALIGN (0x4)
                0x2000009c                _erelocate = .

.bkupram        0x47000000        0x0
                0x47000000                . = ALIGN (0x8)
                0x47000000                _sbkupram = .
 *(.bkupram .bkupram.*)
                0x47000000                . = ALIGN (0x8)
                0x47000000                _ebkupram = .

.qspi           0x04000000        0x0
                0x04000000                . = ALIGN (0x8)
                0x04000000                _sqspi = .
 *(.qspi .qspi.*)
                0x04000000                . = ALIGN (0x8)
                0x04000000                _eqspi = .

.bss            0x2000009c     0x30d4 load address 0x0000606c
                0x2000009c                . = ALIGN (0x4)
                0x2000009c                _sbss = .
                0x2000009c                _szero = .
 *(.bss .bss.*)
 .bss           0x2000009c       0x1c c:/program files (x86)/atmel/studio/7.0/toolchain/arm/arm-gnu-toolchain/bin/../lib/gcc/arm-none-eabi/6.3.1/thumb/v7e-m/crtbegin.o
 .bss           0x200000b8        0x4 build/Release/production/_ext/991121639/hal_delay.o
 .bss           0x200000bc        0x8 build/Release/production/_ext/991121639/hal_ext_irq.o
 .bss           0x200000c4       0x80 build/Release/production/_ext/991121639/hal_usb_device.o
 .bss           0x20000144        0x4 build/Release/production/_ext/447684357/utils_syscalls.o
 .bss           0x20000148        0x4 build/Release/production/_ext/1639645974/hpl_nvmctrl.o
 .bss           0x2000014c      0x1e8 build/Release/production/_ext/561682422/hpl_usb.o
 .bss           0x20000334        0x4 build/Release/production/_ext/1902934654/nv_internal_flash_ultra.o
 .bss           0x20000338       0x2e build/Release/production/_ext/1902934654/nv_storage.o
 *fill*         0x20000366        0x2 
 .bss           0x20000368        0x4 build/Release/production/_ext/433002239/stdio_io.o
 .bss           0x2000036c        0x5 build/Release/production/_ext/1472/console.o
                0x2000036c                xCharPos
                0x2000036e                yCharPos
                0x20000370                originMode
 *fill*         0x20000371        0x1 
 .bss           0x20000372        0x3 build/Release/production/_ext/1472/main.o
                0x20000372                defaultBackgroundColor
                0x20000374                breakEnable
 *fill*         0x20000375        0x3 
 .bss           0x20000378       0x80 build/Release/production/_ext/1472/splash.o
 .bss.__malloc_free_list
                0x200003f8        0x4 c:/program files (x86)/atmel/studio/7.0/toolchain/arm/arm-gnu-toolchain/bin/../lib/gcc/arm-none-eabi/6.3.1/../../../../arm-none-eabi/lib/thumb/v7e-m\libc_nano.a(lib_a-nano-mallocr.o)
                0x200003f8                __malloc_free_list
 .bss.__malloc_sbrk_start
                0x200003fc        0x4 c:/program files (x86)/atmel/studio/7.0/toolchain/arm/arm-gnu-toolchain/bin/../lib/gcc/arm-none-eabi/6.3.1/../../../../arm-none-eabi/lib/thumb/v7e-m\libc_nano.a(lib_a-nano-mallocr.o)
                0x200003fc                __malloc_sbrk_start
 *(COMMON)
 COMMON         0x20000400       0x10 build/Release/production/_ext/9468513/hpl_ramecc.o
                0x20000400                device
 COMMON         0x20000410     0x2d06 build/Release/production/_ext/1472/console.o
                0x20000410                capsLock
                0x20000411                consoleDisplay
                0x20000b91                consoleSGR
                0x20001314                consoleColors
                0x20003114                scrollLock
                0x20003115                sPoNgEbObCaSe
 *fill*         0x20003116        0x2 
 COMMON         0x20003118       0x4c build/Release/production/_ext/1472/driver_init.o
                0x20003118                FLASH_0
                0x20003134                TARGET_IO
                0x20003140                RAND_0
                0x20003148                WDT_0
                0x2000314c                USART_0
                0x20003158                USART_1
 COMMON         0x20003164        0x8 build/Release/production/_ext/1472/LCD.o
                0x20003164                back_Color_Low
                0x20003166                fore_Color_High
                0x20003168                fore_Color_Low
                0x2000316a                back_Color_High
 COMMON         0x2000316c        0x4 c:/program files (x86)/atmel/studio/7.0/toolchain/arm/arm-gnu-toolchain/bin/../lib/gcc/arm-none-eabi/6.3.1/../../../../arm-none-eabi/lib/thumb/v7e-m\libc_nano.a(lib_a-reent.o)
                0x2000316c                errno
                0x20003170                . = ALIGN (0x4)
                0x20003170                _ebss = .
                0x20003170                _ezero = .

.stack          0x20003170     0xc000 load address 0x00009140
                0x20003170                . = ALIGN (0x8)
                0x20003170                _sstack = .
                0x2000f170                . = (. + STACK_SIZE)
 *fill*         0x20003170     0xc000 
                0x2000f170                . = ALIGN (0x8)
                0x2000f170                _estack = .
                0x2000f170                . = ALIGN (0x4)
                0x2000f170                _end = .
OUTPUT(dist/Release/production/VT69.X.production.elf elf32-littlearm)

.ARM.attributes
                0x00000000       0x2e
 .ARM.attributes
                0x00000000       0x1e c:/program files (x86)/atmel/studio/7.0/toolchain/arm/arm-gnu-toolchain/bin/../lib/gcc/arm-none-eabi/6.3.1/thumb/v7e-m/crti.o
 .ARM.attributes
                0x0000001e       0x2e c:/program files (x86)/atmel/studio/7.0/toolchain/arm/arm-gnu-toolchain/bin/../lib/gcc/arm-none-eabi/6.3.1/thumb/v7e-m/crtbegin.o
 .ARM.attributes
                0x0000004c       0x37 build/Release/production/_ext/1301743165/startup_samd51.o
 .ARM.attributes
                0x00000083       0x37 build/Release/production/_ext/1381494712/driver_examples.o
 .ARM.attributes
                0x000000ba       0x37 build/Release/production/_ext/991121639/hal_atomic.o
 .ARM.attributes
                0x000000f1       0x37 build/Release/production/_ext/991121639/hal_cache.o
 .ARM.attributes
                0x00000128       0x37 build/Release/production/_ext/991121639/hal_delay.o
 .ARM.attributes
                0x0000015f       0x37 build/Release/production/_ext/991121639/hal_ext_irq.o
 .ARM.attributes
                0x00000196       0x37 build/Release/production/_ext/991121639/hal_flash.o
 .ARM.attributes
                0x000001cd       0x37 build/Release/production/_ext/991121639/hal_io.o
 .ARM.attributes
                0x00000204       0x37 build/Release/production/_ext/991121639/hal_rand_sync.o
 .ARM.attributes
                0x0000023b       0x37 build/Release/production/_ext/991121639/hal_usart_sync.o
 .ARM.attributes
                0x00000272       0x37 build/Release/production/_ext/991121639/hal_usb_device.o
 .ARM.attributes
                0x000002a9       0x37 build/Release/production/_ext/447684357/utils_syscalls.o
 .ARM.attributes
                0x000002e0       0x37 build/Release/production/_ext/232827772/hpl_cmcc.o
 .ARM.attributes
                0x00000317       0x37 build/Release/production/_ext/232825383/hpl_core_m4.o
 .ARM.attributes
                0x0000034e       0x37 build/Release/production/_ext/232825383/hpl_init.o
 .ARM.attributes
                0x00000385       0x37 build/Release/production/_ext/561698107/hpl_eic.o
 .ARM.attributes
                0x000003bc       0x37 build/Release/production/_ext/232717931/hpl_gclk.o
 .ARM.attributes
                0x000003f3       0x37 build/Release/production/_ext/232539185/hpl_mclk.o
 .ARM.attributes
                0x0000042a       0x37 build/Release/production/_ext/1639645974/hpl_nvmctrl.o
 .ARM.attributes
                0x00000461       0x37 build/Release/production/_ext/833842894/hpl_osc32kctrl.o
 .ARM.attributes
                0x00000498       0x37 build/Release/production/_ext/1862940304/hpl_oscctrl.o
 .ARM.attributes
                0x000004cf       0x37 build/Release/production/_ext/9468513/hpl_ramecc.o
 .ARM.attributes
                0x00000506       0x37 build/Release/production/_ext/41939163/hpl_sercom.o
 .ARM.attributes
                0x0000053d       0x37 build/Release/production/_ext/1874121072/hpl_systick.o
 .ARM.attributes
                0x00000574       0x37 build/Release/production/_ext/232316175/hpl_trng.o
 .ARM.attributes
                0x000005ab       0x37 build/Release/production/_ext/561682422/hpl_usb.o
 .ARM.attributes
                0x000005e2       0x37 build/Release/production/_ext/561680947/hpl_wdt.o
 .ARM.attributes
                0x00000619       0x37 build/Release/production/_ext/1902934654/nv_internal_flash_ultra.o
 .ARM.attributes
                0x00000650       0x37 build/Release/production/_ext/1902934654/nv_storage.o
 .ARM.attributes
                0x00000687       0x37 build/Release/production/_ext/565800185/read.o
 .ARM.attributes
                0x000006be       0x37 build/Release/production/_ext/565800185/write.o
 .ARM.attributes
                0x000006f5       0x37 build/Release/production/_ext/433002239/stdio_io.o
 .ARM.attributes
                0x0000072c       0x37 build/Release/production/_ext/1472/atmel_start.o
 .ARM.attributes
                0x00000763       0x37 build/Release/production/_ext/1472/console.o
 .ARM.attributes
                0x0000079a       0x37 build/Release/production/_ext/1472/driver_init.o
 .ARM.attributes
                0x000007d1       0x37 build/Release/production/_ext/1472/LCD.o
 .ARM.attributes
                0x00000808       0x37 build/Release/production/_ext/1472/LCDBus.o
 .ARM.attributes
                0x0000083f       0x37 build/Release/production/_ext/1472/main.o
 .ARM.attributes
                0x00000876       0x37 build/Release/production/_ext/1472/persistent_storage_start.o
 .ARM.attributes
                0x000008ad       0x37 build/Release/production/_ext/1472/splash.o
 .ARM.attributes
                0x000008e4       0x37 build/Release/production/_ext/1472/stdio_start.o
 .ARM.attributes
                0x0000091b       0x2e c:/program files (x86)/atmel/studio/7.0/toolchain/arm/arm-gnu-toolchain/bin/../lib/gcc/arm-none-eabi/6.3.1/../../../../arm-none-eabi/lib/thumb/v7e-m\libc_nano.a(lib_a-impure.o)
 .ARM.attributes
                0x00000949       0x2e c:/program files (x86)/atmel/studio/7.0/toolchain/arm/arm-gnu-toolchain/bin/../lib/gcc/arm-none-eabi/6.3.1/../../../../arm-none-eabi/lib/thumb/v7e-m\libc_nano.a(lib_a-init.o)
 .ARM.attributes
                0x00000977       0x2e c:/program files (x86)/atmel/studio/7.0/toolchain/arm/arm-gnu-toolchain/bin/../lib/gcc/arm-none-eabi/6.3.1/../../../../arm-none-eabi/lib/thumb/v7e-m\libc_nano.a(lib_a-memcmp.o)
 .ARM.attributes
                0x000009a5       0x2e c:/program files (x86)/atmel/studio/7.0/toolchain/arm/arm-gnu-toolchain/bin/../lib/gcc/arm-none-eabi/6.3.1/../../../../arm-none-eabi/lib/thumb/v7e-m\libc_nano.a(lib_a-memcpy-stub.o)
 .ARM.attributes
                0x000009d3       0x2e c:/program files (x86)/atmel/studio/7.0/toolchain/arm/arm-gnu-toolchain/bin/../lib/gcc/arm-none-eabi/6.3.1/../../../../arm-none-eabi/lib/thumb/v7e-m\libc_nano.a(lib_a-memset.o)
 .ARM.attributes
                0x00000a01       0x2e c:/program files (x86)/atmel/studio/7.0/toolchain/arm/arm-gnu-toolchain/bin/../lib/gcc/arm-none-eabi/6.3.1/../../../../arm-none-eabi/lib/thumb/v7e-m\libc_nano.a(lib_a-printf.o)
 .ARM.attributes
                0x00000a2f       0x2e c:/program files (x86)/atmel/studio/7.0/toolchain/arm/arm-gnu-toolchain/bin/../lib/gcc/arm-none-eabi/6.3.1/../../../../arm-none-eabi/lib/thumb/v7e-m\libc_nano.a(lib_a-rand.o)
 .ARM.attributes
                0x00000a5d       0x2e c:/program files (x86)/atmel/studio/7.0/toolchain/arm/arm-gnu-toolchain/bin/../lib/gcc/arm-none-eabi/6.3.1/../../../../arm-none-eabi/lib/thumb/v7e-m\libc_nano.a(lib_a-setbuf.o)
 .ARM.attributes
                0x00000a8b       0x2e c:/program files (x86)/atmel/studio/7.0/toolchain/arm/arm-gnu-toolchain/bin/../lib/gcc/arm-none-eabi/6.3.1/../../../../arm-none-eabi/lib/thumb/v7e-m\libc_nano.a(lib_a-setvbuf.o)
 .ARM.attributes
                0x00000ab9       0x17 c:/program files (x86)/atmel/studio/7.0/toolchain/arm/arm-gnu-toolchain/bin/../lib/gcc/arm-none-eabi/6.3.1/../../../../arm-none-eabi/lib/thumb/v7e-m\libc_nano.a(lib_a-strlen.o)
 .ARM.attributes
                0x00000ad0       0x2e c:/program files (x86)/atmel/studio/7.0/toolchain/arm/arm-gnu-toolchain/bin/../lib/gcc/arm-none-eabi/6.3.1/../../../../arm-none-eabi/lib/thumb/v7e-m\libc_nano.a(lib_a-wbuf.o)
 .ARM.attributes
                0x00000afe       0x2e c:/program files (x86)/atmel/studio/7.0/toolchain/arm/arm-gnu-toolchain/bin/../lib/gcc/arm-none-eabi/6.3.1/../../../../arm-none-eabi/lib/thumb/v7e-m\libc_nano.a(lib_a-wsetup.o)
 .ARM.attributes
                0x00000b2c       0x2e c:/program files (x86)/atmel/studio/7.0/toolchain/arm/arm-gnu-toolchain/bin/../lib/gcc/arm-none-eabi/6.3.1/../../../../arm-none-eabi/lib/thumb/v7e-m\libc_nano.a(lib_a-fflush.o)
 .ARM.attributes
                0x00000b5a       0x2e c:/program files (x86)/atmel/studio/7.0/toolchain/arm/arm-gnu-toolchain/bin/../lib/gcc/arm-none-eabi/6.3.1/../../../../arm-none-eabi/lib/thumb/v7e-m\libc_nano.a(lib_a-findfp.o)
 .ARM.attributes
                0x00000b88       0x2e c:/program files (x86)/atmel/studio/7.0/toolchain/arm/arm-gnu-toolchain/bin/../lib/gcc/arm-none-eabi/6.3.1/../../../../arm-none-eabi/lib/thumb/v7e-m\libc_nano.a(lib_a-fwalk.o)
 .ARM.attributes
                0x00000bb6       0x2e c:/program files (x86)/atmel/studio/7.0/toolchain/arm/arm-gnu-toolchain/bin/../lib/gcc/arm-none-eabi/6.3.1/../../../../arm-none-eabi/lib/thumb/v7e-m\libc_nano.a(lib_a-makebuf.o)
 .ARM.attributes
                0x00000be4       0x2e c:/program files (x86)/atmel/studio/7.0/toolchain/arm/arm-gnu-toolchain/bin/../lib/gcc/arm-none-eabi/6.3.1/../../../../arm-none-eabi/lib/thumb/v7e-m\libc_nano.a(lib_a-malloc.o)
 .ARM.attributes
                0x00000c12       0x2e c:/program files (x86)/atmel/studio/7.0/toolchain/arm/arm-gnu-toolchain/bin/../lib/gcc/arm-none-eabi/6.3.1/../../../../arm-none-eabi/lib/thumb/v7e-m\libc_nano.a(lib_a-nano-freer.o)
 .ARM.attributes
                0x00000c40       0x2e c:/program files (x86)/atmel/studio/7.0/toolchain/arm/arm-gnu-toolchain/bin/../lib/gcc/arm-none-eabi/6.3.1/../../../../arm-none-eabi/lib/thumb/v7e-m\libc_nano.a(lib_a-nano-mallocr.o)
 .ARM.attributes
                0x00000c6e       0x2e c:/program files (x86)/atmel/studio/7.0/toolchain/arm/arm-gnu-toolchain/bin/../lib/gcc/arm-none-eabi/6.3.1/../../../../arm-none-eabi/lib/thumb/v7e-m\libc_nano.a(lib_a-nano-vfprintf.o)
 .ARM.attributes
                0x00000c9c       0x2e c:/program files (x86)/atmel/studio/7.0/toolchain/arm/arm-gnu-toolchain/bin/../lib/gcc/arm-none-eabi/6.3.1/../../../../arm-none-eabi/lib/thumb/v7e-m\libc_nano.a(lib_a-nano-vfprintf_i.o)
 .ARM.attributes
                0x00000cca       0x2e c:/program files (x86)/atmel/studio/7.0/toolchain/arm/arm-gnu-toolchain/bin/../lib/gcc/arm-none-eabi/6.3.1/../../../../arm-none-eabi/lib/thumb/v7e-m\libc_nano.a(lib_a-sbrkr.o)
 .ARM.attributes
                0x00000cf8       0x2e c:/program files (x86)/atmel/studio/7.0/toolchain/arm/arm-gnu-toolchain/bin/../lib/gcc/arm-none-eabi/6.3.1/../../../../arm-none-eabi/lib/thumb/v7e-m\libc_nano.a(lib_a-stdio.o)
 .ARM.attributes
                0x00000d26       0x2e c:/program files (x86)/atmel/studio/7.0/toolchain/arm/arm-gnu-toolchain/bin/../lib/gcc/arm-none-eabi/6.3.1/../../../../arm-none-eabi/lib/thumb/v7e-m\libc_nano.a(lib_a-writer.o)
 .ARM.attributes
                0x00000d54       0x2e c:/program files (x86)/atmel/studio/7.0/toolchain/arm/arm-gnu-toolchain/bin/../lib/gcc/arm-none-eabi/6.3.1/../../../../arm-none-eabi/lib/thumb/v7e-m\libc_nano.a(lib_a-closer.o)
 .ARM.attributes
                0x00000d82       0x2e c:/program files (x86)/atmel/studio/7.0/toolchain/arm/arm-gnu-toolchain/bin/../lib/gcc/arm-none-eabi/6.3.1/../../../../arm-none-eabi/lib/thumb/v7e-m\libc_nano.a(lib_a-fstatr.o)
 .ARM.attributes
                0x00000db0       0x2e c:/program files (x86)/atmel/studio/7.0/toolchain/arm/arm-gnu-toolchain/bin/../lib/gcc/arm-none-eabi/6.3.1/../../../../arm-none-eabi/lib/thumb/v7e-m\libc_nano.a(lib_a-isattyr.o)
 .ARM.attributes
                0x00000dde       0x2e c:/program files (x86)/atmel/studio/7.0/toolchain/arm/arm-gnu-toolchain/bin/../lib/gcc/arm-none-eabi/6.3.1/../../../../arm-none-eabi/lib/thumb/v7e-m\libc_nano.a(lib_a-lseekr.o)
 .ARM.attributes
                0x00000e0c       0x1c c:/program files (x86)/atmel/studio/7.0/toolchain/arm/arm-gnu-toolchain/bin/../lib/gcc/arm-none-eabi/6.3.1/../../../../arm-none-eabi/lib/thumb/v7e-m\libc_nano.a(lib_a-memchr.o)
 .ARM.attributes
                0x00000e28       0x2e c:/program files (x86)/atmel/studio/7.0/toolchain/arm/arm-gnu-toolchain/bin/../lib/gcc/arm-none-eabi/6.3.1/../../../../arm-none-eabi/lib/thumb/v7e-m\libc_nano.a(lib_a-mlock.o)
 .ARM.attributes
                0x00000e56       0x2e c:/program files (x86)/atmel/studio/7.0/toolchain/arm/arm-gnu-toolchain/bin/../lib/gcc/arm-none-eabi/6.3.1/../../../../arm-none-eabi/lib/thumb/v7e-m\libc_nano.a(lib_a-readr.o)
 .ARM.attributes
                0x00000e84       0x2e c:/program files (x86)/atmel/studio/7.0/toolchain/arm/arm-gnu-toolchain/bin/../lib/gcc/arm-none-eabi/6.3.1/../../../../arm-none-eabi/lib/thumb/v7e-m\libc_nano.a(lib_a-reent.o)
 .ARM.attributes
                0x00000eb2       0x1e c:/program files (x86)/atmel/studio/7.0/toolchain/arm/arm-gnu-toolchain/bin/../lib/gcc/arm-none-eabi/6.3.1/thumb/v7e-m/crtn.o

.comment        0x00000000       0x59
 .comment       0x00000000       0x59 build/Release/production/_ext/1301743165/startup_samd51.o
                                 0x5a (size before relaxing)
 .comment       0x00000059       0x5a build/Release/production/_ext/1381494712/driver_examples.o
 .comment       0x00000059       0x5a build/Release/production/_ext/991121639/hal_atomic.o
 .comment       0x00000059       0x5a build/Release/production/_ext/991121639/hal_cache.o
 .comment       0x00000059       0x5a build/Release/production/_ext/991121639/hal_delay.o
 .comment       0x00000059       0x5a build/Release/production/_ext/991121639/hal_ext_irq.o
 .comment       0x00000059       0x5a build/Release/production/_ext/991121639/hal_flash.o
 .comment       0x00000059       0x5a build/Release/production/_ext/991121639/hal_io.o
 .comment       0x00000059       0x5a build/Release/production/_ext/991121639/hal_rand_sync.o
 .comment       0x00000059       0x5a build/Release/production/_ext/991121639/hal_usart_sync.o
 .comment       0x00000059       0x5a build/Release/production/_ext/991121639/hal_usb_device.o
 .comment       0x00000059       0x5a build/Release/production/_ext/447684357/utils_syscalls.o
 .comment       0x00000059       0x5a build/Release/production/_ext/232827772/hpl_cmcc.o
 .comment       0x00000059       0x5a build/Release/production/_ext/232825383/hpl_core_m4.o
 .comment       0x00000059       0x5a build/Release/production/_ext/232825383/hpl_init.o
 .comment       0x00000059       0x5a build/Release/production/_ext/561698107/hpl_eic.o
 .comment       0x00000059       0x5a build/Release/production/_ext/232717931/hpl_gclk.o
 .comment       0x00000059       0x5a build/Release/production/_ext/232539185/hpl_mclk.o
 .comment       0x00000059       0x5a build/Release/production/_ext/1639645974/hpl_nvmctrl.o
 .comment       0x00000059       0x5a build/Release/production/_ext/833842894/hpl_osc32kctrl.o
 .comment       0x00000059       0x5a build/Release/production/_ext/1862940304/hpl_oscctrl.o
 .comment       0x00000059       0x5a build/Release/production/_ext/9468513/hpl_ramecc.o
 .comment       0x00000059       0x5a build/Release/production/_ext/41939163/hpl_sercom.o
 .comment       0x00000059       0x5a build/Release/production/_ext/1874121072/hpl_systick.o
 .comment       0x00000059       0x5a build/Release/production/_ext/232316175/hpl_trng.o
 .comment       0x00000059       0x5a build/Release/production/_ext/561682422/hpl_usb.o
 .comment       0x00000059       0x5a build/Release/production/_ext/561680947/hpl_wdt.o
 .comment       0x00000059       0x5a build/Release/production/_ext/1902934654/nv_internal_flash_ultra.o
 .comment       0x00000059       0x5a build/Release/production/_ext/1902934654/nv_storage.o
 .comment       0x00000059       0x5a build/Release/production/_ext/565800185/read.o
 .comment       0x00000059       0x5a build/Release/production/_ext/565800185/write.o
 .comment       0x00000059       0x5a build/Release/production/_ext/433002239/stdio_io.o
 .comment       0x00000059       0x5a build/Release/production/_ext/1472/atmel_start.o
 .comment       0x00000059       0x5a build/Release/production/_ext/1472/console.o
 .comment       0x00000059       0x5a build/Release/production/_ext/1472/driver_init.o
 .comment       0x00000059       0x5a build/Release/production/_ext/1472/LCD.o
 .comment       0x00000059       0x5a build/Release/production/_ext/1472/LCDBus.o
 .comment       0x00000059       0x5a build/Release/production/_ext/1472/main.o
 .comment       0x00000059       0x5a build/Release/production/_ext/1472/persistent_storage_start.o
 .comment       0x00000059       0x5a build/Release/production/_ext/1472/splash.o
 .comment       0x00000059       0x5a build/Release/production/_ext/1472/stdio_start.o

.debug_frame    0x00000000      0x830
 .debug_frame   0x00000000       0x2c c:/program files (x86)/atmel/studio/7.0/toolchain/arm/arm-gnu-toolchain/bin/../lib/gcc/arm-none-eabi/6.3.1/../../../../arm-none-eabi/lib/thumb/v7e-m\libc_nano.a(lib_a-init.o)
 .debug_frame   0x0000002c       0x28 c:/program files (x86)/atmel/studio/7.0/toolchain/arm/arm-gnu-toolchain/bin/../lib/gcc/arm-none-eabi/6.3.1/../../../../arm-none-eabi/lib/thumb/v7e-m\libc_nano.a(lib_a-memcmp.o)
 .debug_frame   0x00000054       0x28 c:/program files (x86)/atmel/studio/7.0/toolchain/arm/arm-gnu-toolchain/bin/../lib/gcc/arm-none-eabi/6.3.1/../../../../arm-none-eabi/lib/thumb/v7e-m\libc_nano.a(lib_a-memcpy-stub.o)
 .debug_frame   0x0000007c       0x20 c:/program files (x86)/atmel/studio/7.0/toolchain/arm/arm-gnu-toolchain/bin/../lib/gcc/arm-none-eabi/6.3.1/../../../../arm-none-eabi/lib/thumb/v7e-m\libc_nano.a(lib_a-memset.o)
 .debug_frame   0x0000009c       0x74 c:/program files (x86)/atmel/studio/7.0/toolchain/arm/arm-gnu-toolchain/bin/../lib/gcc/arm-none-eabi/6.3.1/../../../../arm-none-eabi/lib/thumb/v7e-m\libc_nano.a(lib_a-printf.o)
 .debug_frame   0x00000110       0x44 c:/program files (x86)/atmel/studio/7.0/toolchain/arm/arm-gnu-toolchain/bin/../lib/gcc/arm-none-eabi/6.3.1/../../../../arm-none-eabi/lib/thumb/v7e-m\libc_nano.a(lib_a-rand.o)
 .debug_frame   0x00000154       0x20 c:/program files (x86)/atmel/studio/7.0/toolchain/arm/arm-gnu-toolchain/bin/../lib/gcc/arm-none-eabi/6.3.1/../../../../arm-none-eabi/lib/thumb/v7e-m\libc_nano.a(lib_a-setbuf.o)
 .debug_frame   0x00000174       0x38 c:/program files (x86)/atmel/studio/7.0/toolchain/arm/arm-gnu-toolchain/bin/../lib/gcc/arm-none-eabi/6.3.1/../../../../arm-none-eabi/lib/thumb/v7e-m\libc_nano.a(lib_a-setvbuf.o)
 .debug_frame   0x000001ac       0x40 c:/program files (x86)/atmel/studio/7.0/toolchain/arm/arm-gnu-toolchain/bin/../lib/gcc/arm-none-eabi/6.3.1/../../../../arm-none-eabi/lib/thumb/v7e-m\libc_nano.a(lib_a-wbuf.o)
 .debug_frame   0x000001ec       0x2c c:/program files (x86)/atmel/studio/7.0/toolchain/arm/arm-gnu-toolchain/bin/../lib/gcc/arm-none-eabi/6.3.1/../../../../arm-none-eabi/lib/thumb/v7e-m\libc_nano.a(lib_a-wsetup.o)
 .debug_frame   0x00000218       0x68 c:/program files (x86)/atmel/studio/7.0/toolchain/arm/arm-gnu-toolchain/bin/../lib/gcc/arm-none-eabi/6.3.1/../../../../arm-none-eabi/lib/thumb/v7e-m\libc_nano.a(lib_a-fflush.o)
 .debug_frame   0x00000280      0x11c c:/program files (x86)/atmel/studio/7.0/toolchain/arm/arm-gnu-toolchain/bin/../lib/gcc/arm-none-eabi/6.3.1/../../../../arm-none-eabi/lib/thumb/v7e-m\libc_nano.a(lib_a-findfp.o)
 .debug_frame   0x0000039c       0x54 c:/program files (x86)/atmel/studio/7.0/toolchain/arm/arm-gnu-toolchain/bin/../lib/gcc/arm-none-eabi/6.3.1/../../../../arm-none-eabi/lib/thumb/v7e-m\libc_nano.a(lib_a-fwalk.o)
 .debug_frame   0x000003f0       0x58 c:/program files (x86)/atmel/studio/7.0/toolchain/arm/arm-gnu-toolchain/bin/../lib/gcc/arm-none-eabi/6.3.1/../../../../arm-none-eabi/lib/thumb/v7e-m\libc_nano.a(lib_a-makebuf.o)
 .debug_frame   0x00000448       0x30 c:/program files (x86)/atmel/studio/7.0/toolchain/arm/arm-gnu-toolchain/bin/../lib/gcc/arm-none-eabi/6.3.1/../../../../arm-none-eabi/lib/thumb/v7e-m\libc_nano.a(lib_a-malloc.o)
 .debug_frame   0x00000478       0x38 c:/program files (x86)/atmel/studio/7.0/toolchain/arm/arm-gnu-toolchain/bin/../lib/gcc/arm-none-eabi/6.3.1/../../../../arm-none-eabi/lib/thumb/v7e-m\libc_nano.a(lib_a-nano-freer.o)
 .debug_frame   0x000004b0       0x2c c:/program files (x86)/atmel/studio/7.0/toolchain/arm/arm-gnu-toolchain/bin/../lib/gcc/arm-none-eabi/6.3.1/../../../../arm-none-eabi/lib/thumb/v7e-m\libc_nano.a(lib_a-nano-mallocr.o)
 .debug_frame   0x000004dc       0xac c:/program files (x86)/atmel/studio/7.0/toolchain/arm/arm-gnu-toolchain/bin/../lib/gcc/arm-none-eabi/6.3.1/../../../../arm-none-eabi/lib/thumb/v7e-m\libc_nano.a(lib_a-nano-vfprintf.o)
 .debug_frame   0x00000588       0x60 c:/program files (x86)/atmel/studio/7.0/toolchain/arm/arm-gnu-toolchain/bin/../lib/gcc/arm-none-eabi/6.3.1/../../../../arm-none-eabi/lib/thumb/v7e-m\libc_nano.a(lib_a-nano-vfprintf_i.o)
 .debug_frame   0x000005e8       0x2c c:/program files (x86)/atmel/studio/7.0/toolchain/arm/arm-gnu-toolchain/bin/../lib/gcc/arm-none-eabi/6.3.1/../../../../arm-none-eabi/lib/thumb/v7e-m\libc_nano.a(lib_a-sbrkr.o)
 .debug_frame   0x00000614       0x88 c:/program files (x86)/atmel/studio/7.0/toolchain/arm/arm-gnu-toolchain/bin/../lib/gcc/arm-none-eabi/6.3.1/../../../../arm-none-eabi/lib/thumb/v7e-m\libc_nano.a(lib_a-stdio.o)
 .debug_frame   0x0000069c       0x2c c:/program files (x86)/atmel/studio/7.0/toolchain/arm/arm-gnu-toolchain/bin/../lib/gcc/arm-none-eabi/6.3.1/../../../../arm-none-eabi/lib/thumb/v7e-m\libc_nano.a(lib_a-writer.o)
 .debug_frame   0x000006c8       0x2c c:/program files (x86)/atmel/studio/7.0/toolchain/arm/arm-gnu-toolchain/bin/../lib/gcc/arm-none-eabi/6.3.1/../../../../arm-none-eabi/lib/thumb/v7e-m\libc_nano.a(lib_a-closer.o)
 .debug_frame   0x000006f4       0x2c c:/program files (x86)/atmel/studio/7.0/toolchain/arm/arm-gnu-toolchain/bin/../lib/gcc/arm-none-eabi/6.3.1/../../../../arm-none-eabi/lib/thumb/v7e-m\libc_nano.a(lib_a-fstatr.o)
 .debug_frame   0x00000720       0x2c c:/program files (x86)/atmel/studio/7.0/toolchain/arm/arm-gnu-toolchain/bin/../lib/gcc/arm-none-eabi/6.3.1/../../../../arm-none-eabi/lib/thumb/v7e-m\libc_nano.a(lib_a-isattyr.o)
 .debug_frame   0x0000074c       0x2c c:/program files (x86)/atmel/studio/7.0/toolchain/arm/arm-gnu-toolchain/bin/../lib/gcc/arm-none-eabi/6.3.1/../../../../arm-none-eabi/lib/thumb/v7e-m\libc_nano.a(lib_a-lseekr.o)
 .debug_frame   0x00000778       0x30 c:/program files (x86)/atmel/studio/7.0/toolchain/arm/arm-gnu-toolchain/bin/../lib/gcc/arm-none-eabi/6.3.1/../../../../arm-none-eabi/lib/thumb/v7e-m\libc_nano.a(lib_a-mlock.o)
 .debug_frame   0x000007a8       0x2c c:/program files (x86)/atmel/studio/7.0/toolchain/arm/arm-gnu-toolchain/bin/../lib/gcc/arm-none-eabi/6.3.1/../../../../arm-none-eabi/lib/thumb/v7e-m\libc_nano.a(lib_a-readr.o)
 .debug_frame   0x000007d4       0x5c c:/program files (x86)/atmel/studio/7.0/toolchain/arm/arm-gnu-toolchain/bin/../lib/gcc/arm-none-eabi/6.3.1/../../../../arm-none-eabi/lib/thumb/v7e-m\libc_nano.a(lib_a-reent.o)
