Archive member included to satisfy reference by file (symbol)

c:/program files (x86)/atmel/studio/7.0/toolchain/arm/arm-gnu-toolchain/bin/../lib/gcc/arm-none-eabi/6.3.1/thumb/v6-m\libgcc.a(_udivsi3.o)
                              src/ASF/common2/services/delay/sam0/systick_counter.o (__aeabi_uidiv)
c:/program files (x86)/atmel/studio/7.0/toolchain/arm/arm-gnu-toolchain/bin/../lib/gcc/arm-none-eabi/6.3.1/thumb/v6-m\libgcc.a(_divsi3.o)
                              src/ouroboros.o (__aeabi_idivmod)
c:/program files (x86)/atmel/studio/7.0/toolchain/arm/arm-gnu-toolchain/bin/../lib/gcc/arm-none-eabi/6.3.1/thumb/v6-m\libgcc.a(_dvmd_tls.o)
                              c:/program files (x86)/atmel/studio/7.0/toolchain/arm/arm-gnu-toolchain/bin/../lib/gcc/arm-none-eabi/6.3.1/thumb/v6-m\libgcc.a(_udivsi3.o) (__aeabi_idiv0)
c:/program files (x86)/atmel/studio/7.0/toolchain/arm/arm-gnu-toolchain/bin/../lib/gcc/arm-none-eabi/6.3.1/thumb/v6-m\libgcc.a(_muldi3.o)
                              src/ASF/sam0/drivers/sercom/sercom.o (__aeabi_lmul)
c:/program files (x86)/atmel/studio/7.0/toolchain/arm/arm-gnu-toolchain/bin/../lib/gcc/arm-none-eabi/6.3.1/../../../../arm-none-eabi/lib/thumb/v6-m\libc_nano.a(lib_a-exit.o)
                              c:/program files (x86)/atmel/studio/7.0/toolchain/arm/arm-gnu-toolchain/bin/../lib/gcc/arm-none-eabi/6.3.1/../../../../arm-none-eabi/lib/thumb/v6-m/crt0.o (exit)
c:/program files (x86)/atmel/studio/7.0/toolchain/arm/arm-gnu-toolchain/bin/../lib/gcc/arm-none-eabi/6.3.1/../../../../arm-none-eabi/lib/thumb/v6-m\libc_nano.a(lib_a-impure.o)
                              c:/program files (x86)/atmel/studio/7.0/toolchain/arm/arm-gnu-toolchain/bin/../lib/gcc/arm-none-eabi/6.3.1/../../../../arm-none-eabi/lib/thumb/v6-m\libc_nano.a(lib_a-exit.o) (_global_impure_ptr)
c:/program files (x86)/atmel/studio/7.0/toolchain/arm/arm-gnu-toolchain/bin/../lib/gcc/arm-none-eabi/6.3.1/../../../../arm-none-eabi/lib/thumb/v6-m\libc_nano.a(lib_a-init.o)
                              c:/program files (x86)/atmel/studio/7.0/toolchain/arm/arm-gnu-toolchain/bin/../lib/gcc/arm-none-eabi/6.3.1/../../../../arm-none-eabi/lib/thumb/v6-m/crt0.o (__libc_init_array)
c:/program files (x86)/atmel/studio/7.0/toolchain/arm/arm-gnu-toolchain/bin/../lib/gcc/arm-none-eabi/6.3.1/../../../../arm-none-eabi/lib/thumb/v6-m\libc_nano.a(lib_a-itoa.o)
                              src/parser.o (itoa)
c:/program files (x86)/atmel/studio/7.0/toolchain/arm/arm-gnu-toolchain/bin/../lib/gcc/arm-none-eabi/6.3.1/../../../../arm-none-eabi/lib/thumb/v6-m\libc_nano.a(lib_a-malloc.o)
                              src/ouroboros.o (malloc)
c:/program files (x86)/atmel/studio/7.0/toolchain/arm/arm-gnu-toolchain/bin/../lib/gcc/arm-none-eabi/6.3.1/../../../../arm-none-eabi/lib/thumb/v6-m\libc_nano.a(lib_a-memcpy-stub.o)
                              src/parser.o (memcpy)
c:/program files (x86)/atmel/studio/7.0/toolchain/arm/arm-gnu-toolchain/bin/../lib/gcc/arm-none-eabi/6.3.1/../../../../arm-none-eabi/lib/thumb/v6-m\libc_nano.a(lib_a-memset.o)
                              c:/program files (x86)/atmel/studio/7.0/toolchain/arm/arm-gnu-toolchain/bin/../lib/gcc/arm-none-eabi/6.3.1/../../../../arm-none-eabi/lib/thumb/v6-m/crt0.o (memset)
c:/program files (x86)/atmel/studio/7.0/toolchain/arm/arm-gnu-toolchain/bin/../lib/gcc/arm-none-eabi/6.3.1/../../../../arm-none-eabi/lib/thumb/v6-m\libc_nano.a(lib_a-nano-freer.o)
                              c:/program files (x86)/atmel/studio/7.0/toolchain/arm/arm-gnu-toolchain/bin/../lib/gcc/arm-none-eabi/6.3.1/../../../../arm-none-eabi/lib/thumb/v6-m\libc_nano.a(lib_a-malloc.o) (_free_r)
c:/program files (x86)/atmel/studio/7.0/toolchain/arm/arm-gnu-toolchain/bin/../lib/gcc/arm-none-eabi/6.3.1/../../../../arm-none-eabi/lib/thumb/v6-m\libc_nano.a(lib_a-nano-mallocr.o)
                              c:/program files (x86)/atmel/studio/7.0/toolchain/arm/arm-gnu-toolchain/bin/../lib/gcc/arm-none-eabi/6.3.1/../../../../arm-none-eabi/lib/thumb/v6-m\libc_nano.a(lib_a-malloc.o) (_malloc_r)
c:/program files (x86)/atmel/studio/7.0/toolchain/arm/arm-gnu-toolchain/bin/../lib/gcc/arm-none-eabi/6.3.1/../../../../arm-none-eabi/lib/thumb/v6-m\libc_nano.a(lib_a-printf.o)
                              src/parser.o (printf)
c:/program files (x86)/atmel/studio/7.0/toolchain/arm/arm-gnu-toolchain/bin/../lib/gcc/arm-none-eabi/6.3.1/../../../../arm-none-eabi/lib/thumb/v6-m\libc_nano.a(lib_a-putchar.o)
                              src/uart.o (putchar)
c:/program files (x86)/atmel/studio/7.0/toolchain/arm/arm-gnu-toolchain/bin/../lib/gcc/arm-none-eabi/6.3.1/../../../../arm-none-eabi/lib/thumb/v6-m\libc_nano.a(lib_a-rand.o)
                              src/main.o (srand)
c:/program files (x86)/atmel/studio/7.0/toolchain/arm/arm-gnu-toolchain/bin/../lib/gcc/arm-none-eabi/6.3.1/../../../../arm-none-eabi/lib/thumb/v6-m\libc_nano.a(lib_a-sbrkr.o)
[...]
Memory Configuration

Name             Origin             Length             Attributes
rom              0x00000000         0x00040000         xr
ram              0x20000000         0x00008000         xrw
*default*        0x00000000         0xffffffff

Linker script and memory map

LOAD c:/program files (x86)/atmel/studio/7.0/toolchain/arm/arm-gnu-toolchain/bin/../lib/gcc/arm-none-eabi/6.3.1/thumb/v6-m/crti.o
LOAD c:/program files (x86)/atmel/studio/7.0/toolchain/arm/arm-gnu-toolchain/bin/../lib/gcc/arm-none-eabi/6.3.1/thumb/v6-m/crtbegin.o
LOAD c:/program files (x86)/atmel/studio/7.0/toolchain/arm/arm-gnu-toolchain/bin/../lib/gcc/arm-none-eabi/6.3.1/../../../../arm-none-eabi/lib/thumb/v6-m/crt0.o
LOAD src/ouroboros.o
LOAD src/overflow.o
LOAD src/parser.o
LOAD src/splash.o
LOAD src/uart.o
LOAD src/ASF/common2/services/delay/sam0/systick_counter.o
LOAD src/ASF/common/utils/interrupt/interrupt_sam_nvic.o
LOAD src/ASF/sam0/boards/samd21_xplained_pro/board_init.o
LOAD src/ASF/sam0/drivers/adc/adc_sam_d_r_h/adc.o
LOAD src/ASF/sam0/drivers/adc/adc_sam_d_r_h/adc_callback.o
LOAD src/ASF/sam0/drivers/port/port.o
LOAD src/ASF/sam0/drivers/sercom/sercom.o
LOAD src/ASF/sam0/drivers/sercom/sercom_interrupt.o
LOAD src/ASF/sam0/drivers/sercom/usart/usart.o
LOAD src/ASF/sam0/drivers/sercom/usart/usart_interrupt.o
LOAD src/ASF/sam0/drivers/system/clock/clock_samd21_r21_da_ha1/clock.o
LOAD src/ASF/sam0/drivers/system/clock/clock_samd21_r21_da_ha1/gclk.o
LOAD src/ASF/sam0/drivers/system/interrupt/system_interrupt.o
LOAD src/ASF/sam0/drivers/system/pinmux/pinmux.o
LOAD src/ASF/sam0/drivers/system/system.o
LOAD src/ASF/sam0/utils/cmsis/samd21/source/gcc/startup_samd21.o
LOAD src/ASF/sam0/utils/cmsis/samd21/source/system_samd21.o
LOAD src/ASF/sam0/utils/stdio/read.o
LOAD src/ASF/sam0/utils/stdio/write.o
LOAD src/ASF/sam0/utils/syscalls/gcc/syscalls.o
LOAD src/config/config_usart.o
LOAD src/console.o
LOAD src/keyboard.o
LOAD src/LCD.o
LOAD src/LCDBus.o
LOAD src/main.o
START GROUP
LOAD ../src/ASF/thirdparty/CMSIS/Lib/GCC\libarm_cortexM0l_math.a
LOAD c:/program files (x86)/atmel/studio/7.0/toolchain/arm/arm-gnu-toolchain/bin/../lib/gcc/arm-none-eabi/6.3.1/../../../../arm-none-eabi/lib/thumb/v6-m\libm.a
END GROUP
START GROUP
LOAD c:/program files (x86)/atmel/studio/7.0/toolchain/arm/arm-gnu-toolchain/bin/../lib/gcc/arm-none-eabi/6.3.1/thumb/v6-m\libgcc.a
LOAD c:/program files (x86)/atmel/studio/7.0/toolchain/arm/arm-gnu-toolchain/bin/../lib/gcc/arm-none-eabi/6.3.1/../../../../arm-none-eabi/lib/thumb/v6-m\libc_nano.a
END GROUP
START GROUP
LOAD c:/program files (x86)/atmel/studio/7.0/toolchain/arm/arm-gnu-toolchain/bin/../lib/gcc/arm-none-eabi/6.3.1/thumb/v6-m\libgcc.a
LOAD c:/program files (x86)/atmel/studio/7.0/toolchain/arm/arm-gnu-toolchain/bin/../lib/gcc/arm-none-eabi/6.3.1/../../../../arm-none-eabi/lib/thumb/v6-m\libc_nano.a
END GROUP
LOAD c:/program files (x86)/atmel/studio/7.0/toolchain/arm/arm-gnu-toolchain/bin/../lib/gcc/arm-none-eabi/6.3.1/thumb/v6-m/crtend.o
LOAD c:/program files (x86)/atmel/studio/7.0/toolchain/arm/arm-gnu-toolchain/bin/../lib/gcc/arm-none-eabi/6.3.1/thumb/v6-m/crtn.o
                0x00002000                STACK_SIZE = DEFINED (STACK_SIZE)?STACK_SIZE:DEFINED (__stack_size__)?__stack_size__:0x2000

.text           0x00000000     0x7e38
                0x00000000                . = ALIGN (0x4)
                0x00000000                _sfixed = .
 *(.vectors .vectors.*)
 .vectors       0x00000000       0xb4 src/ASF/sam0/utils/cmsis/samd21/source/gcc/startup_samd21.o
                0x00000000                exception_table
 *(.text .text.* .gnu.linkonce.t.*)
 .text          0x000000b4       0x60 c:/program files (x86)/atmel/studio/7.0/toolchain/arm/arm-gnu-toolchain/bin/../lib/gcc/arm-none-eabi/6.3.1/thumb/v6-m/crtbegin.o
 .text.ring_init
                0x00000114       0x20 src/ouroboros.o
                0x00000114                ring_init
 .text.ring_reset
                0x00000134        0xa src/ouroboros.o
                0x00000134                ring_reset
 *fill*         0x0000013e        0x2 
 .text.ring_put
                0x00000140       0x3c src/ouroboros.o
                0x00000140                ring_put
 .text.ring_empty
                0x0000017c       0x18 src/ouroboros.o
                0x0000017c                ring_empty
 .text.ring_get
                0x00000194       0x3c src/ouroboros.o
                0x00000194                ring_get
 .text.isEmptyParser
                0x000001d0       0x14 src/overflow.o
                0x000001d0                isEmptyParser
 .text.dequeueParser
                0x000001e4       0x30 src/overflow.o
                0x000001e4                dequeueParser
 .text.enqueueParser
                0x00000214       0x2c src/overflow.o
                0x00000214                enqueueParser
 .text.isEmptyParam
                0x00000240       0x14 src/overflow.o
                0x00000240                isEmptyParam
 .text.dequeueParam
                0x00000254       0x30 src/overflow.o
                0x00000254                dequeueParam
 .text.enqueueParam
                0x00000284       0x2c src/overflow.o
                0x00000284                enqueueParam
 .text.clearQueues
                0x000002b0       0x58 src/overflow.o
                0x000002b0                clearQueues
 .text.queueTransmogrifier
                0x00000308       0x44 src/overflow.o
                0x00000308                queueTransmogrifier
 .text.CSIignoreState
                0x0000034c       0x14 src/parser.o
                0x0000034c                CSIignoreState
 .text.SC       0x00000360       0x2c src/parser.o
                0x00000360                SC
 .text.RC       0x0000038c       0x60 src/parser.o
                0x0000038c                RC
 .text.IND      0x000003ec       0x84 src/parser.o
                0x000003ec                IND
 .text.NEL      0x00000470       0x80 src/parser.o
                0x00000470                NEL
 .text.RI       0x000004f0       0x5c src/parser.o
                0x000004f0                RI
 .text.RIS      0x0000054c       0x1c src/parser.o
                0x0000054c                RIS
 .text.escState
                0x00000568       0xdc src/parser.o
                0x00000568                escState
 .text.CUU      0x00000644       0xa4 src/parser.o
                0x00000644                CUU
 .text.CUD      0x000006e8       0xa4 src/parser.o
                0x000006e8                CUD
 .text.CUF      0x0000078c       0xa8 src/parser.o
                0x0000078c                CUF
 .text.CUB      0x00000834       0x9c src/parser.o
                0x00000834                CUB
 .text.CNL      0x000008d0       0x98 src/parser.o
                0x000008d0                CNL
 .text.CPL      0x00000968       0x94 src/parser.o
                0x00000968                CPL
 .text.CHA      0x000009fc       0x84 src/parser.o
                0x000009fc                CHA
 .text.CUP      0x00000a80       0xac src/parser.o
                0x00000a80                CUP
 .text.ED       0x00000b2c      0x13c src/parser.o
                0x00000b2c                ED
 .text.EL       0x00000c68       0xf4 src/parser.o
                0x00000c68                EL
 .text.DSR      0x00000d5c      0x128 src/parser.o
                0x00000d5c                DSR
 .text.isValidCSIEscapeCode
                0x00000e84       0x1c src/parser.o
                0x00000e84                isValidCSIEscapeCode
 .text.CSIparamState
                0x00000ea0       0x60 src/parser.o
                0x00000ea0                CSIparamState
 .text.CSIentryState
                0x00000f00      0x1d4 src/parser.o
                0x00000f00                CSIentryState
 .text.nextTab  0x000010d4       0x28 src/parser.o
                0x000010d4                nextTab
 .text.groundState
                0x000010fc      0x2e4 src/parser.o
                0x000010fc                groundState
 .text.parseChar
                0x000013e0       0x5c src/parser.o
                0x000013e0                parseChar
 .text.drawKare
                0x0000143c       0xd0 src/splash.o
                0x0000143c                drawKare
 .text.splashScreen
                0x0000150c      0x1e4 src/splash.o
                0x0000150c                splashScreen
 .text.parseRXBuffer
                0x000016f0       0x48 src/uart.o
                0x000016f0                parseRXBuffer
 .text.sendChar
                0x00001738        0xc src/uart.o
                0x00001738                sendChar
 .text.delay_init
                0x00001744       0x40 src/ASF/common2/services/delay/sam0/systick_counter.o
                0x00001744                delay_init
 .text.delay_cycles_ms
                0x00001784       0x2c src/ASF/common2/services/delay/sam0/systick_counter.o
                0x00001784                delay_cycles_ms
 .text.cpu_irq_enter_critical
                0x000017b0       0x40 src/ASF/common/utils/interrupt/interrupt_sam_nvic.o
                0x000017b0                cpu_irq_enter_critical
 .text.cpu_irq_leave_critical
                0x000017f0       0x30 src/ASF/common/utils/interrupt/interrupt_sam_nvic.o
                0x000017f0                cpu_irq_leave_critical
 .text.system_board_init
                0x00001820       0x38 src/ASF/sam0/boards/samd21_xplained_pro/board_init.o
                0x00001820                board_init
                0x00001820                system_board_init
 .text.adc_get_config_defaults
                0x00001858       0x44 src/ASF/sam0/drivers/adc/adc_sam_d_r_h/adc.o
                0x00001858                adc_get_config_defaults
 .text.adc_init
                0x0000189c      0x428 src/ASF/sam0/drivers/adc/adc_sam_d_r_h/adc.o
                0x0000189c                adc_init
 .text.ADC_Handler
                0x00001cc4       0xc4 src/ASF/sam0/drivers/adc/adc_sam_d_r_h/adc_callback.o
                0x00001cc4                ADC_Handler
 .text.port_pin_set_config
                0x00001d88       0x24 src/ASF/sam0/drivers/port/port.o
                0x00001d88                port_pin_set_config
 .text.long_division
                0x00001dac       0xba src/ASF/sam0/drivers/sercom/sercom.o
 .text._sercom_get_sync_baud_val
                0x00001e66       0x28 src/ASF/sam0/drivers/sercom/sercom.o
                0x00001e66                _sercom_get_sync_baud_val
 *fill*         0x00001e8e        0x2 
 .text._sercom_get_async_baud_val
                0x00001e90       0x94 src/ASF/sam0/drivers/sercom/sercom.o
                0x00001e90                _sercom_get_async_baud_val
 .text.sercom_set_gclk_generator
                0x00001f24       0x4c src/ASF/sam0/drivers/sercom/sercom.o
                0x00001f24                sercom_set_gclk_generator
 .text._sercom_get_default_pad
                0x00001f70      0x178 src/ASF/sam0/drivers/sercom/sercom.o
                0x00001f70                _sercom_get_default_pad
 .text._sercom_get_sercom_inst_index
                0x000020e8       0x38 src/ASF/sam0/drivers/sercom/sercom.o
                0x000020e8                _sercom_get_sercom_inst_index
 .text._sercom_default_handler
                0x00002120        0x2 src/ASF/sam0/drivers/sercom/sercom_interrupt.o
 *fill*         0x00002122        0x2 
 .text._sercom_set_handler
                0x00002124       0x3c src/ASF/sam0/drivers/sercom/sercom_interrupt.o
                0x00002124                _sercom_set_handler
 .text._sercom_get_interrupt_vector
                0x00002160       0x30 src/ASF/sam0/drivers/sercom/sercom_interrupt.o
                0x00002160                _sercom_get_interrupt_vector
 .text.SERCOM0_Handler
                0x00002190       0x10 src/ASF/sam0/drivers/sercom/sercom_interrupt.o
                0x00002190                SERCOM0_Handler
 .text.SERCOM1_Handler
                0x000021a0       0x10 src/ASF/sam0/drivers/sercom/sercom_interrupt.o
                0x000021a0                SERCOM1_Handler
 .text.SERCOM2_Handler
                0x000021b0       0x10 src/ASF/sam0/drivers/sercom/sercom_interrupt.o
                0x000021b0                SERCOM2_Handler
 .text.SERCOM3_Handler
                0x000021c0       0x10 src/ASF/sam0/drivers/sercom/sercom_interrupt.o
                0x000021c0                SERCOM3_Handler
 .text.SERCOM4_Handler
                0x000021d0       0x10 src/ASF/sam0/drivers/sercom/sercom_interrupt.o
                0x000021d0                SERCOM4_Handler
 .text.SERCOM5_Handler
                0x000021e0       0x10 src/ASF/sam0/drivers/sercom/sercom_interrupt.o
                0x000021e0                SERCOM5_Handler
 .text.usart_init
                0x000021f0      0x33c src/ASF/sam0/drivers/sercom/usart/usart.o
                0x000021f0                usart_init
 .text.usart_write_wait
                0x0000252c       0x26 src/ASF/sam0/drivers/sercom/usart/usart.o
                0x0000252c                usart_write_wait
 .text.usart_read_wait
                0x00002552       0x6a src/ASF/sam0/drivers/sercom/usart/usart.o
                0x00002552                usart_read_wait
 .text._usart_read_buffer
                0x000025bc       0x50 src/ASF/sam0/drivers/sercom/usart/usart_interrupt.o
                0x000025bc                _usart_read_buffer
 .text.usart_register_callback
                0x0000260c       0x18 src/ASF/sam0/drivers/sercom/usart/usart_interrupt.o
                0x0000260c                usart_register_callback
 .text.usart_read_buffer_job
                0x00002624       0x20 src/ASF/sam0/drivers/sercom/usart/usart_interrupt.o
                0x00002624                usart_read_buffer_job
 .text._usart_interrupt_handler
                0x00002644      0x194 src/ASF/sam0/drivers/sercom/usart/usart_interrupt.o
                0x00002644                _usart_interrupt_handler
 .text.system_clock_source_get_hz
                0x000027d8       0x94 src/ASF/sam0/drivers/system/clock/clock_samd21_r21_da_ha1/clock.o
                0x000027d8                system_clock_source_get_hz
 .text.system_clock_source_osc8m_set_config
                0x0000286c       0x3c src/ASF/sam0/drivers/system/clock/clock_samd21_r21_da_ha1/clock.o
                0x0000286c                system_clock_source_osc8m_set_config
 .text.system_clock_source_xosc32k_set_config
                0x000028a8       0xb8 src/ASF/sam0/drivers/system/clock/clock_samd21_r21_da_ha1/clock.o
                0x000028a8                system_clock_source_xosc32k_set_config
 .text.system_clock_source_dfll_set_config
                0x00002960       0x80 src/ASF/sam0/drivers/system/clock/clock_samd21_r21_da_ha1/clock.o
                0x00002960                system_clock_source_dfll_set_config
 .text.system_clock_source_enable
                0x000029e0       0xa8 src/ASF/sam0/drivers/system/clock/clock_samd21_r21_da_ha1/clock.o
                0x000029e0                system_clock_source_enable
 .text.system_clock_init
                0x00002a88      0x15c src/ASF/sam0/drivers/system/clock/clock_samd21_r21_da_ha1/clock.o
                0x00002a88                system_clock_init
 .text.system_gclk_init
                0x00002be4       0x24 src/ASF/sam0/drivers/system/clock/clock_samd21_r21_da_ha1/gclk.o
                0x00002be4                system_gclk_init
 .text.system_gclk_gen_set_config
                0x00002c08       0xb8 src/ASF/sam0/drivers/system/clock/clock_samd21_r21_da_ha1/gclk.o
                0x00002c08                system_gclk_gen_set_config
 .text.system_gclk_gen_enable
                0x00002cc0       0x44 src/ASF/sam0/drivers/system/clock/clock_samd21_r21_da_ha1/gclk.o
                0x00002cc0                system_gclk_gen_enable
 .text.system_gclk_gen_get_hz
                0x00002d04       0x8c src/ASF/sam0/drivers/system/clock/clock_samd21_r21_da_ha1/gclk.o
                0x00002d04                system_gclk_gen_get_hz
 .text.system_gclk_chan_enable
                0x00002d90       0x30 src/ASF/sam0/drivers/system/clock/clock_samd21_r21_da_ha1/gclk.o
                0x00002d90                system_gclk_chan_enable
 .text.system_gclk_chan_disable
                0x00002dc0       0x5c src/ASF/sam0/drivers/system/clock/clock_samd21_r21_da_ha1/gclk.o
                0x00002dc0                system_gclk_chan_disable
 .text.system_gclk_chan_set_config
                0x00002e1c       0x1c src/ASF/sam0/drivers/system/clock/clock_samd21_r21_da_ha1/gclk.o
                0x00002e1c                system_gclk_chan_set_config
 .text.system_gclk_chan_get_hz
                0x00002e38       0x34 src/ASF/sam0/drivers/system/clock/clock_samd21_r21_da_ha1/gclk.o
                0x00002e38                system_gclk_chan_get_hz
 .text._system_pinmux_config
                0x00002e6c       0xa8 src/ASF/sam0/drivers/system/pinmux/pinmux.o
 .text.system_pinmux_pin_set_config
                0x00002f14       0x30 src/ASF/sam0/drivers/system/pinmux/pinmux.o
                0x00002f14                system_pinmux_pin_set_config
 .text._system_dummy_init
                0x00002f44        0x2 src/ASF/sam0/drivers/system/system.o
                0x00002f44                _system_extint_init
                0x00002f44                _system_events_init
                0x00002f44                _system_dummy_init
                0x00002f44                _system_divas_init
 *fill*         0x00002f46        0x2 
 .text.system_init
                0x00002f48       0x2c src/ASF/sam0/drivers/system/system.o
                0x00002f48                system_init
 .text.Dummy_Handler
                0x00002f74        0x2 src/ASF/sam0/utils/cmsis/samd21/source/gcc/startup_samd21.o
                0x00002f74                DMAC_Handler
                0x00002f74                HardFault_Handler
                0x00002f74                AC_Handler
                0x00002f74                PendSV_Handler
                0x00002f74                NMI_Handler
                0x00002f74                TC7_Handler
                0x00002f74                TCC1_Handler
                0x00002f74                TCC0_Handler
                0x00002f74                RTC_Handler
                0x00002f74                EIC_Handler
                0x00002f74                TC6_Handler
                0x00002f74                WDT_Handler
                0x00002f74                TC4_Handler
                0x00002f74                USB_Handler
                0x00002f74                TC3_Handler
                0x00002f74                Dummy_Handler
                0x00002f74                PM_Handler
                0x00002f74                SVC_Handler
                0x00002f74                TCC2_Handler
                0x00002f74                EVSYS_Handler
                0x00002f74                I2S_Handler
                0x00002f74                NVMCTRL_Handler
                0x00002f74                DAC_Handler
                0x00002f74                PTC_Handler
                0x00002f74                TC5_Handler
                0x00002f74                SYSCTRL_Handler
 *fill*         0x00002f76        0x2 
 .text.Reset_Handler
                0x00002f78       0xe4 src/ASF/sam0/utils/cmsis/samd21/source/gcc/startup_samd21.o
                0x00002f78                Reset_Handler
 .text._read    0x0000305c       0x44 src/ASF/sam0/utils/stdio/read.o
                0x0000305c                _read
 .text._write   0x000030a0       0x50 src/ASF/sam0/utils/stdio/write.o
                0x000030a0                _write
 .text._sbrk    0x000030f0       0x24 src/ASF/sam0/utils/syscalls/gcc/syscalls.o
                0x000030f0                _sbrk
 .text._close   0x00003114        0x6 src/ASF/sam0/utils/syscalls/gcc/syscalls.o
                0x00003114                _close
 .text._fstat   0x0000311a        0xa src/ASF/sam0/utils/syscalls/gcc/syscalls.o
                0x0000311a                _fstat
 .text._isatty  0x00003124        0x4 src/ASF/sam0/utils/syscalls/gcc/syscalls.o
                0x00003124                _isatty
 .text._lseek   0x00003128        0x4 src/ASF/sam0/utils/syscalls/gcc/syscalls.o
                0x00003128                _lseek
 .text.drawChar
                0x0000312c       0xe8 src/console.o
                0x0000312c                drawChar
 .text.blinkCursor
                0x00003214      0x15c src/console.o
                0x00003214                blinkCursor
 .text.newLine  0x00003370       0xbc src/console.o
                0x00003370                newLine
 .text.writeString
                0x0000342c       0x48 src/console.o
                0x0000342c                writeString
 .text.nullifyConsole
                0x00003474       0x28 src/console.o
                0x00003474                nullifyConsole
 .text.scanCodesContains
                0x0000349c       0x2c src/keyboard.o
                0x0000349c                scanCodesContains
 .text.keyDown  0x000034c8       0x2c src/keyboard.o
                0x000034c8                keyDown
 .text.printKeyboardBuffer
                0x000034f4      0x374 src/keyboard.o
                0x000034f4                printKeyboardBuffer
 .text.removeFromKeyDown
                0x00003868       0x24 src/keyboard.o
                0x00003868                removeFromKeyDown
 .text.readKeyboard
                0x0000388c      0x200 src/keyboard.o
                0x0000388c                readKeyboard
 .text.setColorRGB
                0x00003a8c       0x28 src/LCD.o
                0x00003a8c                setColorRGB
 .text.setBackColorRGB
                0x00003ab4       0x28 src/LCD.o
                0x00003ab4                setBackColorRGB
 .text.LCD_Fast_Fill
                0x00003adc       0x74 src/LCD.o
                0x00003adc                LCD_Fast_Fill
 .text.setXY    0x00003b50       0x78 src/LCD.o
                0x00003b50                setXY
 .text.fillRect
                0x00003bc8       0x88 src/LCD.o
                0x00003bc8                fillRect
 .text.clrXY    0x00003c50       0x20 src/LCD.o
                0x00003c50                clrXY
 .text.clrScr   0x00003c70       0x18 src/LCD.o
                0x00003c70                clrScr
 .text.setPixel
                0x00003c88       0x10 src/LCD.o
                0x00003c88                setPixel
 .text.clearScreen
                0x00003c98       0x34 src/LCD.o
                0x00003c98                clearScreen
 .text.LCD_Write_Bus
                0x00003ccc       0x28 src/LCDBus.o
                0x00003ccc                LCD_Write_Bus
 .text.LCD_Write_COM16
                0x00003cf4       0x18 src/LCDBus.o
                0x00003cf4                LCD_Write_COM16
 .text.LCD_Write_DATA16
                0x00003d0c       0x18 src/LCDBus.o
                0x00003d0c                LCD_Write_DATA16
 .text.LCD_Write_DATA8
                0x00003d24       0x1c src/LCDBus.o
                0x00003d24                LCD_Write_DATA8
 .text.InitLCD  0x00003d40      0x24c src/LCDBus.o
                0x00003d40                InitLCD
 .text.usart_read_callback
                0x00003f8c       0x30 src/main.o
                0x00003f8c                usart_read_callback
 .text.usart_serial_getchar
                0x00003fbc       0x2c src/main.o
 .text.usart_serial_putchar
                0x00003fe8       0x18 src/main.o
 .text.SysTick_Handler
                0x00004000       0x10 src/main.o
                0x00004000                SysTick_Handler
 .text.conf_systick
                0x00004010       0x54 src/main.o
                0x00004010                conf_systick
 .text.configure_usart
                0x00004064      0x108 src/main.o
                0x00004064                configure_usart
 .text.configure_usart_callbacks
                0x0000416c       0x28 src/main.o
                0x0000416c                configure_usart_callbacks
 .text.configure_adc
                0x00004194       0x74 src/main.o
                0x00004194                configure_adc
 .text.setupBoard
                0x00004208      0x11c src/main.o
                0x00004208                setupBoard
 .text.main     0x00004324       0xb4 src/main.o
                0x00004324                main
 .text          0x000043d8      0x114 c:/program files (x86)/atmel/studio/7.0/toolchain/arm/arm-gnu-toolchain/bin/../lib/gcc/arm-none-eabi/6.3.1/thumb/v6-m\libgcc.a(_udivsi3.o)
                0x000043d8                __aeabi_uidiv
                0x000043d8                __udivsi3
                0x000044e4                __aeabi_uidivmod
 .text          0x000044ec      0x1d4 c:/program files (x86)/atmel/studio/7.0/toolchain/arm/arm-gnu-toolchain/bin/../lib/gcc/arm-none-eabi/6.3.1/thumb/v6-m\libgcc.a(_divsi3.o)
                0x000044ec                __divsi3
                0x000044ec                __aeabi_idiv
                0x000046b8                __aeabi_idivmod
 .text          0x000046c0        0x4 c:/program files (x86)/atmel/studio/7.0/toolchain/arm/arm-gnu-toolchain/bin/../lib/gcc/arm-none-eabi/6.3.1/thumb/v6-m\libgcc.a(_dvmd_tls.o)
                0x000046c0                __aeabi_idiv0
                0x000046c0                __aeabi_ldiv0
 .text          0x000046c4       0x54 c:/program files (x86)/atmel/studio/7.0/toolchain/arm/arm-gnu-toolchain/bin/../lib/gcc/arm-none-eabi/6.3.1/thumb/v6-m\libgcc.a(_muldi3.o)
                0x000046c4                __muldi3
                0x000046c4                __aeabi_lmul
 .text.__libc_init_array
                0x00004718       0x48 c:/program files (x86)/atmel/studio/7.0/toolchain/arm/arm-gnu-toolchain/bin/../lib/gcc/arm-none-eabi/6.3.1/../../../../arm-none-eabi/lib/thumb/v6-m\libc_nano.a(lib_a-init.o)
                0x00004718                __libc_init_array
 .text.__itoa   0x00004760       0x30 c:/program files (x86)/atmel/studio/7.0/toolchain/arm/arm-gnu-toolchain/bin/../lib/gcc/arm-none-eabi/6.3.1/../../../../arm-none-eabi/lib/thumb/v6-m\libc_nano.a(lib_a-itoa.o)
                0x00004760                __itoa
 .text.itoa     0x00004790        0x8 c:/program files (x86)/atmel/studio/7.0/toolchain/arm/arm-gnu-toolchain/bin/../lib/gcc/arm-none-eabi/6.3.1/../../../../arm-none-eabi/lib/thumb/v6-m\libc_nano.a(lib_a-itoa.o)
                0x00004790                itoa
 .text.malloc   0x00004798       0x14 c:/program files (x86)/atmel/studio/7.0/toolchain/arm/arm-gnu-toolchain/bin/../lib/gcc/arm-none-eabi/6.3.1/../../../../arm-none-eabi/lib/thumb/v6-m\libc_nano.a(lib_a-malloc.o)
                0x00004798                malloc
 .text.memcpy   0x000047ac       0x12 c:/program files (x86)/atmel/studio/7.0/toolchain/arm/arm-gnu-toolchain/bin/../lib/gcc/arm-none-eabi/6.3.1/../../../../arm-none-eabi/lib/thumb/v6-m\libc_nano.a(lib_a-memcpy-stub.o)
                0x000047ac                memcpy
 .text.memset   0x000047be       0x10 c:/program files (x86)/atmel/studio/7.0/toolchain/arm/arm-gnu-toolchain/bin/../lib/gcc/arm-none-eabi/6.3.1/../../../../arm-none-eabi/lib/thumb/v6-m\libc_nano.a(lib_a-memset.o)
                0x000047be                memset
 *fill*         0x000047ce        0x2 
 .text._free_r  0x000047d0       0x94 c:/program files (x86)/atmel/studio/7.0/toolchain/arm/arm-gnu-toolchain/bin/../lib/gcc/arm-none-eabi/6.3.1/../../../../arm-none-eabi/lib/thumb/v6-m\libc_nano.a(lib_a-nano-freer.o)
                0x000047d0                _free_r
 .text._malloc_r
                0x00004864       0xbc c:/program files (x86)/atmel/studio/7.0/toolchain/arm/arm-gnu-toolchain/bin/../lib/gcc/arm-none-eabi/6.3.1/../../../../arm-none-eabi/lib/thumb/v6-m\libc_nano.a(lib_a-nano-mallocr.o)
                0x00004864                _malloc_r
 .text.printf   0x00004920       0x34 c:/program files (x86)/atmel/studio/7.0/toolchain/arm/arm-gnu-toolchain/bin/../lib/gcc/arm-none-eabi/6.3.1/../../../../arm-none-eabi/lib/thumb/v6-m\libc_nano.a(lib_a-printf.o)
                0x00004920                iprintf
                0x00004920                printf
 .text.putchar  0x00004954       0x28 c:/program files (x86)/atmel/studio/7.0/toolchain/arm/arm-gnu-toolchain/bin/../lib/gcc/arm-none-eabi/6.3.1/../../../../arm-none-eabi/lib/thumb/v6-m\libc_nano.a(lib_a-putchar.o)
                0x00004954                putchar
 .text.srand    0x0000497c       0x5c c:/program files (x86)/atmel/studio/7.0/toolchain/arm/arm-gnu-toolchain/bin/../lib/gcc/arm-none-eabi/6.3.1/../../../../arm-none-eabi/lib/thumb/v6-m\libc_nano.a(lib_a-rand.o)
                0x0000497c                srand
 .text.rand     0x000049d8       0x78 c:/program files (x86)/atmel/studio/7.0/toolchain/arm/arm-gnu-toolchain/bin/../lib/gcc/arm-none-eabi/6.3.1/../../../../arm-none-eabi/lib/thumb/v6-m\libc_nano.a(lib_a-rand.o)
                0x000049d8                rand
 .text._sbrk_r  0x00004a50       0x24 c:/program files (x86)/atmel/studio/7.0/toolchain/arm/arm-gnu-toolchain/bin/../lib/gcc/arm-none-eabi/6.3.1/../../../../arm-none-eabi/lib/thumb/v6-m\libc_nano.a(lib_a-sbrkr.o)
                0x00004a50                _sbrk_r
 .text.setbuf   0x00004a74       0x12 c:/program files (x86)/atmel/studio/7.0/toolchain/arm/arm-gnu-toolchain/bin/../lib/gcc/arm-none-eabi/6.3.1/../../../../arm-none-eabi/lib/thumb/v6-m\libc_nano.a(lib_a-setbuf.o)
                0x00004a74                setbuf
 *fill*         0x00004a86        0x2 
 .text.setvbuf  0x00004a88      0x158 c:/program files (x86)/atmel/studio/7.0/toolchain/arm/arm-gnu-toolchain/bin/../lib/gcc/arm-none-eabi/6.3.1/../../../../arm-none-eabi/lib/thumb/v6-m\libc_nano.a(lib_a-setvbuf.o)
                0x00004a88                setvbuf
 .text.strcat   0x00004be0       0x1a c:/program files (x86)/atmel/studio/7.0/toolchain/arm/arm-gnu-toolchain/bin/../lib/gcc/arm-none-eabi/6.3.1/../../../../arm-none-eabi/lib/thumb/v6-m\libc_nano.a(lib_a-strcat.o)
                0x00004be0                strcat
 .text          0x00004bfa        0xe c:/program files (x86)/atmel/studio/7.0/toolchain/arm/arm-gnu-toolchain/bin/../lib/gcc/arm-none-eabi/6.3.1/../../../../arm-none-eabi/lib/thumb/v6-m\libc_nano.a(lib_a-strlen.o)
                0x00004bfa                strlen
 .text.__utoa   0x00004c08       0x74 c:/program files (x86)/atmel/studio/7.0/toolchain/arm/arm-gnu-toolchain/bin/../lib/gcc/arm-none-eabi/6.3.1/../../../../arm-none-eabi/lib/thumb/v6-m\libc_nano.a(lib_a-utoa.o)
                0x00004c08                __utoa
 .text.__sflush_r
                0x00004c7c      0x114 c:/program files (x86)/atmel/studio/7.0/toolchain/arm/arm-gnu-toolchain/bin/../lib/gcc/arm-none-eabi/6.3.1/../../../../arm-none-eabi/lib/thumb/v6-m\libc_nano.a(lib_a-fflush.o)
                0x00004c7c                __sflush_r
 .text._fflush_r
                0x00004d90       0x58 c:/program files (x86)/atmel/studio/7.0/toolchain/arm/arm-gnu-toolchain/bin/../lib/gcc/arm-none-eabi/6.3.1/../../../../arm-none-eabi/lib/thumb/v6-m\libc_nano.a(lib_a-fflush.o)
                0x00004d90                _fflush_r
 .text._cleanup_r
                0x00004de8       0x10 c:/program files (x86)/atmel/studio/7.0/toolchain/arm/arm-gnu-toolchain/bin/../lib/gcc/arm-none-eabi/6.3.1/../../../../arm-none-eabi/lib/thumb/v6-m\libc_nano.a(lib_a-findfp.o)
                0x00004de8                _cleanup_r
 .text.std.isra.0
                0x00004df8       0x48 c:/program files (x86)/atmel/studio/7.0/toolchain/arm/arm-gnu-toolchain/bin/../lib/gcc/arm-none-eabi/6.3.1/../../../../arm-none-eabi/lib/thumb/v6-m\libc_nano.a(lib_a-findfp.o)
 .text.__sfmoreglue
                0x00004e40       0x2c c:/program files (x86)/atmel/studio/7.0/toolchain/arm/arm-gnu-toolchain/bin/../lib/gcc/arm-none-eabi/6.3.1/../../../../arm-none-eabi/lib/thumb/v6-m\libc_nano.a(lib_a-findfp.o)
                0x00004e40                __sfmoreglue
 .text.__sinit  0x00004e6c       0x68 c:/program files (x86)/atmel/studio/7.0/toolchain/arm/arm-gnu-toolchain/bin/../lib/gcc/arm-none-eabi/6.3.1/../../../../arm-none-eabi/lib/thumb/v6-m\libc_nano.a(lib_a-findfp.o)
                0x00004e6c                __sinit
 .text.__sfp    0x00004ed4       0x80 c:/program files (x86)/atmel/studio/7.0/toolchain/arm/arm-gnu-toolchain/bin/../lib/gcc/arm-none-eabi/6.3.1/../../../../arm-none-eabi/lib/thumb/v6-m\libc_nano.a(lib_a-findfp.o)
                0x00004ed4                __sfp
 .text._fwalk_reent
                0x00004f54       0x42 c:/program files (x86)/atmel/studio/7.0/toolchain/arm/arm-gnu-toolchain/bin/../lib/gcc/arm-none-eabi/6.3.1/../../../../arm-none-eabi/lib/thumb/v6-m\libc_nano.a(lib_a-fwalk.o)
                0x00004f54                _fwalk_reent
 *fill*         0x00004f96        0x2 
 .text.__swhatbuf_r
                0x00004f98       0x50 c:/program files (x86)/atmel/studio/7.0/toolchain/arm/arm-gnu-toolchain/bin/../lib/gcc/arm-none-eabi/6.3.1/../../../../arm-none-eabi/lib/thumb/v6-m\libc_nano.a(lib_a-makebuf.o)
                0x00004f98                __swhatbuf_r
 .text.__smakebuf_r
                0x00004fe8       0x88 c:/program files (x86)/atmel/studio/7.0/toolchain/arm/arm-gnu-toolchain/bin/../lib/gcc/arm-none-eabi/6.3.1/../../../../arm-none-eabi/lib/thumb/v6-m\libc_nano.a(lib_a-makebuf.o)
                0x00004fe8                __smakebuf_r
 .text.__malloc_lock
                0x00005070        0x2 c:/program files (x86)/atmel/studio/7.0/toolchain/arm/arm-gnu-toolchain/bin/../lib/gcc/arm-none-eabi/6.3.1/../../../../arm-none-eabi/lib/thumb/v6-m\libc_nano.a(lib_a-mlock.o)
                0x00005070                __malloc_lock
 .text.__malloc_unlock
                0x00005072        0x2 c:/program files (x86)/atmel/studio/7.0/toolchain/arm/arm-gnu-toolchain/bin/../lib/gcc/arm-none-eabi/6.3.1/../../../../arm-none-eabi/lib/thumb/v6-m\libc_nano.a(lib_a-mlock.o)
                0x00005072                __malloc_unlock
 .text.__sfputc_r
                0x00005074       0x2a c:/program files (x86)/atmel/studio/7.0/toolchain/arm/arm-gnu-toolchain/bin/../lib/gcc/arm-none-eabi/6.3.1/../../../../arm-none-eabi/lib/thumb/v6-m\libc_nano.a(lib_a-nano-vfprintf.o)
 .text.__sfputs_r
                0x0000509e       0x24 c:/program files (x86)/atmel/studio/7.0/toolchain/arm/arm-gnu-toolchain/bin/../lib/gcc/arm-none-eabi/6.3.1/../../../../arm-none-eabi/lib/thumb/v6-m\libc_nano.a(lib_a-nano-vfprintf.o)
                0x0000509e                __sfputs_r
 *fill*         0x000050c2        0x2 
 .text._vfprintf_r
                0x000050c4      0x238 c:/program files (x86)/atmel/studio/7.0/toolchain/arm/arm-gnu-toolchain/bin/../lib/gcc/arm-none-eabi/6.3.1/../../../../arm-none-eabi/lib/thumb/v6-m\libc_nano.a(lib_a-nano-vfprintf.o)
                0x000050c4                _vfprintf_r
                0x000050c4                _vfiprintf_r
 .text._printf_common
                0x000052fc       0xda c:/program files (x86)/atmel/studio/7.0/toolchain/arm/arm-gnu-toolchain/bin/../lib/gcc/arm-none-eabi/6.3.1/../../../../arm-none-eabi/lib/thumb/v6-m\libc_nano.a(lib_a-nano-vfprintf_i.o)
                0x000052fc                _printf_common
 *fill*         0x000053d6        0x2 
 .text._printf_i
                0x000053d8      0x234 c:/program files (x86)/atmel/studio/7.0/toolchain/arm/arm-gnu-toolchain/bin/../lib/gcc/arm-none-eabi/6.3.1/../../../../arm-none-eabi/lib/thumb/v6-m\libc_nano.a(lib_a-nano-vfprintf_i.o)
                0x000053d8                _printf_i
 .text._putc_r  0x0000560c       0x6c c:/program files (x86)/atmel/studio/7.0/toolchain/arm/arm-gnu-toolchain/bin/../lib/gcc/arm-none-eabi/6.3.1/../../../../arm-none-eabi/lib/thumb/v6-m\libc_nano.a(lib_a-putc.o)
                0x0000560c                _putc_r
 .text.__sread  0x00005678       0x28 c:/program files (x86)/atmel/studio/7.0/toolchain/arm/arm-gnu-toolchain/bin/../lib/gcc/arm-none-eabi/6.3.1/../../../../arm-none-eabi/lib/thumb/v6-m\libc_nano.a(lib_a-stdio.o)
                0x00005678                __sread
 .text.__swrite
                0x000056a0       0x38 c:/program files (x86)/atmel/studio/7.0/toolchain/arm/arm-gnu-toolchain/bin/../lib/gcc/arm-none-eabi/6.3.1/../../../../arm-none-eabi/lib/thumb/v6-m\libc_nano.a(lib_a-stdio.o)
                0x000056a0                __swrite
 .text.__sseek  0x000056d8       0x2c c:/program files (x86)/atmel/studio/7.0/toolchain/arm/arm-gnu-toolchain/bin/../lib/gcc/arm-none-eabi/6.3.1/../../../../arm-none-eabi/lib/thumb/v6-m\libc_nano.a(lib_a-stdio.o)
                0x000056d8                __sseek
 .text.__sclose
                0x00005704        0xc c:/program files (x86)/atmel/studio/7.0/toolchain/arm/arm-gnu-toolchain/bin/../lib/gcc/arm-none-eabi/6.3.1/../../../../arm-none-eabi/lib/thumb/v6-m\libc_nano.a(lib_a-stdio.o)
                0x00005704                __sclose
 .text.__swbuf_r
                0x00005710       0xac c:/program files (x86)/atmel/studio/7.0/toolchain/arm/arm-gnu-toolchain/bin/../lib/gcc/arm-none-eabi/6.3.1/../../../../arm-none-eabi/lib/thumb/v6-m\libc_nano.a(lib_a-wbuf.o)
                0x00005710                __swbuf_r
 .text._write_r
                0x000057bc       0x28 c:/program files (x86)/atmel/studio/7.0/toolchain/arm/arm-gnu-toolchain/bin/../lib/gcc/arm-none-eabi/6.3.1/../../../../arm-none-eabi/lib/thumb/v6-m\libc_nano.a(lib_a-writer.o)
                0x000057bc                _write_r
 .text.__swsetup_r
                0x000057e4       0xec c:/program files (x86)/atmel/studio/7.0/toolchain/arm/arm-gnu-toolchain/bin/../lib/gcc/arm-none-eabi/6.3.1/../../../../arm-none-eabi/lib/thumb/v6-m\libc_nano.a(lib_a-wsetup.o)
                0x000057e4                __swsetup_r
 .text._close_r
                0x000058d0       0x24 c:/program files (x86)/atmel/studio/7.0/toolchain/arm/arm-gnu-toolchain/bin/../lib/gcc/arm-none-eabi/6.3.1/../../../../arm-none-eabi/lib/thumb/v6-m\libc_nano.a(lib_a-closer.o)
                0x000058d0                _close_r
 .text._fstat_r
                0x000058f4       0x24 c:/program files (x86)/atmel/studio/7.0/toolchain/arm/arm-gnu-toolchain/bin/../lib/gcc/arm-none-eabi/6.3.1/../../../../arm-none-eabi/lib/thumb/v6-m\libc_nano.a(lib_a-fstatr.o)
                0x000058f4                _fstat_r
 .text._isatty_r
                0x00005918       0x24 c:/program files (x86)/atmel/studio/7.0/toolchain/arm/arm-gnu-toolchain/bin/../lib/gcc/arm-none-eabi/6.3.1/../../../../arm-none-eabi/lib/thumb/v6-m\libc_nano.a(lib_a-isattyr.o)
                0x00005918                _isatty_r
 .text._lseek_r
                0x0000593c       0x28 c:/program files (x86)/atmel/studio/7.0/toolchain/arm/arm-gnu-toolchain/bin/../lib/gcc/arm-none-eabi/6.3.1/../../../../arm-none-eabi/lib/thumb/v6-m\libc_nano.a(lib_a-lseekr.o)
                0x0000593c                _lseek_r
 .text.memchr   0x00005964       0x16 c:/program files (x86)/atmel/studio/7.0/toolchain/arm/arm-gnu-toolchain/bin/../lib/gcc/arm-none-eabi/6.3.1/../../../../arm-none-eabi/lib/thumb/v6-m\libc_nano.a(lib_a-memchr-stub.o)
                0x00005964                memchr
 *fill*         0x0000597a        0x2 
 .text._read_r  0x0000597c       0x28 c:/program files (x86)/atmel/studio/7.0/toolchain/arm/arm-gnu-toolchain/bin/../lib/gcc/arm-none-eabi/6.3.1/../../../../arm-none-eabi/lib/thumb/v6-m\libc_nano.a(lib_a-readr.o)
                0x0000597c                _read_r
 *(.glue_7t)
 .glue_7t       0x000059a4        0x0 linker stubs
 *(.glue_7)
 .glue_7        0x000059a4        0x0 linker stubs
 *(.rodata .rodata* .gnu.linkonce.r.*)
 .rodata.parseChar
                0x000059a4       0x18 src/parser.o
 .rodata        0x000059bc      0x144 src/parser.o
 .rodata.DECIDreturn
                0x00005b00        0x5 src/parser.o
 *fill*         0x00005b05        0x3 
 .rodata.DSR.str1.4
                0x00005b08        0xa src/parser.o
                                  0xe (size before relaxing)
 *fill*         0x00005b12        0x2 
 .rodata.csiEscCodes
                0x00005b14       0x1f src/parser.o
 *fill*         0x00005b33        0x1 
 .rodata.escState.str1.4
                0x00005b34        0x3 src/parser.o
 *fill*         0x00005b37        0x1 
 .rodata        0x00005b38      0x100 src/splash.o
 .rodata.splashScreen.str1.4
                0x00005c38      0x3cd src/splash.o
 *fill*         0x00006005        0x3 
 .rodata.adc_init
                0x00006008       0xd4 src/ASF/sam0/drivers/adc/adc_sam_d_r_h/adc.o
 .rodata        0x000060dc       0x50 src/ASF/sam0/drivers/adc/adc_sam_d_r_h/adc.o
 .rodata        0x0000612c       0x18 src/ASF/sam0/drivers/sercom/sercom.o
 .rodata.system_clock_source_get_hz
                0x00006144       0x24 src/ASF/sam0/drivers/system/clock/clock_samd21_r21_da_ha1/clock.o
 .rodata.system_clock_source_enable
                0x00006168       0x24 src/ASF/sam0/drivers/system/clock/clock_samd21_r21_da_ha1/clock.o
 .rodata.CodePage437
                0x0000618c     0x1900 src/console.o
 .rodata        0x00007a8c      0x11e src/keyboard.o
 *fill*         0x00007baa        0x2 
 .rodata.kb_col
                0x00007bac       0x1c src/keyboard.o
 .rodata.kb_col_index
                0x00007bc8       0x1c src/keyboard.o
 .rodata.kb_row
                0x00007be4       0x28 src/keyboard.o
 .rodata.kb_row_index
                0x00007c0c       0x28 src/keyboard.o
 .rodata.beelzebub.12957
                0x00007c34       0x34 src/LCDBus.o
 .rodata.belial.12954
                0x00007c68       0x46 src/LCDBus.o
 *fill*         0x00007cae        0x2 
 .rodata.lucifer.12956
                0x00007cb0       0x46 src/LCDBus.o
 *fill*         0x00007cf6        0x2 
 .rodata.mulciber.12955
                0x00007cf8       0x46 src/LCDBus.o
 *fill*         0x00007d3e        0x2 
 .rodata.setupBoard.str1.4
                0x00007d40       0x18 src/main.o
                                 0x17 (size before relaxing)
 .rodata._global_impure_ptr
                0x00007d58        0x4 c:/program files (x86)/atmel/studio/7.0/toolchain/arm/arm-gnu-toolchain/bin/../lib/gcc/arm-none-eabi/6.3.1/../../../../arm-none-eabi/lib/thumb/v6-m\libc_nano.a(lib_a-impure.o)
                0x00007d58                _global_impure_ptr
 .rodata.__utoa.str1.1
                0x00007d5c       0x25 c:/program files (x86)/atmel/studio/7.0/toolchain/arm/arm-gnu-toolchain/bin/../lib/gcc/arm-none-eabi/6.3.1/../../../../arm-none-eabi/lib/thumb/v6-m\libc_nano.a(lib_a-utoa.o)
 *fill*         0x00007d81        0x3 
 .rodata.__sf_fake_stderr
                0x00007d84       0x20 c:/program files (x86)/atmel/studio/7.0/toolchain/arm/arm-gnu-toolchain/bin/../lib/gcc/arm-none-eabi/6.3.1/../../../../arm-none-eabi/lib/thumb/v6-m\libc_nano.a(lib_a-findfp.o)
                0x00007d84                __sf_fake_stderr
 .rodata.__sf_fake_stdin
                0x00007da4       0x20 c:/program files (x86)/atmel/studio/7.0/toolchain/arm/arm-gnu-toolchain/bin/../lib/gcc/arm-none-eabi/6.3.1/../../../../arm-none-eabi/lib/thumb/v6-m\libc_nano.a(lib_a-findfp.o)
                0x00007da4                __sf_fake_stdin
 .rodata.__sf_fake_stdout
                0x00007dc4       0x20 c:/program files (x86)/atmel/studio/7.0/toolchain/arm/arm-gnu-toolchain/bin/../lib/gcc/arm-none-eabi/6.3.1/../../../../arm-none-eabi/lib/thumb/v6-m\libc_nano.a(lib_a-findfp.o)
                0x00007dc4                __sf_fake_stdout
 .rodata._vfprintf_r.str1.1
                0x00007de4       0x11 c:/program files (x86)/atmel/studio/7.0/toolchain/arm/arm-gnu-toolchain/bin/../lib/gcc/arm-none-eabi/6.3.1/../../../../arm-none-eabi/lib/thumb/v6-m\libc_nano.a(lib_a-nano-vfprintf.o)
 .rodata._printf_i.str1.1
                0x00007df5       0x22 c:/program files (x86)/atmel/studio/7.0/toolchain/arm/arm-gnu-toolchain/bin/../lib/gcc/arm-none-eabi/6.3.1/../../../../arm-none-eabi/lib/thumb/v6-m\libc_nano.a(lib_a-nano-vfprintf_i.o)
 *(.ARM.extab* .gnu.linkonce.armextab.*)
                0x00007e18                . = ALIGN (0x4)
 *fill*         0x00007e17        0x1 
 *(.init)
 .init          0x00007e18        0x4 c:/program files (x86)/atmel/studio/7.0/toolchain/arm/arm-gnu-toolchain/bin/../lib/gcc/arm-none-eabi/6.3.1/thumb/v6-m/crti.o
                0x00007e18                _init
 .init          0x00007e1c        0x8 c:/program files (x86)/atmel/studio/7.0/toolchain/arm/arm-gnu-toolchain/bin/../lib/gcc/arm-none-eabi/6.3.1/thumb/v6-m/crtn.o
                0x00007e24                . = ALIGN (0x4)
                0x00007e24                __preinit_array_start = .
 *(.preinit_array)
                0x00007e24                __preinit_array_end = .
                0x00007e24                . = ALIGN (0x4)
                0x00007e24                __init_array_start = .
 *(SORT(.init_array.*))
 *(.init_array)
 .init_array    0x00007e24        0x4 c:/program files (x86)/atmel/studio/7.0/toolchain/arm/arm-gnu-toolchain/bin/../lib/gcc/arm-none-eabi/6.3.1/thumb/v6-m/crtbegin.o
                0x00007e28                __init_array_end = .
                0x00007e28                . = ALIGN (0x4)
 *crtbegin.o(.ctors)
 *(EXCLUDE_FILE(*crtend.o) .ctors)
 *(SORT(.ctors.*))
 *crtend.o(.ctors)
                0x00007e28                . = ALIGN (0x4)
 *(.fini)
 .fini          0x00007e28        0x4 c:/program files (x86)/atmel/studio/7.0/toolchain/arm/arm-gnu-toolchain/bin/../lib/gcc/arm-none-eabi/6.3.1/thumb/v6-m/crti.o
                0x00007e28                _fini
 .fini          0x00007e2c        0x8 c:/program files (x86)/atmel/studio/7.0/toolchain/arm/arm-gnu-toolchain/bin/../lib/gcc/arm-none-eabi/6.3.1/thumb/v6-m/crtn.o
                0x00007e34                . = ALIGN (0x4)
                0x00007e34                __fini_array_start = .
 *(.fini_array)
 .fini_array    0x00007e34        0x4 c:/program files (x86)/atmel/studio/7.0/toolchain/arm/arm-gnu-toolchain/bin/../lib/gcc/arm-none-eabi/6.3.1/thumb/v6-m/crtbegin.o
 *(SORT(.fini_array.*))
                0x00007e38                __fini_array_end = .
 *crtbegin.o(.dtors)
 *(EXCLUDE_FILE(*crtend.o) .dtors)
 *(SORT(.dtors.*))
 *crtend.o(.dtors)
                0x00007e38                . = ALIGN (0x4)
                0x00007e38                _efixed = .
                [!provide]                PROVIDE (__exidx_start, .)

.vfp11_veneer   0x00007e38        0x0
 .vfp11_veneer  0x00007e38        0x0 linker stubs

.v4_bx          0x00007e38        0x0
 .v4_bx         0x00007e38        0x0 linker stubs

.iplt           0x00007e38        0x0
 .iplt          0x00007e38        0x0 c:/program files (x86)/atmel/studio/7.0/toolchain/arm/arm-gnu-toolchain/bin/../lib/gcc/arm-none-eabi/6.3.1/thumb/v6-m/crtbegin.o

.eh_frame       0x00007e38        0x0
 .eh_frame      0x00007e38        0x0 c:/program files (x86)/atmel/studio/7.0/toolchain/arm/arm-gnu-toolchain/bin/../lib/gcc/arm-none-eabi/6.3.1/thumb/v6-m/crtbegin.o

.rel.dyn        0x00007e38        0x0
 .rel.iplt      0x00007e38        0x0 c:/program files (x86)/atmel/studio/7.0/toolchain/arm/arm-gnu-toolchain/bin/../lib/gcc/arm-none-eabi/6.3.1/thumb/v6-m/crtbegin.o

.jcr            0x00007e38        0x0
 .jcr           0x00007e38        0x0 c:/program files (x86)/atmel/studio/7.0/toolchain/arm/arm-gnu-toolchain/bin/../lib/gcc/arm-none-eabi/6.3.1/thumb/v6-m/crtbegin.o

.igot.plt       0x00007e38        0x0
 .igot.plt      0x00007e38        0x0 c:/program files (x86)/atmel/studio/7.0/toolchain/arm/arm-gnu-toolchain/bin/../lib/gcc/arm-none-eabi/6.3.1/thumb/v6-m/crtbegin.o

.ARM.exidx
 *(.ARM.exidx* .gnu.linkonce.armexidx.*)
                [!provide]                PROVIDE (__exidx_end, .)
                0x00007e38                . = ALIGN (0x4)
                0x00007e38                _etext = .

.relocate       0x20000000      0x1d8 load address 0x00007e38
                0x20000000                . = ALIGN (0x4)
                0x20000000                _srelocate = .
 *(.ramfunc .ramfunc.*)
 *(.data .data.*)
 .data.MAXSIZE  0x20000000        0x4 src/overflow.o
                0x20000000                MAXSIZE
 .data.frontParam
                0x20000004        0x4 src/overflow.o
                0x20000004                frontParam
 .data.frontParser
                0x20000008        0x4 src/overflow.o
                0x20000008                frontParser
 .data.rearParam
                0x2000000c        0x4 src/overflow.o
                0x2000000c                rearParam
 .data.rearParser
                0x20000010        0x4 src/overflow.o
                0x20000010                rearParser
 .data.cycles_per_ms
                0x20000014        0x4 src/ASF/common2/services/delay/sam0/systick_counter.o
 .data.cycles_per_us
                0x20000018        0x4 src/ASF/common2/services/delay/sam0/systick_counter.o
 .data.g_interrupt_enabled
                0x2000001c        0x1 src/ASF/common/utils/interrupt/interrupt_sam_nvic.o
                0x2000001c                g_interrupt_enabled
 *fill*         0x2000001d        0x3 
 .data.SystemCoreClock
                0x20000020        0x4 src/ASF/sam0/utils/cmsis/samd21/source/system_samd21.o
                0x20000020                SystemCoreClock
 .data.cursorBlinkState
                0x20000024        0x1 src/keyboard.o
                0x20000024                cursorBlinkState
 *fill*         0x20000025        0x3 
 .data.keyDownBuffer
                0x20000028       0x14 src/keyboard.o
                0x20000028                keyDownBuffer
 .data.scanCodeBuffer
                0x2000003c       0x14 src/keyboard.o
                0x2000003c                scanCodeBuffer
 .data.scanCodes
                0x20000050      0x118 src/keyboard.o
                0x20000050                scanCodes
 .data.display_X_size
                0x20000168        0x2 src/LCD.o
                0x20000168                display_X_size
 .data.display_Y_size
                0x2000016a        0x2 src/LCD.o
                0x2000016a                display_Y_size
 .data.lineFeed
                0x2000016c        0x1 src/main.o
                0x2000016c                lineFeed
 *fill*         0x2000016d        0x3 
 .data.lineFeedNewLine
                0x20000170        0x4 src/main.o
                0x20000170                lineFeedNewLine
 .data._impure_ptr
                0x20000174        0x4 c:/program files (x86)/atmel/studio/7.0/toolchain/arm/arm-gnu-toolchain/bin/../lib/gcc/arm-none-eabi/6.3.1/../../../../arm-none-eabi/lib/thumb/v6-m\libc_nano.a(lib_a-impure.o)
                0x20000174                _impure_ptr
 .data.impure_data
                0x20000178       0x60 c:/program files (x86)/atmel/studio/7.0/toolchain/arm/arm-gnu-toolchain/bin/../lib/gcc/arm-none-eabi/6.3.1/../../../../arm-none-eabi/lib/thumb/v6-m\libc_nano.a(lib_a-impure.o)
                0x200001d8                . = ALIGN (0x4)
                0x200001d8                _erelocate = .

.bss            0x200001d8      0x998 load address 0x00008010
                0x200001d8                . = ALIGN (0x4)
                0x200001d8                _sbss = .
                0x200001d8                _szero = .
 *(.bss .bss.*)
 .bss           0x200001d8       0x1c c:/program files (x86)/atmel/studio/7.0/toolchain/arm/arm-gnu-toolchain/bin/../lib/gcc/arm-none-eabi/6.3.1/thumb/v6-m/crtbegin.o
 .bss.DECSCX    0x200001f4        0x1 src/parser.o
                0x200001f4                DECSCX
 .bss.DECSCY    0x200001f5        0x1 src/parser.o
                0x200001f5                DECSCY
 *fill*         0x200001f6        0x2 
 .bss.splashText.13161
                0x200001f8       0x80 src/splash.o
 .bss.cpu_irq_critical_section_counter
                0x20000278        0x4 src/ASF/common/utils/interrupt/interrupt_sam_nvic.o
 .bss.cpu_irq_prev_interrupt_state
                0x2000027c        0x1 src/ASF/common/utils/interrupt/interrupt_sam_nvic.o
 *fill*         0x2000027d        0x3 
 .bss._sercom_config
                0x20000280        0x2 src/ASF/sam0/drivers/sercom/sercom.o
 .bss._handler_table_initialized
                0x20000282        0x1 src/ASF/sam0/drivers/sercom/sercom_interrupt.o
 *fill*         0x20000283        0x1 
 .bss._sercom_interrupt_handlers
                0x20000284       0x18 src/ASF/sam0/drivers/sercom/sercom_interrupt.o
 .bss._system_clock_inst
                0x2000029c       0x18 src/ASF/sam0/drivers/system/clock/clock_samd21_r21_da_ha1/clock.o
 .bss.heap.5296
                0x200002b4        0x4 src/ASF/sam0/utils/syscalls/gcc/syscalls.o
 .bss.xCharPos  0x200002b8        0x2 src/console.o
                0x200002b8                xCharPos
 .bss.yCharPos  0x200002ba        0x2 src/console.o
                0x200002ba                yCharPos
 .bss.breakEnable
                0x200002bc        0x1 src/main.o
                0x200002bc                breakEnable
 .bss.currentState
                0x200002bd        0x1 src/main.o
                0x200002bd                currentState
 .bss.funcLock  0x200002be        0x1 src/main.o
                0x200002be                funcLock
 .bss.localEcho
                0x200002bf        0x1 src/main.o
                0x200002bf                localEcho
 .bss.ul_tickcount
                0x200002c0        0x2 src/main.o
                0x200002c0                ul_tickcount
 *fill*         0x200002c2        0x2 
 .bss.__malloc_free_list
                0x200002c4        0x4 c:/program files (x86)/atmel/studio/7.0/toolchain/arm/arm-gnu-toolchain/bin/../lib/gcc/arm-none-eabi/6.3.1/../../../../arm-none-eabi/lib/thumb/v6-m\libc_nano.a(lib_a-nano-mallocr.o)
                0x200002c4                __malloc_free_list
 .bss.__malloc_sbrk_start
                0x200002c8        0x4 c:/program files (x86)/atmel/studio/7.0/toolchain/arm/arm-gnu-toolchain/bin/../lib/gcc/arm-none-eabi/6.3.1/../../../../arm-none-eabi/lib/thumb/v6-m\libc_nano.a(lib_a-nano-mallocr.o)
                0x200002c8                __malloc_sbrk_start
 *(COMMON)
 COMMON         0x200002cc       0x66 src/overflow.o
                0x200002cc                queueParser
                0x20000300                queueParam
 *fill*         0x20000332        0x2 
 COMMON         0x20000334       0x22 src/parser.o
                0x20000334                capsLock
                0x20000338                parserBuffer
                0x20000342                stateEnterBuffer
                0x20000344                paramBuffer
                0x20000354                scrollLock
                0x20000355                sPoNgEbObCaSe
 *fill*         0x20000356        0x2 
 COMMON         0x20000358        0x8 src/uart.o
                0x20000358                tempCharacter
                0x2000035c                ouroboros
 COMMON         0x20000360        0x4 src/ASF/sam0/drivers/adc/adc_sam_d_r_h/adc_callback.o
                0x20000360                _adc_instances
 COMMON         0x20000364       0x18 src/ASF/sam0/drivers/sercom/sercom_interrupt.o
                0x20000364                _sercom_instances
 COMMON         0x2000037c        0x4 src/ASF/sam0/utils/stdio/read.o
                0x2000037c                ptr_get
 COMMON         0x20000380        0x8 src/ASF/sam0/utils/stdio/write.o
                0x20000380                ptr_put
                0x20000384                stdio_base
 COMMON         0x20000388       0x35 src/config/config_usart.o
                0x20000388                usart_instance
                0x200003bc                read_buffer
 *fill*         0x200003bd        0x3 
 COMMON         0x200003c0      0x780 src/keyboard.o
                0x200003c0                consoleDisplay
 COMMON         0x20000b40        0x8 src/LCD.o
                0x20000b40                back_Color_Low
                0x20000b42                fore_Color_High
                0x20000b44                fore_Color_Low
                0x20000b46                back_Color_High
 COMMON         0x20000b48       0x24 src/main.o
                0x20000b48                rx_buf
                0x20000b4c                adc_instance
 COMMON         0x20000b6c        0x4 c:/program files (x86)/atmel/studio/7.0/toolchain/arm/arm-gnu-toolchain/bin/../lib/gcc/arm-none-eabi/6.3.1/../../../../arm-none-eabi/lib/thumb/v6-m\libc_nano.a(lib_a-reent.o)
                0x20000b6c                errno
                0x20000b70                . = ALIGN (0x4)
                0x20000b70                _ebss = .
                0x20000b70                _ezero = .

.stack          0x20000b70     0x2000 load address 0x000089a8
                0x20000b70                . = ALIGN (0x8)
                0x20000b70                _sstack = .
                0x20002b70                . = (. + STACK_SIZE)
 *fill*         0x20000b70     0x2000 
                0x20002b70                . = ALIGN (0x8)
                0x20002b70                _estack = .
                0x20002b70                . = ALIGN (0x4)
                0x20002b70                _end = .
OUTPUT(DumBadgeFirmware.elf elf32-littlearm)

.ARM.attributes
                0x00000000       0x28
 .ARM.attributes
                0x00000000       0x1e c:/program files (x86)/atmel/studio/7.0/toolchain/arm/arm-gnu-toolchain/bin/../lib/gcc/arm-none-eabi/6.3.1/thumb/v6-m/crti.o
 .ARM.attributes
                0x0000001e       0x2c c:/program files (x86)/atmel/studio/7.0/toolchain/arm/arm-gnu-toolchain/bin/../lib/gcc/arm-none-eabi/6.3.1/thumb/v6-m/crtbegin.o
 .ARM.attributes
                0x0000004a       0x32 src/ouroboros.o
 .ARM.attributes
                0x0000007c       0x32 src/overflow.o
 .ARM.attributes
                0x000000ae       0x32 src/parser.o
 .ARM.attributes
                0x000000e0       0x32 src/splash.o
 .ARM.attributes
                0x00000112       0x32 src/uart.o
 .ARM.attributes
                0x00000144       0x32 src/ASF/common2/services/delay/sam0/systick_counter.o
 .ARM.attributes
                0x00000176       0x32 src/ASF/common/utils/interrupt/interrupt_sam_nvic.o
 .ARM.attributes
                0x000001a8       0x32 src/ASF/sam0/boards/samd21_xplained_pro/board_init.o
 .ARM.attributes
                0x000001da       0x32 src/ASF/sam0/drivers/adc/adc_sam_d_r_h/adc.o
 .ARM.attributes
                0x0000020c       0x32 src/ASF/sam0/drivers/adc/adc_sam_d_r_h/adc_callback.o
 .ARM.attributes
                0x0000023e       0x32 src/ASF/sam0/drivers/port/port.o
 .ARM.attributes
                0x00000270       0x32 src/ASF/sam0/drivers/sercom/sercom.o
 .ARM.attributes
                0x000002a2       0x32 src/ASF/sam0/drivers/sercom/sercom_interrupt.o
 .ARM.attributes
                0x000002d4       0x32 src/ASF/sam0/drivers/sercom/usart/usart.o
 .ARM.attributes
                0x00000306       0x32 src/ASF/sam0/drivers/sercom/usart/usart_interrupt.o
 .ARM.attributes
                0x00000338       0x32 src/ASF/sam0/drivers/system/clock/clock_samd21_r21_da_ha1/clock.o
 .ARM.attributes
                0x0000036a       0x32 src/ASF/sam0/drivers/system/clock/clock_samd21_r21_da_ha1/gclk.o
 .ARM.attributes
                0x0000039c       0x32 src/ASF/sam0/drivers/system/pinmux/pinmux.o
 .ARM.attributes
                0x000003ce       0x32 src/ASF/sam0/drivers/system/system.o
 .ARM.attributes
                0x00000400       0x32 src/ASF/sam0/utils/cmsis/samd21/source/gcc/startup_samd21.o
 .ARM.attributes
                0x00000432       0x32 src/ASF/sam0/utils/cmsis/samd21/source/system_samd21.o
 .ARM.attributes
                0x00000464       0x32 src/ASF/sam0/utils/stdio/read.o
 .ARM.attributes
                0x00000496       0x32 src/ASF/sam0/utils/stdio/write.o
 .ARM.attributes
                0x000004c8       0x32 src/ASF/sam0/utils/syscalls/gcc/syscalls.o
 .ARM.attributes
                0x000004fa       0x32 src/config/config_usart.o
 .ARM.attributes
                0x0000052c       0x32 src/console.o
 .ARM.attributes
                0x0000055e       0x32 src/keyboard.o
 .ARM.attributes
                0x00000590       0x32 src/LCD.o
 .ARM.attributes
                0x000005c2       0x32 src/LCDBus.o
 .ARM.attributes
                0x000005f4       0x32 src/main.o
 .ARM.attributes
                0x00000626       0x1e c:/program files (x86)/atmel/studio/7.0/toolchain/arm/arm-gnu-toolchain/bin/../lib/gcc/arm-none-eabi/6.3.1/thumb/v6-m\libgcc.a(_udivsi3.o)
 .ARM.attributes
                0x00000644       0x1e c:/program files (x86)/atmel/studio/7.0/toolchain/arm/arm-gnu-toolchain/bin/../lib/gcc/arm-none-eabi/6.3.1/thumb/v6-m\libgcc.a(_divsi3.o)
 .ARM.attributes
                0x00000662       0x1e c:/program files (x86)/atmel/studio/7.0/toolchain/arm/arm-gnu-toolchain/bin/../lib/gcc/arm-none-eabi/6.3.1/thumb/v6-m\libgcc.a(_dvmd_tls.o)
 .ARM.attributes
                0x00000680       0x2c c:/program files (x86)/atmel/studio/7.0/toolchain/arm/arm-gnu-toolchain/bin/../lib/gcc/arm-none-eabi/6.3.1/thumb/v6-m\libgcc.a(_muldi3.o)
 .ARM.attributes
                0x000006ac       0x2c c:/program files (x86)/atmel/studio/7.0/toolchain/arm/arm-gnu-toolchain/bin/../lib/gcc/arm-none-eabi/6.3.1/../../../../arm-none-eabi/lib/thumb/v6-m\libc_nano.a(lib_a-impure.o)
 .ARM.attributes
                0x000006d8       0x2c c:/program files (x86)/atmel/studio/7.0/toolchain/arm/arm-gnu-toolchain/bin/../lib/gcc/arm-none-eabi/6.3.1/../../../../arm-none-eabi/lib/thumb/v6-m\libc_nano.a(lib_a-init.o)
 .ARM.attributes
                0x00000704       0x2c c:/program files (x86)/atmel/studio/7.0/toolchain/arm/arm-gnu-toolchain/bin/../lib/gcc/arm-none-eabi/6.3.1/../../../../arm-none-eabi/lib/thumb/v6-m\libc_nano.a(lib_a-itoa.o)
 .ARM.attributes
                0x00000730       0x2c c:/program files (x86)/atmel/studio/7.0/toolchain/arm/arm-gnu-toolchain/bin/../lib/gcc/arm-none-eabi/6.3.1/../../../../arm-none-eabi/lib/thumb/v6-m\libc_nano.a(lib_a-malloc.o)
 .ARM.attributes
                0x0000075c       0x2c c:/program files (x86)/atmel/studio/7.0/toolchain/arm/arm-gnu-toolchain/bin/../lib/gcc/arm-none-eabi/6.3.1/../../../../arm-none-eabi/lib/thumb/v6-m\libc_nano.a(lib_a-memcpy-stub.o)
 .ARM.attributes
                0x00000788       0x2c c:/program files (x86)/atmel/studio/7.0/toolchain/arm/arm-gnu-toolchain/bin/../lib/gcc/arm-none-eabi/6.3.1/../../../../arm-none-eabi/lib/thumb/v6-m\libc_nano.a(lib_a-memset.o)
 .ARM.attributes
                0x000007b4       0x2c c:/program files (x86)/atmel/studio/7.0/toolchain/arm/arm-gnu-toolchain/bin/../lib/gcc/arm-none-eabi/6.3.1/../../../../arm-none-eabi/lib/thumb/v6-m\libc_nano.a(lib_a-nano-freer.o)
 .ARM.attributes
                0x000007e0       0x2c c:/program files (x86)/atmel/studio/7.0/toolchain/arm/arm-gnu-toolchain/bin/../lib/gcc/arm-none-eabi/6.3.1/../../../../arm-none-eabi/lib/thumb/v6-m\libc_nano.a(lib_a-nano-mallocr.o)
 .ARM.attributes
                0x0000080c       0x2c c:/program files (x86)/atmel/studio/7.0/toolchain/arm/arm-gnu-toolchain/bin/../lib/gcc/arm-none-eabi/6.3.1/../../../../arm-none-eabi/lib/thumb/v6-m\libc_nano.a(lib_a-printf.o)
 .ARM.attributes
                0x00000838       0x2c c:/program files (x86)/atmel/studio/7.0/toolchain/arm/arm-gnu-toolchain/bin/../lib/gcc/arm-none-eabi/6.3.1/../../../../arm-none-eabi/lib/thumb/v6-m\libc_nano.a(lib_a-putchar.o)
 .ARM.attributes
                0x00000864       0x2c c:/program files (x86)/atmel/studio/7.0/toolchain/arm/arm-gnu-toolchain/bin/../lib/gcc/arm-none-eabi/6.3.1/../../../../arm-none-eabi/lib/thumb/v6-m\libc_nano.a(lib_a-rand.o)
 .ARM.attributes
                0x00000890       0x2c c:/program files (x86)/atmel/studio/7.0/toolchain/arm/arm-gnu-toolchain/bin/../lib/gcc/arm-none-eabi/6.3.1/../../../../arm-none-eabi/lib/thumb/v6-m\libc_nano.a(lib_a-sbrkr.o)
 .ARM.attributes
                0x000008bc       0x2c c:/program files (x86)/atmel/studio/7.0/toolchain/arm/arm-gnu-toolchain/bin/../lib/gcc/arm-none-eabi/6.3.1/../../../../arm-none-eabi/lib/thumb/v6-m\libc_nano.a(lib_a-setbuf.o)
 .ARM.attributes
                0x000008e8       0x2c c:/program files (x86)/atmel/studio/7.0/toolchain/arm/arm-gnu-toolchain/bin/../lib/gcc/arm-none-eabi/6.3.1/../../../../arm-none-eabi/lib/thumb/v6-m\libc_nano.a(lib_a-setvbuf.o)
 .ARM.attributes
                0x00000914       0x2c c:/program files (x86)/atmel/studio/7.0/toolchain/arm/arm-gnu-toolchain/bin/../lib/gcc/arm-none-eabi/6.3.1/../../../../arm-none-eabi/lib/thumb/v6-m\libc_nano.a(lib_a-strcat.o)
 .ARM.attributes
                0x00000940       0x1c c:/program files (x86)/atmel/studio/7.0/toolchain/arm/arm-gnu-toolchain/bin/../lib/gcc/arm-none-eabi/6.3.1/../../../../arm-none-eabi/lib/thumb/v6-m\libc_nano.a(lib_a-strlen.o)
 .ARM.attributes
                0x0000095c       0x2c c:/program files (x86)/atmel/studio/7.0/toolchain/arm/arm-gnu-toolchain/bin/../lib/gcc/arm-none-eabi/6.3.1/../../../../arm-none-eabi/lib/thumb/v6-m\libc_nano.a(lib_a-utoa.o)
 .ARM.attributes
                0x00000988       0x2c c:/program files (x86)/atmel/studio/7.0/toolchain/arm/arm-gnu-toolchain/bin/../lib/gcc/arm-none-eabi/6.3.1/../../../../arm-none-eabi/lib/thumb/v6-m\libc_nano.a(lib_a-fflush.o)
 .ARM.attributes
                0x000009b4       0x2c c:/program files (x86)/atmel/studio/7.0/toolchain/arm/arm-gnu-toolchain/bin/../lib/gcc/arm-none-eabi/6.3.1/../../../../arm-none-eabi/lib/thumb/v6-m\libc_nano.a(lib_a-findfp.o)
 .ARM.attributes
                0x000009e0       0x2c c:/program files (x86)/atmel/studio/7.0/toolchain/arm/arm-gnu-toolchain/bin/../lib/gcc/arm-none-eabi/6.3.1/../../../../arm-none-eabi/lib/thumb/v6-m\libc_nano.a(lib_a-fwalk.o)
 .ARM.attributes
                0x00000a0c       0x2c c:/program files (x86)/atmel/studio/7.0/toolchain/arm/arm-gnu-toolchain/bin/../lib/gcc/arm-none-eabi/6.3.1/../../../../arm-none-eabi/lib/thumb/v6-m\libc_nano.a(lib_a-makebuf.o)
 .ARM.attributes
                0x00000a38       0x2c c:/program files (x86)/atmel/studio/7.0/toolchain/arm/arm-gnu-toolchain/bin/../lib/gcc/arm-none-eabi/6.3.1/../../../../arm-none-eabi/lib/thumb/v6-m\libc_nano.a(lib_a-mlock.o)
 .ARM.attributes
                0x00000a64       0x2c c:/program files (x86)/atmel/studio/7.0/toolchain/arm/arm-gnu-toolchain/bin/../lib/gcc/arm-none-eabi/6.3.1/../../../../arm-none-eabi/lib/thumb/v6-m\libc_nano.a(lib_a-nano-vfprintf.o)
 .ARM.attributes
                0x00000a90       0x2c c:/program files (x86)/atmel/studio/7.0/toolchain/arm/arm-gnu-toolchain/bin/../lib/gcc/arm-none-eabi/6.3.1/../../../../arm-none-eabi/lib/thumb/v6-m\libc_nano.a(lib_a-nano-vfprintf_i.o)
 .ARM.attributes
                0x00000abc       0x2c c:/program files (x86)/atmel/studio/7.0/toolchain/arm/arm-gnu-toolchain/bin/../lib/gcc/arm-none-eabi/6.3.1/../../../../arm-none-eabi/lib/thumb/v6-m\libc_nano.a(lib_a-putc.o)
 .ARM.attributes
                0x00000ae8       0x2c c:/program files (x86)/atmel/studio/7.0/toolchain/arm/arm-gnu-toolchain/bin/../lib/gcc/arm-none-eabi/6.3.1/../../../../arm-none-eabi/lib/thumb/v6-m\libc_nano.a(lib_a-reent.o)
 .ARM.attributes
                0x00000b14       0x2c c:/program files (x86)/atmel/studio/7.0/toolchain/arm/arm-gnu-toolchain/bin/../lib/gcc/arm-none-eabi/6.3.1/../../../../arm-none-eabi/lib/thumb/v6-m\libc_nano.a(lib_a-stdio.o)
 .ARM.attributes
                0x00000b40       0x2c c:/program files (x86)/atmel/studio/7.0/toolchain/arm/arm-gnu-toolchain/bin/../lib/gcc/arm-none-eabi/6.3.1/../../../../arm-none-eabi/lib/thumb/v6-m\libc_nano.a(lib_a-wbuf.o)
 .ARM.attributes
                0x00000b6c       0x2c c:/program files (x86)/atmel/studio/7.0/toolchain/arm/arm-gnu-toolchain/bin/../lib/gcc/arm-none-eabi/6.3.1/../../../../arm-none-eabi/lib/thumb/v6-m\libc_nano.a(lib_a-writer.o)
 .ARM.attributes
                0x00000b98       0x2c c:/program files (x86)/atmel/studio/7.0/toolchain/arm/arm-gnu-toolchain/bin/../lib/gcc/arm-none-eabi/6.3.1/../../../../arm-none-eabi/lib/thumb/v6-m\libc_nano.a(lib_a-wsetup.o)
 .ARM.attributes
                0x00000bc4       0x2c c:/program files (x86)/atmel/studio/7.0/toolchain/arm/arm-gnu-toolchain/bin/../lib/gcc/arm-none-eabi/6.3.1/../../../../arm-none-eabi/lib/thumb/v6-m\libc_nano.a(lib_a-closer.o)
 .ARM.attributes
                0x00000bf0       0x2c c:/program files (x86)/atmel/studio/7.0/toolchain/arm/arm-gnu-toolchain/bin/../lib/gcc/arm-none-eabi/6.3.1/../../../../arm-none-eabi/lib/thumb/v6-m\libc_nano.a(lib_a-fstatr.o)
 .ARM.attributes
                0x00000c1c       0x2c c:/program files (x86)/atmel/studio/7.0/toolchain/arm/arm-gnu-toolchain/bin/../lib/gcc/arm-none-eabi/6.3.1/../../../../arm-none-eabi/lib/thumb/v6-m\libc_nano.a(lib_a-isattyr.o)
 .ARM.attributes
                0x00000c48       0x2c c:/program files (x86)/atmel/studio/7.0/toolchain/arm/arm-gnu-toolchain/bin/../lib/gcc/arm-none-eabi/6.3.1/../../../../arm-none-eabi/lib/thumb/v6-m\libc_nano.a(lib_a-lseekr.o)
 .ARM.attributes
                0x00000c74       0x2c c:/program files (x86)/atmel/studio/7.0/toolchain/arm/arm-gnu-toolchain/bin/../lib/gcc/arm-none-eabi/6.3.1/../../../../arm-none-eabi/lib/thumb/v6-m\libc_nano.a(lib_a-memchr-stub.o)
 .ARM.attributes
                0x00000ca0       0x2c c:/program files (x86)/atmel/studio/7.0/toolchain/arm/arm-gnu-toolchain/bin/../lib/gcc/arm-none-eabi/6.3.1/../../../../arm-none-eabi/lib/thumb/v6-m\libc_nano.a(lib_a-readr.o)
 .ARM.attributes
                0x00000ccc       0x1e c:/program files (x86)/atmel/studio/7.0/toolchain/arm/arm-gnu-toolchain/bin/../lib/gcc/arm-none-eabi/6.3.1/thumb/v6-m/crtn.o

.comment        0x00000000       0x59
 .comment       0x00000000       0x59 src/ouroboros.o
                                 0x5a (size before relaxing)
 .comment       0x00000059       0x5a src/overflow.o
 .comment       0x00000059       0x5a src/parser.o
 .comment       0x00000059       0x5a src/splash.o
 .comment       0x00000059       0x5a src/uart.o
 .comment       0x00000059       0x5a src/ASF/common2/services/delay/sam0/systick_counter.o
 .comment       0x00000059       0x5a src/ASF/common/utils/interrupt/interrupt_sam_nvic.o
 .comment       0x00000059       0x5a src/ASF/sam0/boards/samd21_xplained_pro/board_init.o
 .comment       0x00000059       0x5a src/ASF/sam0/drivers/adc/adc_sam_d_r_h/adc.o
 .comment       0x00000059       0x5a src/ASF/sam0/drivers/adc/adc_sam_d_r_h/adc_callback.o
 .comment       0x00000059       0x5a src/ASF/sam0/drivers/port/port.o
 .comment       0x00000059       0x5a src/ASF/sam0/drivers/sercom/sercom.o
 .comment       0x00000059       0x5a src/ASF/sam0/drivers/sercom/sercom_interrupt.o
 .comment       0x00000059       0x5a src/ASF/sam0/drivers/sercom/usart/usart.o
 .comment       0x00000059       0x5a src/ASF/sam0/drivers/sercom/usart/usart_interrupt.o
 .comment       0x00000059       0x5a src/ASF/sam0/drivers/system/clock/clock_samd21_r21_da_ha1/clock.o
 .comment       0x00000059       0x5a src/ASF/sam0/drivers/system/clock/clock_samd21_r21_da_ha1/gclk.o
 .comment       0x00000059       0x5a src/ASF/sam0/drivers/system/pinmux/pinmux.o
 .comment       0x00000059       0x5a src/ASF/sam0/drivers/system/system.o
 .comment       0x00000059       0x5a src/ASF/sam0/utils/cmsis/samd21/source/gcc/startup_samd21.o
 .comment       0x00000059       0x5a src/ASF/sam0/utils/cmsis/samd21/source/system_samd21.o
 .comment       0x00000059       0x5a src/ASF/sam0/utils/stdio/read.o
 .comment       0x00000059       0x5a src/ASF/sam0/utils/stdio/write.o
 .comment       0x00000059       0x5a src/ASF/sam0/utils/syscalls/gcc/syscalls.o
 .comment       0x00000059       0x5a src/config/config_usart.o
 .comment       0x00000059       0x5a src/console.o
 .comment       0x00000059       0x5a src/keyboard.o
 .comment       0x00000059       0x5a src/LCD.o
 .comment       0x00000059       0x5a src/LCDBus.o
 .comment       0x00000059       0x5a src/main.o

.debug_info     0x00000000    0x3d835
 .debug_info    0x00000000      0xc57 src/ouroboros.o
 .debug_info    0x00000c57      0xbe1 src/overflow.o
 .debug_info    0x00001838     0x2d59 src/parser.o
 .debug_info    0x00004591     0x227b src/splash.o
 .debug_info    0x0000680c     0x1a7c src/uart.o
 .debug_info    0x00008288      0xb8d src/ASF/common2/services/delay/sam0/systick_counter.o
 .debug_info    0x00008e15      0xb05 src/ASF/common/utils/interrupt/interrupt_sam_nvic.o
 .debug_info    0x0000991a     0x12ad src/ASF/sam0/boards/samd21_xplained_pro/board_init.o
 .debug_info    0x0000abc7     0x3e46 src/ASF/sam0/drivers/adc/adc_sam_d_r_h/adc.o
 .debug_info    0x0000ea0d     0x1c06 src/ASF/sam0/drivers/adc/adc_sam_d_r_h/adc_callback.o
 .debug_info    0x00010613     0x12b6 src/ASF/sam0/drivers/port/port.o
 .debug_info    0x000118c9     0x2ddf src/ASF/sam0/drivers/sercom/sercom.o
 .debug_info    0x000146a8     0x2be7 src/ASF/sam0/drivers/sercom/sercom_interrupt.o
 .debug_info    0x0001728f     0x499e src/ASF/sam0/drivers/sercom/usart/usart.o
 .debug_info    0x0001bc2d     0x3048 src/ASF/sam0/drivers/sercom/usart/usart_interrupt.o
 .debug_info    0x0001ec75     0x39d4 src/ASF/sam0/drivers/system/clock/clock_samd21_r21_da_ha1/clock.o
 .debug_info    0x00022649     0x1ec7 src/ASF/sam0/drivers/system/clock/clock_samd21_r21_da_ha1/gclk.o
 .debug_info    0x00024510     0x13f3 src/ASF/sam0/drivers/system/pinmux/pinmux.o
 .debug_info    0x00025903      0xa73 src/ASF/sam0/drivers/system/system.o
 .debug_info    0x00026376     0x3a3f src/ASF/sam0/utils/cmsis/samd21/source/gcc/startup_samd21.o
 .debug_info    0x00029db5       0xd5 src/ASF/sam0/utils/cmsis/samd21/source/system_samd21.o
 .debug_info    0x00029e8a      0xacf src/ASF/sam0/utils/stdio/read.o
 .debug_info    0x0002a959      0xacc src/ASF/sam0/utils/stdio/write.o
 .debug_info    0x0002b425      0xd98 src/ASF/sam0/utils/syscalls/gcc/syscalls.o
 .debug_info    0x0002c1bd     0x406f src/config/config_usart.o
 .debug_info    0x0003022c     0x1dc0 src/console.o
 .debug_info    0x00031fec     0x2765 src/keyboard.o
 .debug_info    0x00034751     0x1f95 src/LCD.o
 .debug_info    0x000366e6     0x2009 src/LCDBus.o
 .debug_info    0x000386ef     0x5146 src/main.o

.debug_abbrev   0x00000000     0x5d62
 .debug_abbrev  0x00000000      0x29f src/ouroboros.o
 .debug_abbrev  0x0000029f      0x254 src/overflow.o
 .debug_abbrev  0x000004f3      0x4f5 src/parser.o
 .debug_abbrev  0x000009e8      0x33b src/splash.o
 .debug_abbrev  0x00000d23      0x2b3 src/uart.o
 .debug_abbrev  0x00000fd6      0x24b src/ASF/common2/services/delay/sam0/systick_counter.o
 .debug_abbrev  0x00001221      0x23b src/ASF/common/utils/interrupt/interrupt_sam_nvic.o
 .debug_abbrev  0x0000145c      0x2dc src/ASF/sam0/boards/samd21_xplained_pro/board_init.o
 .debug_abbrev  0x00001738      0x45c src/ASF/sam0/drivers/adc/adc_sam_d_r_h/adc.o
 .debug_abbrev  0x00001b94      0x3b8 src/ASF/sam0/drivers/adc/adc_sam_d_r_h/adc_callback.o
 .debug_abbrev  0x00001f4c      0x298 src/ASF/sam0/drivers/port/port.o
 .debug_abbrev  0x000021e4      0x378 src/ASF/sam0/drivers/sercom/sercom.o
 .debug_abbrev  0x0000255c      0x2d8 src/ASF/sam0/drivers/sercom/sercom_interrupt.o
 .debug_abbrev  0x00002834      0x467 src/ASF/sam0/drivers/sercom/usart/usart.o
 .debug_abbrev  0x00002c9b      0x416 src/ASF/sam0/drivers/sercom/usart/usart_interrupt.o
 .debug_abbrev  0x000030b1      0x493 src/ASF/sam0/drivers/system/clock/clock_samd21_r21_da_ha1/clock.o
 .debug_abbrev  0x00003544      0x40d src/ASF/sam0/drivers/system/clock/clock_samd21_r21_da_ha1/gclk.o
 .debug_abbrev  0x00003951      0x361 src/ASF/sam0/drivers/system/pinmux/pinmux.o
 .debug_abbrev  0x00003cb2      0x1e1 src/ASF/sam0/drivers/system/system.o
 .debug_abbrev  0x00003e93      0x234 src/ASF/sam0/utils/cmsis/samd21/source/gcc/startup_samd21.o
 .debug_abbrev  0x000040c7       0x72 src/ASF/sam0/utils/cmsis/samd21/source/system_samd21.o
 .debug_abbrev  0x00004139      0x218 src/ASF/sam0/utils/stdio/read.o
 .debug_abbrev  0x00004351      0x203 src/ASF/sam0/utils/stdio/write.o
 .debug_abbrev  0x00004554      0x257 src/ASF/sam0/utils/syscalls/gcc/syscalls.o
 .debug_abbrev  0x000047ab      0x3eb src/config/config_usart.o
 .debug_abbrev  0x00004b96      0x381 src/console.o
 .debug_abbrev  0x00004f17      0x388 src/keyboard.o
 .debug_abbrev  0x0000529f      0x357 src/LCD.o
 .debug_abbrev  0x000055f6      0x298 src/LCDBus.o
 .debug_abbrev  0x0000588e      0x4d4 src/main.o

.debug_loc      0x00000000     0x7577
 .debug_loc     0x00000000      0x1ec src/ouroboros.o
 .debug_loc     0x000001ec       0xbe src/overflow.o
 .debug_loc     0x000002aa      0xd36 src/parser.o
 .debug_loc     0x00000fe0      0x138 src/splash.o
 .debug_loc     0x00001118       0x6d src/uart.o
 .debug_loc     0x00001185       0xe4 src/ASF/common2/services/delay/sam0/systick_counter.o
 .debug_loc     0x00001269       0x8b src/ASF/sam0/boards/samd21_xplained_pro/board_init.o
 .debug_loc     0x000012f4      0x891 src/ASF/sam0/drivers/adc/adc_sam_d_r_h/adc.o
 .debug_loc     0x00001b85      0x34a src/ASF/sam0/drivers/adc/adc_sam_d_r_h/adc_callback.o
 .debug_loc     0x00001ecf      0x13d src/ASF/sam0/drivers/port/port.o
 .debug_loc     0x0000200c      0x9d5 src/ASF/sam0/drivers/sercom/sercom.o
 .debug_loc     0x000029e1      0x161 src/ASF/sam0/drivers/sercom/sercom_interrupt.o
 .debug_loc     0x00002b42      0xd40 src/ASF/sam0/drivers/sercom/usart/usart.o
 .debug_loc     0x00003882      0x711 src/ASF/sam0/drivers/sercom/usart/usart_interrupt.o
 .debug_loc     0x00003f93      0xf77 src/ASF/sam0/drivers/system/clock/clock_samd21_r21_da_ha1/clock.o
 .debug_loc     0x00004f0a      0x504 src/ASF/sam0/drivers/system/clock/clock_samd21_r21_da_ha1/gclk.o
 .debug_loc     0x0000540e      0x36d src/ASF/sam0/drivers/system/pinmux/pinmux.o
 .debug_loc     0x0000577b       0x20 src/ASF/sam0/drivers/system/system.o
 .debug_loc     0x0000579b       0x40 src/ASF/sam0/utils/cmsis/samd21/source/gcc/startup_samd21.o
 .debug_loc     0x000057db       0xca src/ASF/sam0/utils/stdio/read.o
 .debug_loc     0x000058a5      0x130 src/ASF/sam0/utils/stdio/write.o
 .debug_loc     0x000059d5       0xef src/ASF/sam0/utils/syscalls/gcc/syscalls.o
 .debug_loc     0x00005ac4      0x270 src/config/config_usart.o
 .debug_loc     0x00005d34      0x43d src/console.o
 .debug_loc     0x00006171      0x4f9 src/keyboard.o
 .debug_loc     0x0000666a      0x600 src/LCD.o
 .debug_loc     0x00006c6a      0x277 src/LCDBus.o
 .debug_loc     0x00006ee1      0x696 src/main.o

.debug_aranges  0x00000000      0x8f0
 .debug_aranges
                0x00000000       0x48 src/ouroboros.o
 .debug_aranges
                0x00000048       0x68 src/overflow.o
 .debug_aranges
                0x000000b0      0x130 src/parser.o
 .debug_aranges
                0x000001e0       0x28 src/splash.o
 .debug_aranges
                0x00000208       0x28 src/uart.o
 .debug_aranges
                0x00000230       0x30 src/ASF/common2/services/delay/sam0/systick_counter.o
 .debug_aranges
                0x00000260       0x28 src/ASF/common/utils/interrupt/interrupt_sam_nvic.o
 .debug_aranges
                0x00000288       0x20 src/ASF/sam0/boards/samd21_xplained_pro/board_init.o
 .debug_aranges
                0x000002a8       0x38 src/ASF/sam0/drivers/adc/adc_sam_d_r_h/adc.o
 .debug_aranges
                0x000002e0       0x48 src/ASF/sam0/drivers/adc/adc_sam_d_r_h/adc_callback.o
 .debug_aranges
                0x00000328       0x28 src/ASF/sam0/drivers/port/port.o
 .debug_aranges
                0x00000350       0x48 src/ASF/sam0/drivers/sercom/sercom.o
 .debug_aranges
                0x00000398       0x60 src/ASF/sam0/drivers/sercom/sercom_interrupt.o
 .debug_aranges
                0x000003f8       0x40 src/ASF/sam0/drivers/sercom/usart/usart.o
 .debug_aranges
                0x00000438       0x70 src/ASF/sam0/drivers/sercom/usart/usart_interrupt.o
 .debug_aranges
                0x000004a8       0x78 src/ASF/sam0/drivers/system/clock/clock_samd21_r21_da_ha1/clock.o
 .debug_aranges
                0x00000520       0x80 src/ASF/sam0/drivers/system/clock/clock_samd21_r21_da_ha1/gclk.o
 .debug_aranges
                0x000005a0       0x40 src/ASF/sam0/drivers/system/pinmux/pinmux.o
 .debug_aranges
                0x000005e0       0x28 src/ASF/sam0/drivers/system/system.o
 .debug_aranges
                0x00000608       0x28 src/ASF/sam0/utils/cmsis/samd21/source/gcc/startup_samd21.o
 .debug_aranges
                0x00000630       0x28 src/ASF/sam0/utils/cmsis/samd21/source/system_samd21.o
 .debug_aranges
                0x00000658       0x20 src/ASF/sam0/utils/stdio/read.o
 .debug_aranges
                0x00000678       0x20 src/ASF/sam0/utils/stdio/write.o
 .debug_aranges
                0x00000698       0x60 src/ASF/sam0/utils/syscalls/gcc/syscalls.o
 .debug_aranges
                0x000006f8       0x38 src/config/config_usart.o
 .debug_aranges
                0x00000730       0x48 src/console.o
 .debug_aranges
                0x00000778       0x48 src/keyboard.o
 .debug_aranges
                0x000007c0       0x80 src/LCD.o
 .debug_aranges
                0x00000840       0x48 src/LCDBus.o
 .debug_aranges
                0x00000888       0x68 src/main.o

.debug_ranges   0x00000000      0xae8
 .debug_ranges  0x00000000       0x38 src/ouroboros.o
 .debug_ranges  0x00000038       0x58 src/overflow.o
 .debug_ranges  0x00000090      0x1d8 src/parser.o
 .debug_ranges  0x00000268       0x18 src/splash.o
 .debug_ranges  0x00000280       0x30 src/uart.o
 .debug_ranges  0x000002b0       0x50 src/ASF/common2/services/delay/sam0/systick_counter.o
 .debug_ranges  0x00000300       0x18 src/ASF/common/utils/interrupt/interrupt_sam_nvic.o
 .debug_ranges  0x00000318       0x10 src/ASF/sam0/boards/samd21_xplained_pro/board_init.o
 .debug_ranges  0x00000328       0xa0 src/ASF/sam0/drivers/adc/adc_sam_d_r_h/adc.o
 .debug_ranges  0x000003c8       0x50 src/ASF/sam0/drivers/adc/adc_sam_d_r_h/adc_callback.o
 .debug_ranges  0x00000418       0x18 src/ASF/sam0/drivers/port/port.o
 .debug_ranges  0x00000430       0x50 src/ASF/sam0/drivers/sercom/sercom.o
 .debug_ranges  0x00000480       0x50 src/ASF/sam0/drivers/sercom/sercom_interrupt.o
 .debug_ranges  0x000004d0      0x140 src/ASF/sam0/drivers/sercom/usart/usart.o
 .debug_ranges  0x00000610       0x60 src/ASF/sam0/drivers/sercom/usart/usart_interrupt.o
 .debug_ranges  0x00000670       0x68 src/ASF/sam0/drivers/system/clock/clock_samd21_r21_da_ha1/clock.o
 .debug_ranges  0x000006d8       0x88 src/ASF/sam0/drivers/system/clock/clock_samd21_r21_da_ha1/gclk.o
 .debug_ranges  0x00000760       0x30 src/ASF/sam0/drivers/system/pinmux/pinmux.o
 .debug_ranges  0x00000790       0x18 src/ASF/sam0/drivers/system/system.o
 .debug_ranges  0x000007a8       0x18 src/ASF/sam0/utils/cmsis/samd21/source/gcc/startup_samd21.o
 .debug_ranges  0x000007c0       0x18 src/ASF/sam0/utils/cmsis/samd21/source/system_samd21.o
 .debug_ranges  0x000007d8       0x10 src/ASF/sam0/utils/stdio/read.o
 .debug_ranges  0x000007e8       0x10 src/ASF/sam0/utils/stdio/write.o
 .debug_ranges  0x000007f8       0x50 src/ASF/sam0/utils/syscalls/gcc/syscalls.o
 .debug_ranges  0x00000848       0x28 src/config/config_usart.o
 .debug_ranges  0x00000870       0xb0 src/console.o
 .debug_ranges  0x00000920       0x80 src/keyboard.o
 .debug_ranges  0x000009a0       0xa0 src/LCD.o
 .debug_ranges  0x00000a40       0x38 src/LCDBus.o
 .debug_ranges  0x00000a78       0x70 src/main.o

.debug_macro    0x00000000    0x1fb4c
 .debug_macro   0x00000000      0x135 src/ouroboros.o
 .debug_macro   0x00000135      0x8c2 src/ouroboros.o
 .debug_macro   0x000009f7       0x22 src/ouroboros.o
 .debug_macro   0x00000a19       0x52 src/ouroboros.o
 .debug_macro   0x00000a6b       0x8d src/ouroboros.o
 .debug_macro   0x00000af8       0x35 src/ouroboros.o
 .debug_macro   0x00000b2d       0x9c src/ouroboros.o
 .debug_macro   0x00000bc9       0x16 src/ouroboros.o
 .debug_macro   0x00000bdf      0x10e src/ouroboros.o
 .debug_macro   0x00000ced       0x86 src/ouroboros.o
 .debug_macro   0x00000d73       0x57 src/ouroboros.o
 .debug_macro   0x00000dca       0x58 src/ouroboros.o
 .debug_macro   0x00000e22       0x1f src/ouroboros.o
 .debug_macro   0x00000e41       0x43 src/ouroboros.o
 .debug_macro   0x00000e84       0x20 src/ouroboros.o
 .debug_macro   0x00000ea4      0x187 src/ouroboros.o
 .debug_macro   0x0000102b      0x353 src/ouroboros.o
 .debug_macro   0x0000137e       0x16 src/ouroboros.o
 .debug_macro   0x00001394       0x29 src/ouroboros.o
 .debug_macro   0x000013bd       0xef src/ouroboros.o
 .debug_macro   0x000014ac       0x6a src/ouroboros.o
 .debug_macro   0x00001516      0x1df src/ouroboros.o
 .debug_macro   0x000016f5       0x22 src/ouroboros.o
 .debug_macro   0x00001717      0x196 src/overflow.o
 .debug_macro   0x000018ad       0x16 src/overflow.o
 .debug_macro   0x000018c3       0x97 src/overflow.o
 .debug_macro   0x0000195a       0xf6 src/overflow.o
 .debug_macro   0x00001a50       0x10 src/overflow.o
 .debug_macro   0x00001a60       0x10 src/overflow.o
 .debug_macro   0x00001a70       0x1c src/overflow.o
 .debug_macro   0x00001a8c       0x52 src/overflow.o
 .debug_macro   0x00001ade       0x40 src/overflow.o
 .debug_macro   0x00001b1e       0x10 src/overflow.o
 .debug_macro   0x00001b2e       0x40 src/overflow.o
 .debug_macro   0x00001b6e       0xd7 src/overflow.o
 .debug_macro   0x00001c45       0x16 src/overflow.o
 .debug_macro   0x00001c5b      0x18b src/overflow.o
 .debug_macro   0x00001de6      0x700 src/parser.o
 .debug_macro   0x000024e6       0x87 src/parser.o
 .debug_macro   0x0000256d       0x51 src/parser.o
 .debug_macro   0x000025be       0x58 src/parser.o
 .debug_macro   0x00002616       0x35 src/parser.o
 .debug_macro   0x0000264b       0x16 src/parser.o
 .debug_macro   0x00002661       0x16 src/parser.o
 .debug_macro   0x00002677      0x708 src/parser.o
 .debug_macro   0x00002d7f       0x16 src/parser.o
 .debug_macro   0x00002d95       0x76 src/parser.o
 .debug_macro   0x00002e0b       0x16 src/parser.o
 .debug_macro   0x00002e21      0x6db src/parser.o
 .debug_macro   0x000034fc      0xdd8 src/parser.o
 .debug_macro   0x000042d4       0x39 src/parser.o
 .debug_macro   0x0000430d       0x1c src/parser.o
 .debug_macro   0x00004329       0x22 src/parser.o
 .debug_macro   0x0000434b       0xaf src/parser.o
 .debug_macro   0x000043fa      0x3ad src/parser.o
 .debug_macro   0x000047a7      0x681 src/parser.o
 .debug_macro   0x00004e28      0x8b5 src/parser.o
 .debug_macro   0x000056dd      0x230 src/parser.o
 .debug_macro   0x0000590d      0xd60 src/parser.o
 .debug_macro   0x0000666d      0x4cb src/parser.o
 .debug_macro   0x00006b38      0x9f8 src/parser.o
 .debug_macro   0x00007530      0x82b src/parser.o
 .debug_macro   0x00007d5b      0x455 src/parser.o
 .debug_macro   0x000081b0       0x5e src/parser.o
 .debug_macro   0x0000820e      0x8fd src/parser.o
 .debug_macro   0x00008b0b      0x21c src/parser.o
 .debug_macro   0x00008d27      0x95b src/parser.o
 .debug_macro   0x00009682       0x5e src/parser.o
 .debug_macro   0x000096e0      0x667 src/parser.o
 .debug_macro   0x00009d47      0x3af src/parser.o
 .debug_macro   0x0000a0f6      0xc7a src/parser.o
 .debug_macro   0x0000ad70     0x1092 src/parser.o
 .debug_macro   0x0000be02      0xc4a src/parser.o
 .debug_macro   0x0000ca4c      0x6ba src/parser.o
 .debug_macro   0x0000d106     0x1bbf src/parser.o
 .debug_macro   0x0000ecc5     0x1440 src/parser.o
 .debug_macro   0x00010105      0x344 src/parser.o
 .debug_macro   0x00010449       0x7c src/parser.o
 .debug_macro   0x000104c5       0xa0 src/parser.o
 .debug_macro   0x00010565       0x4c src/parser.o
 .debug_macro   0x000105b1       0xca src/parser.o
 .debug_macro   0x0001067b       0x94 src/parser.o
 .debug_macro   0x0001070f       0x58 src/parser.o
 .debug_macro   0x00010767      0x37d src/parser.o
 .debug_macro   0x00010ae4       0x82 src/parser.o
 .debug_macro   0x00010b66      0x18d src/parser.o
 .debug_macro   0x00010cf3       0xb8 src/parser.o
 .debug_macro   0x00010dab       0xa0 src/parser.o
 .debug_macro   0x00010e4b       0xb8 src/parser.o
 .debug_macro   0x00010f03       0x1c src/parser.o
 .debug_macro   0x00010f1f       0x1c src/parser.o
 .debug_macro   0x00010f3b       0x1c src/parser.o
 .debug_macro   0x00010f57       0x82 src/parser.o
 .debug_macro   0x00010fd9      0x15a src/parser.o
 .debug_macro   0x00011133       0xdc src/parser.o
 .debug_macro   0x0001120f      0x128 src/parser.o
 .debug_macro   0x00011337      0x128 src/parser.o
 .debug_macro   0x0001145f      0x128 src/parser.o
 .debug_macro   0x00011587      0x128 src/parser.o
 .debug_macro   0x000116af      0x128 src/parser.o
 .debug_macro   0x000117d7      0x128 src/parser.o
 .debug_macro   0x000118ff      0x124 src/parser.o
 .debug_macro   0x00011a23       0xe2 src/parser.o
 .debug_macro   0x00011b05       0xe2 src/parser.o
 .debug_macro   0x00011be7       0xe2 src/parser.o
 .debug_macro   0x00011cc9       0xe2 src/parser.o
 .debug_macro   0x00011dab       0xe2 src/parser.o
 .debug_macro   0x00011e8d      0x130 src/parser.o
 .debug_macro   0x00011fbd      0x106 src/parser.o
 .debug_macro   0x000120c3       0xfa src/parser.o
 .debug_macro   0x000121bd      0x40f src/parser.o
 .debug_macro   0x000125cc       0x40 src/parser.o
 .debug_macro   0x0001260c      0x37d src/parser.o
 .debug_macro   0x00012989     0x1e52 src/parser.o
 .debug_macro   0x000147db       0x6d src/parser.o
 .debug_macro   0x00014848       0x51 src/parser.o
 .debug_macro   0x00014899       0x3e src/parser.o
 .debug_macro   0x000148d7      0x3df src/parser.o
 .debug_macro   0x00014cb6       0x11 src/parser.o
 .debug_macro   0x00014cc7       0x18 src/parser.o
 .debug_macro   0x00014cdf       0x16 src/parser.o
 .debug_macro   0x00014cf5       0x2e src/parser.o
 .debug_macro   0x00014d23       0x19 src/parser.o
 .debug_macro   0x00014d3c       0x1c src/parser.o
 .debug_macro   0x00014d58       0x16 src/parser.o
 .debug_macro   0x00014d6e      0x2d8 src/parser.o
 .debug_macro   0x00015046      0x9f4 src/parser.o
 .debug_macro   0x00015a3a       0x18 src/parser.o
 .debug_macro   0x00015a52       0x9a src/parser.o
 .debug_macro   0x00015aec       0x10 src/parser.o
 .debug_macro   0x00015afc       0x57 src/parser.o
 .debug_macro   0x00015b53       0x94 src/parser.o
 .debug_macro   0x00015be7      0x6a6 src/splash.o
 .debug_macro   0x0001628d      0x16d src/splash.o
 .debug_macro   0x000163fa       0x10 src/splash.o
 .debug_macro   0x0001640a       0x40 src/splash.o
 .debug_macro   0x0001644a       0xb5 src/splash.o
 .debug_macro   0x000164ff      0x34d src/splash.o
 .debug_macro   0x0001684c      0x6dd src/uart.o
 .debug_macro   0x00016f29      0x55a src/ASF/common2/services/delay/sam0/systick_counter.o
 .debug_macro   0x00017483       0x16 src/ASF/common2/services/delay/sam0/systick_counter.o
 .debug_macro   0x00017499      0x51f src/ASF/common/utils/interrupt/interrupt_sam_nvic.o
 .debug_macro   0x000179b8      0x55b src/ASF/sam0/boards/samd21_xplained_pro/board_init.o
 .debug_macro   0x00017f13       0x12 src/ASF/sam0/boards/samd21_xplained_pro/board_init.o
 .debug_macro   0x00017f25      0x59e src/ASF/sam0/drivers/adc/adc_sam_d_r_h/adc.o
 .debug_macro   0x000184c3      0x5a1 src/ASF/sam0/drivers/adc/adc_sam_d_r_h/adc_callback.o
 .debug_macro   0x00018a64      0x539 src/ASF/sam0/drivers/port/port.o
 .debug_macro   0x00018f9d      0x5ac src/ASF/sam0/drivers/sercom/sercom.o
 .debug_macro   0x00019549      0x5a9 src/ASF/sam0/drivers/sercom/sercom_interrupt.o
 .debug_macro   0x00019af2      0x5bd src/ASF/sam0/drivers/sercom/usart/usart.o
 .debug_macro   0x0001a0af       0x51 src/ASF/sam0/drivers/sercom/usart/usart.o
 .debug_macro   0x0001a100      0x5bd src/ASF/sam0/drivers/sercom/usart/usart_interrupt.o
 .debug_macro   0x0001a6bd      0x59e src/ASF/sam0/drivers/system/clock/clock_samd21_r21_da_ha1/clock.o
 .debug_macro   0x0001ac5b      0x298 src/ASF/sam0/drivers/system/clock/clock_samd21_r21_da_ha1/clock.o
 .debug_macro   0x0001aef3      0x555 src/ASF/sam0/drivers/system/clock/clock_samd21_r21_da_ha1/gclk.o
 .debug_macro   0x0001b448      0x52f src/ASF/sam0/drivers/system/pinmux/pinmux.o
 .debug_macro   0x0001b977       0x12 src/ASF/sam0/drivers/system/pinmux/pinmux.o
 .debug_macro   0x0001b989      0x562 src/ASF/sam0/drivers/system/system.o
 .debug_macro   0x0001beeb      0x306 src/ASF/sam0/utils/cmsis/samd21/source/gcc/startup_samd21.o
 .debug_macro   0x0001c1f1       0x3a src/ASF/sam0/utils/cmsis/samd21/source/gcc/startup_samd21.o
 .debug_macro   0x0001c22b      0x30c src/ASF/sam0/utils/cmsis/samd21/source/system_samd21.o
 .debug_macro   0x0001c537      0x51f src/ASF/sam0/utils/stdio/read.o
 .debug_macro   0x0001ca56      0x51f src/ASF/sam0/utils/stdio/write.o
 .debug_macro   0x0001cf75      0x1d6 src/ASF/sam0/utils/syscalls/gcc/syscalls.o
 .debug_macro   0x0001d14b       0x4c src/ASF/sam0/utils/syscalls/gcc/syscalls.o
 .debug_macro   0x0001d197       0x16 src/ASF/sam0/utils/syscalls/gcc/syscalls.o
 .debug_macro   0x0001d1ad       0x10 src/ASF/sam0/utils/syscalls/gcc/syscalls.o
 .debug_macro   0x0001d1bd       0x10 src/ASF/sam0/utils/syscalls/gcc/syscalls.o
 .debug_macro   0x0001d1cd       0x35 src/ASF/sam0/utils/syscalls/gcc/syscalls.o
 .debug_macro   0x0001d202      0x122 src/ASF/sam0/utils/syscalls/gcc/syscalls.o
 .debug_macro   0x0001d324      0x660 src/config/config_usart.o
 .debug_macro   0x0001d984       0x34 src/config/config_usart.o
 .debug_macro   0x0001d9b8      0x6c7 src/console.o
 .debug_macro   0x0001e07f      0x6cf src/keyboard.o
 .debug_macro   0x0001e74e      0x676 src/LCD.o
 .debug_macro   0x0001edc4      0x677 src/LCDBus.o
 .debug_macro   0x0001f43b      0x711 src/main.o

.debug_line     0x00000000    0x1533e
 .debug_line    0x00000000      0x387 src/ouroboros.o
 .debug_line    0x00000387      0x421 src/overflow.o
 .debug_line    0x000007a8     0x145a src/parser.o
 .debug_line    0x00001c02      0xe9b src/splash.o
 .debug_line    0x00002a9d      0xe27 src/uart.o
 .debug_line    0x000038c4      0x9e1 src/ASF/common2/services/delay/sam0/systick_counter.o
 .debug_line    0x000042a5      0x8e5 src/ASF/common/utils/interrupt/interrupt_sam_nvic.o
 .debug_line    0x00004b8a      0x992 src/ASF/sam0/boards/samd21_xplained_pro/board_init.o
 .debug_line    0x0000551c      0xd57 src/ASF/sam0/drivers/adc/adc_sam_d_r_h/adc.o
 .debug_line    0x00006273      0xc1b src/ASF/sam0/drivers/adc/adc_sam_d_r_h/adc_callback.o
 .debug_line    0x00006e8e      0x917 src/ASF/sam0/drivers/port/port.o
 .debug_line    0x000077a5      0xbf0 src/ASF/sam0/drivers/sercom/sercom.o
 .debug_line    0x00008395      0xb94 src/ASF/sam0/drivers/sercom/sercom_interrupt.o
 .debug_line    0x00008f29      0xd27 src/ASF/sam0/drivers/sercom/usart/usart.o
 .debug_line    0x00009c50      0xcea src/ASF/sam0/drivers/sercom/usart/usart_interrupt.o
 .debug_line    0x0000a93a      0xcda src/ASF/sam0/drivers/system/clock/clock_samd21_r21_da_ha1/clock.o
 .debug_line    0x0000b614      0xc93 src/ASF/sam0/drivers/system/clock/clock_samd21_r21_da_ha1/gclk.o
 .debug_line    0x0000c2a7      0x964 src/ASF/sam0/drivers/system/pinmux/pinmux.o