Archive member included to satisfy reference by file (symbol)

c:/program files (x86)/atmel/studio/7.0/toolchain/arm/arm-gnu-toolchain/bin/../lib/gcc/arm-none-eabi/6.3.1/thumb/v7e-m\libgcc.a(_arm_addsubdf3.o)
                              hpl/sercom/hpl_sercom.o (__aeabi_dsub)
c:/program files (x86)/atmel/studio/7.0/toolchain/arm/arm-gnu-toolchain/bin/../lib/gcc/arm-none-eabi/6.3.1/thumb/v7e-m\libgcc.a(_arm_muldivdf3.o)
                              hpl/sercom/hpl_sercom.o (__aeabi_dmul)
c:/program files (x86)/atmel/studio/7.0/toolchain/arm/arm-gnu-toolchain/bin/../lib/gcc/arm-none-eabi/6.3.1/thumb/v7e-m\libgcc.a(_arm_fixunsdfsi.o)
                              hpl/sercom/hpl_sercom.o (__aeabi_d2uiz)
c:/program files (x86)/atmel/studio/7.0/toolchain/arm/arm-gnu-toolchain/bin/../lib/gcc/arm-none-eabi/6.3.1/thumb/v7e-m\libgcc.a(_aeabi_uldivmod.o)
                              hpl/sercom/hpl_sercom.o (__aeabi_uldivmod)
c:/program files (x86)/atmel/studio/7.0/toolchain/arm/arm-gnu-toolchain/bin/../lib/gcc/arm-none-eabi/6.3.1/thumb/v7e-m\libgcc.a(_udivmoddi4.o)
                              c:/program files (x86)/atmel/studio/7.0/toolchain/arm/arm-gnu-toolchain/bin/../lib/gcc/arm-none-eabi/6.3.1/thumb/v7e-m\libgcc.a(_aeabi_uldivmod.o) (__udivmoddi4)
c:/program files (x86)/atmel/studio/7.0/toolchain/arm/arm-gnu-toolchain/bin/../lib/gcc/arm-none-eabi/6.3.1/thumb/v7e-m\libgcc.a(_dvmd_tls.o)
                              c:/program files (x86)/atmel/studio/7.0/toolchain/arm/arm-gnu-toolchain/bin/../lib/gcc/arm-none-eabi/6.3.1/thumb/v7e-m\libgcc.a(_aeabi_uldivmod.o) (__aeabi_ldiv0)
c:/program files (x86)/atmel/studio/7.0/toolchain/arm/arm-gnu-toolchain/bin/../lib/gcc/arm-none-eabi/6.3.1/../../../../arm-none-eabi/lib/thumb/v7e-m\libc_nano.a(lib_a-exit.o)
                              c:/program files (x86)/atmel/studio/7.0/toolchain/arm/arm-gnu-toolchain/bin/../lib/gcc/arm-none-eabi/6.3.1/../../../../arm-none-eabi/lib/thumb/v7e-m/crt0.o (exit)
c:/program files (x86)/atmel/studio/7.0/toolchain/arm/arm-gnu-toolchain/bin/../lib/gcc/arm-none-eabi/6.3.1/../../../../arm-none-eabi/lib/thumb/v7e-m\libc_nano.a(lib_a-impure.o)
                              c:/program files (x86)/atmel/studio/7.0/toolchain/arm/arm-gnu-toolchain/bin/../lib/gcc/arm-none-eabi/6.3.1/../../../../arm-none-eabi/lib/thumb/v7e-m\libc_nano.a(lib_a-exit.o) (_global_impure_ptr)
c:/program files (x86)/atmel/studio/7.0/toolchain/arm/arm-gnu-toolchain/bin/../lib/gcc/arm-none-eabi/6.3.1/../../../../arm-none-eabi/lib/thumb/v7e-m\libc_nano.a(lib_a-init.o)
                              c:/program files (x86)/atmel/studio/7.0/toolchain/arm/arm-gnu-toolchain/bin/../lib/gcc/arm-none-eabi/6.3.1/../../../../arm-none-eabi/lib/thumb/v7e-m/crt0.o (__libc_init_array)
c:/program files (x86)/atmel/studio/7.0/toolchain/arm/arm-gnu-toolchain/bin/../lib/gcc/arm-none-eabi/6.3.1/../../../../arm-none-eabi/lib/thumb/v7e-m\libc_nano.a(lib_a-memcpy-stub.o)
                              splash.o (memcpy)
c:/program files (x86)/atmel/studio/7.0/toolchain/arm/arm-gnu-toolchain/bin/../lib/gcc/arm-none-eabi/6.3.1/../../../../arm-none-eabi/lib/thumb/v7e-m\libc_nano.a(lib_a-memset.o)
                              c:/program files (x86)/atmel/studio/7.0/toolchain/arm/arm-gnu-toolchain/bin/../lib/gcc/arm-none-eabi/6.3.1/../../../../arm-none-eabi/lib/thumb/v7e-m/crt0.o (memset)
c:/program files (x86)/atmel/studio/7.0/toolchain/arm/arm-gnu-toolchain/bin/../lib/gcc/arm-none-eabi/6.3.1/../../../../arm-none-eabi/lib/thumb/v7e-m\libc_nano.a(lib_a-printf.o)
                              hal/utils/src/utils_syscalls.o (printf)
c:/program files (x86)/atmel/studio/7.0/toolchain/arm/arm-gnu-toolchain/bin/../lib/gcc/arm-none-eabi/6.3.1/../../../../arm-none-eabi/lib/thumb/v7e-m\libc_nano.a(lib_a-puts.o)
                              stdio_start.o (puts)
c:/program files (x86)/atmel/studio/7.0/toolchain/arm/arm-gnu-toolchain/bin/../lib/gcc/arm-none-eabi/6.3.1/../../../../arm-none-eabi/lib/thumb/v7e-m\libc_nano.a(lib_a-rand.o)
                              splash.o (rand)
c:/program files (x86)/atmel/studio/7.0/toolchain/arm/arm-gnu-toolchain/bin/../lib/gcc/arm-none-eabi/6.3.1/../../../../arm-none-eabi/lib/thumb/v7e-m\libc_nano.a(lib_a-setbuf.o)
                              stdio_redirect/stdio_io.o (setbuf)
c:/program files (x86)/atmel/studio/7.0/toolchain/arm/arm-gnu-toolchain/bin/../lib/gcc/arm-none-eabi/6.3.1/../../../../arm-none-eabi/lib/thumb/v7e-m\libc_nano.a(lib_a-setvbuf.o)
                              c:/program files (x86)/atmel/studio/7.0/toolchain/arm/arm-gnu-toolchain/bin/../lib/gcc/arm-none-eabi/6.3.1/../../../../arm-none-eabi/lib/thumb/v7e-m\libc_nano.a(lib_a-setbuf.o) (setvbuf)
c:/program files (x86)/atmel/studio/7.0/toolchain/arm/arm-gnu-toolchain/bin/../lib/gcc/arm-none-eabi/6.3.1/../../../../arm-none-eabi/lib/thumb/v7e-m\libc_nano.a(lib_a-strlen.o)
                              console.o (strlen)
[...]
Memory Configuration

Name             Origin             Length             Attributes
rom              0x00000000         0x00080000         xr
ram              0x20000000         0x00030000         xrw
bkupram          0x47000000         0x00002000         xrw
qspi             0x04000000         0x01000000         xrw
*default*        0x00000000         0xffffffff

Linker script and memory map

LOAD c:/program files (x86)/atmel/studio/7.0/toolchain/arm/arm-gnu-toolchain/bin/../lib/gcc/arm-none-eabi/6.3.1/thumb/v7e-m/crti.o
LOAD c:/program files (x86)/atmel/studio/7.0/toolchain/arm/arm-gnu-toolchain/bin/../lib/gcc/arm-none-eabi/6.3.1/thumb/v7e-m/crtbegin.o
LOAD c:/program files (x86)/atmel/studio/7.0/toolchain/arm/arm-gnu-toolchain/bin/../lib/gcc/arm-none-eabi/6.3.1/../../../../arm-none-eabi/lib/thumb/v7e-m/crt0.o
LOAD atmel_start.o
LOAD console.o
LOAD Device_Startup/startup_samd51.o
LOAD Device_Startup/system_samd51.o
LOAD driver_init.o
LOAD examples/driver_examples.o
LOAD hal/src/hal_atomic.o
LOAD hal/src/hal_cache.o
LOAD hal/src/hal_delay.o
LOAD hal/src/hal_gpio.o
LOAD hal/src/hal_init.o
LOAD hal/src/hal_io.o
LOAD hal/src/hal_sleep.o
LOAD hal/src/hal_usart_sync.o
LOAD hal/utils/src/utils_assert.o
LOAD hal/utils/src/utils_event.o
LOAD hal/utils/src/utils_list.o
LOAD hal/utils/src/utils_syscalls.o
LOAD hpl/cmcc/hpl_cmcc.o
LOAD hpl/core/hpl_core_m4.o
LOAD hpl/core/hpl_init.o
LOAD hpl/dmac/hpl_dmac.o
LOAD hpl/gclk/hpl_gclk.o
LOAD hpl/mclk/hpl_mclk.o
LOAD hpl/osc32kctrl/hpl_osc32kctrl.o
LOAD hpl/oscctrl/hpl_oscctrl.o
LOAD hpl/pm/hpl_pm.o
LOAD hpl/ramecc/hpl_ramecc.o
LOAD hpl/sercom/hpl_sercom.o
LOAD LCD.o
LOAD LCDBus.o
LOAD main.o
LOAD splash.o
LOAD stdio_redirect/gcc/read.o
LOAD stdio_redirect/gcc/write.o
LOAD stdio_redirect/stdio_io.o
LOAD stdio_start.o
START GROUP
LOAD c:/program files (x86)/atmel/studio/7.0/toolchain/arm/arm-gnu-toolchain/bin/../lib/gcc/arm-none-eabi/6.3.1/../../../../arm-none-eabi/lib/thumb/v7e-m\libm.a
END GROUP
START GROUP
LOAD c:/program files (x86)/atmel/studio/7.0/toolchain/arm/arm-gnu-toolchain/bin/../lib/gcc/arm-none-eabi/6.3.1/thumb/v7e-m\libgcc.a
LOAD c:/program files (x86)/atmel/studio/7.0/toolchain/arm/arm-gnu-toolchain/bin/../lib/gcc/arm-none-eabi/6.3.1/../../../../arm-none-eabi/lib/thumb/v7e-m\libc_nano.a
END GROUP
START GROUP
LOAD c:/program files (x86)/atmel/studio/7.0/toolchain/arm/arm-gnu-toolchain/bin/../lib/gcc/arm-none-eabi/6.3.1/thumb/v7e-m\libgcc.a
LOAD c:/program files (x86)/atmel/studio/7.0/toolchain/arm/arm-gnu-toolchain/bin/../lib/gcc/arm-none-eabi/6.3.1/../../../../arm-none-eabi/lib/thumb/v7e-m\libc_nano.a
LOAD c:/program files (x86)/atmel/studio/7.0/toolchain/arm/arm-gnu-toolchain/bin/../lib/gcc/arm-none-eabi/6.3.1/../../../../arm-none-eabi/lib/thumb/v7e-m\libnosys.a
END GROUP
START GROUP
LOAD c:/program files (x86)/atmel/studio/7.0/toolchain/arm/arm-gnu-toolchain/bin/../lib/gcc/arm-none-eabi/6.3.1/thumb/v7e-m\libgcc.a
LOAD c:/program files (x86)/atmel/studio/7.0/toolchain/arm/arm-gnu-toolchain/bin/../lib/gcc/arm-none-eabi/6.3.1/../../../../arm-none-eabi/lib/thumb/v7e-m\libc_nano.a
LOAD c:/program files (x86)/atmel/studio/7.0/toolchain/arm/arm-gnu-toolchain/bin/../lib/gcc/arm-none-eabi/6.3.1/../../../../arm-none-eabi/lib/thumb/v7e-m\libnosys.a
END GROUP
LOAD c:/program files (x86)/atmel/studio/7.0/toolchain/arm/arm-gnu-toolchain/bin/../lib/gcc/arm-none-eabi/6.3.1/thumb/v7e-m/crtend.o
LOAD c:/program files (x86)/atmel/studio/7.0/toolchain/arm/arm-gnu-toolchain/bin/../lib/gcc/arm-none-eabi/6.3.1/thumb/v7e-m/crtn.o
                0x0000c000                STACK_SIZE = DEFINED (STACK_SIZE)?STACK_SIZE:DEFINED (__stack_size__)?__stack_size__:0xc000

.text           0x00000000     0x4824
                0x00000000                . = ALIGN (0x4)
                0x00000000                _sfixed = .
 *(.vectors .vectors.*)
 .vectors       0x00000000      0x264 Device_Startup/startup_samd51.o
                0x00000000                exception_table
 *(.text .text.* .gnu.linkonce.t.*)
 .text          0x00000264       0x6c c:/program files (x86)/atmel/studio/7.0/toolchain/arm/arm-gnu-toolchain/bin/../lib/gcc/arm-none-eabi/6.3.1/thumb/v7e-m/crtbegin.o
 .text.atmel_start_init
                0x000002d0       0x14 atmel_start.o
                0x000002d0                atmel_start_init
 .text.drawChar
                0x000002e4      0x1fc console.o
                0x000002e4                drawChar
 .text.writeString
                0x000004e0       0x38 console.o
                0x000004e0                writeString
 .text.nullifyConsole
                0x00000518       0x5c console.o
                0x00000518                nullifyConsole
 .text.Dummy_Handler
                0x00000574        0x2 Device_Startup/startup_samd51.o
                0x00000574                EIC_5_Handler
                0x00000574                SVCall_Handler
                0x00000574                SERCOM0_2_Handler
                0x00000574                EIC_13_Handler
                0x00000574                EVSYS_0_Handler
                0x00000574                TCC1_3_Handler
                0x00000574                DAC_3_Handler
                0x00000574                TRNG_Handler
                0x00000574                HardFault_Handler
                0x00000574                TC2_Handler
                0x00000574                PDEC_2_Handler
                0x00000574                EIC_4_Handler
                0x00000574                AC_Handler
                0x00000574                SERCOM3_1_Handler
                0x00000574                SysTick_Handler
                0x00000574                TCC2_3_Handler
                0x00000574                SERCOM3_2_Handler
                0x00000574                PendSV_Handler
                0x00000574                TC7_Handler
                0x00000574                ADC1_1_Handler
                0x00000574                EVSYS_3_Handler
                0x00000574                PDEC_0_Handler
                0x00000574                QSPI_Handler
                0x00000574                NonMaskableInt_Handler
                0x00000574                TCC0_0_Handler
                0x00000574                EIC_3_Handler
                0x00000574                MemManagement_Handler
                0x00000574                DAC_2_Handler
                0x00000574                SERCOM0_0_Handler
                0x00000574                RTC_Handler
                0x00000574                UsageFault_Handler
                0x00000574                SERCOM4_0_Handler
                0x00000574                EIC_10_Handler
                0x00000574                SERCOM0_3_Handler
                0x00000574                EIC_11_Handler
                0x00000574                EIC_9_Handler
                0x00000574                OSC32KCTRL_Handler
                0x00000574                TCC2_1_Handler
                0x00000574                SUPC_1_Handler
                0x00000574                TCC0_5_Handler
                0x00000574                TCC0_6_Handler
                0x00000574                SERCOM6_2_Handler
                0x00000574                EVSYS_1_Handler
                0x00000574                TCC1_4_Handler
                0x00000574                TC6_Handler
                0x00000574                DMAC_0_Handler
                0x00000574                WDT_Handler
                0x00000574                EIC_8_Handler
                0x00000574                EIC_15_Handler
                0x00000574                SERCOM6_0_Handler
                0x00000574                SERCOM5_0_Handler
                0x00000574                TC4_Handler
                0x00000574                TC1_Handler
                0x00000574                OSCCTRL_4_Handler
                0x00000574                SERCOM4_3_Handler
                0x00000574                EIC_12_Handler
                0x00000574                DMAC_4_Handler
                0x00000574                TCC4_2_Handler
                0x00000574                PAC_Handler
                0x00000574                TCC1_0_Handler
                0x00000574                USB_0_Handler
                0x00000574                OSCCTRL_0_Handler
                0x00000574                EIC_0_Handler
                0x00000574                OSCCTRL_3_Handler
                0x00000574                SERCOM4_1_Handler
                0x00000574                TC3_Handler
                0x00000574                Dummy_Handler
                0x00000574                TCC3_0_Handler
                0x00000574                TCC2_2_Handler
                0x00000574                SERCOM5_1_Handler
                0x00000574                TCC1_1_Handler
                0x00000574                DMAC_2_Handler
                0x00000574                ADC0_0_Handler
                0x00000574                SERCOM0_1_Handler
                0x00000574                OSCCTRL_2_Handler
                0x00000574                ADC1_0_Handler
                0x00000574                TCC1_2_Handler
                0x00000574                SERCOM7_1_Handler
                0x00000574                USB_1_Handler
                0x00000574                PM_Handler
                0x00000574                SERCOM6_3_Handler
                0x00000574                SERCOM2_3_Handler
                0x00000574                DAC_4_Handler
                0x00000574                TCC3_2_Handler
                0x00000574                SERCOM7_0_Handler
                0x00000574                TCC0_2_Handler
                0x00000574                DMAC_1_Handler
                0x00000574                TCC4_0_Handler
                0x00000574                SERCOM7_3_Handler
                0x00000574                SDHC1_Handler
                0x00000574                USB_3_Handler
                0x00000574                SERCOM7_2_Handler
                0x00000574                TCC2_0_Handler
                0x00000574                PDEC_1_Handler
                0x00000574                TCC4_1_Handler
                0x00000574                SERCOM5_3_Handler
                0x00000574                USB_2_Handler
                0x00000574                SERCOM6_1_Handler
                0x00000574                SDHC0_Handler
                0x00000574                SERCOM1_1_Handler
                0x00000574                I2S_Handler
                0x00000574                EIC_2_Handler
                0x00000574                PCC_Handler
                0x00000574                DAC_0_Handler
                0x00000574                TCC0_1_Handler
                0x00000574                SERCOM1_3_Handler
                0x00000574                EIC_6_Handler
                0x00000574                OSCCTRL_1_Handler
                0x00000574                SERCOM1_0_Handler
                0x00000574                PUKCC_Handler
                0x00000574                SERCOM2_1_Handler
                0x00000574                SERCOM1_2_Handler
                0x00000574                SERCOM3_0_Handler
                0x00000574                EIC_1_Handler
                0x00000574                SERCOM4_2_Handler
                0x00000574                EVSYS_4_Handler
                0x00000574                EIC_7_Handler
                0x00000574                NVMCTRL_1_Handler
                0x00000574                SERCOM5_2_Handler
                0x00000574                SERCOM3_3_Handler
                0x00000574                ADC0_1_Handler
                0x00000574                SERCOM2_2_Handler
                0x00000574                TCC3_1_Handler
                0x00000574                EIC_14_Handler
                0x00000574                DAC_1_Handler
                0x00000574                NVMCTRL_0_Handler
                0x00000574                MCLK_Handler
                0x00000574                EVSYS_2_Handler
                0x00000574                SUPC_0_Handler
                0x00000574                BusFault_Handler
                0x00000574                FREQM_Handler
                0x00000574                TC0_Handler
                0x00000574                TCC0_3_Handler
                0x00000574                DMAC_3_Handler
                0x00000574                DebugMonitor_Handler
                0x00000574                TCC0_4_Handler
                0x00000574                TC5_Handler
                0x00000574                SERCOM2_0_Handler
                0x00000574                AES_Handler
                0x00000574                ICM_Handler
 *fill*         0x00000576        0x2 
 .text.Reset_Handler
                0x00000578       0x7c Device_Startup/startup_samd51.o
                0x00000578                Reset_Handler
 .text.USART_0_PORT_init
                0x000005f4       0x48 driver_init.o
                0x000005f4                USART_0_PORT_init
 .text.USART_0_CLOCK_init
                0x0000063c       0x24 driver_init.o
                0x0000063c                USART_0_CLOCK_init
 .text.USART_0_init
                0x00000660       0x2c driver_init.o
                0x00000660                USART_0_init
 .text.system_init
                0x0000068c       0x5c driver_init.o
                0x0000068c                system_init
 .text.delay_ms
                0x000006e8       0x20 hal/src/hal_delay.o
                0x000006e8                delay_ms
 .text.io_write
                0x00000708       0x34 hal/src/hal_io.o
                0x00000708                io_write
 .text.io_read  0x0000073c       0x34 hal/src/hal_io.o
                0x0000073c                io_read
 .text.usart_sync_write
                0x00000770       0x70 hal/src/hal_usart_sync.o
 .text.usart_sync_read
                0x000007e0       0x5c hal/src/hal_usart_sync.o
 .text.usart_sync_init
                0x0000083c       0x4c hal/src/hal_usart_sync.o
                0x0000083c                usart_sync_init
 .text.usart_sync_enable
                0x00000888       0x2c hal/src/hal_usart_sync.o
                0x00000888                usart_sync_enable
 .text.assert   0x000008b4        0x6 hal/utils/src/utils_assert.o
                0x000008b4                assert
 *fill*         0x000008ba        0x2 
 .text._sbrk    0x000008bc       0x24 hal/utils/src/utils_syscalls.o
                0x000008bc                _sbrk
 .text._close   0x000008e0        0x6 hal/utils/src/utils_syscalls.o
                0x000008e0                _close
 .text._fstat   0x000008e6        0xa hal/utils/src/utils_syscalls.o
                0x000008e6                _fstat
 .text._isatty  0x000008f0        0x4 hal/utils/src/utils_syscalls.o
                0x000008f0                _isatty
 .text._lseek   0x000008f4        0x4 hal/utils/src/utils_syscalls.o
                0x000008f4                _lseek
 .text._get_cycles_for_ms
                0x000008f8       0x20 hpl/core/hpl_core_m4.o
                0x000008f8                _get_cycles_for_ms
 .text._delay_cycles
                0x00000918        0x8 hpl/core/hpl_core_m4.o
                0x00000918                _delay_cycles
 .text._init_chip
                0x00000920       0x40 hpl/core/hpl_init.o
                0x00000920                _init_chip
 .text._gclk_init_generators_by_fref
                0x00000960       0x5c hpl/gclk/hpl_gclk.o
                0x00000960                _gclk_init_generators_by_fref
 .text._mclk_init
                0x000009bc        0xc hpl/mclk/hpl_mclk.o
                0x000009bc                _mclk_init
 .text._osc32kctrl_init_sources
                0x000009c8       0x20 hpl/osc32kctrl/hpl_osc32kctrl.o
                0x000009c8                _osc32kctrl_init_sources
 .text._oscctrl_init_sources
                0x000009e8        0x2 hpl/oscctrl/hpl_oscctrl.o
                0x000009e8                _oscctrl_init_sources
 *fill*         0x000009ea        0x2 
 .text._oscctrl_init_referenced_generators
                0x000009ec      0x128 hpl/oscctrl/hpl_oscctrl.o
                0x000009ec                _oscctrl_init_referenced_generators
 .text.RAMECC_Handler
                0x00000b14       0x44 hpl/ramecc/hpl_ramecc.o
                0x00000b14                RAMECC_Handler
 .text._sercom_get_hardware_index
                0x00000b58       0x40 hpl/sercom/hpl_sercom.o
 .text._get_sercom_index
                0x00000b98       0x44 hpl/sercom/hpl_sercom.o
 .text._usart_init
                0x00000bdc      0x100 hpl/sercom/hpl_sercom.o
 .text._usart_sync_init
                0x00000cdc       0x2c hpl/sercom/hpl_sercom.o
                0x00000cdc                _usart_sync_init
 .text._usart_sync_enable
                0x00000d08       0x14 hpl/sercom/hpl_sercom.o
                0x00000d08                _usart_sync_enable
 .text._usart_sync_write_byte
                0x00000d1c        0x6 hpl/sercom/hpl_sercom.o
                0x00000d1c                _usart_sync_write_byte
 .text._usart_sync_read_byte
                0x00000d22        0x8 hpl/sercom/hpl_sercom.o
                0x00000d22                _usart_sync_read_byte
 .text._usart_sync_is_ready_to_send
                0x00000d2a        0xa hpl/sercom/hpl_sercom.o
                0x00000d2a                _usart_sync_is_ready_to_send
 .text._usart_sync_is_transmit_done
                0x00000d34        0xa hpl/sercom/hpl_sercom.o
                0x00000d34                _usart_sync_is_transmit_done
 .text._usart_sync_is_byte_received
                0x00000d3e        0xa hpl/sercom/hpl_sercom.o
                0x00000d3e                _usart_sync_is_byte_received
 .text.setColorRGB
                0x00000d48       0x24 LCD.o
                0x00000d48                setColorRGB
 .text.setColorHex
                0x00000d6c       0x18 LCD.o
                0x00000d6c                setColorHex
 .text.setBackColorRGB
                0x00000d84       0x24 LCD.o
                0x00000d84                setBackColorRGB
 .text.setBackColorHex
                0x00000da8       0x18 LCD.o
                0x00000da8                setBackColorHex
 .text.LCD_Fast_Fill
                0x00000dc0       0x74 LCD.o
                0x00000dc0                LCD_Fast_Fill
 .text.setXY    0x00000e34       0x7c LCD.o
                0x00000e34                setXY
 .text.fillRect
                0x00000eb0       0x78 LCD.o
                0x00000eb0                fillRect
 .text.clrXY    0x00000f28       0x1c LCD.o
                0x00000f28                clrXY
 .text.clrScr   0x00000f44       0x18 LCD.o
                0x00000f44                clrScr
 .text.setPixel
                0x00000f5c       0x10 LCD.o
                0x00000f5c                setPixel
 .text.clearScreen
                0x00000f6c       0x28 LCD.o
                0x00000f6c                clearScreen
 .text.LCD_Write_Bus
                0x00000f94       0x28 LCDBus.o
                0x00000f94                LCD_Write_Bus
 .text.LCD_Write_COM16
                0x00000fbc       0x18 LCDBus.o
                0x00000fbc                LCD_Write_COM16
 .text.LCD_Write_DATA16
                0x00000fd4       0x18 LCDBus.o
                0x00000fd4                LCD_Write_DATA16
 .text.LCD_Write_DATA8
                0x00000fec       0x1c LCDBus.o
                0x00000fec                LCD_Write_DATA8
 .text.InitLCD  0x00001008      0x23c LCDBus.o
                0x00001008                InitLCD
 .text.main     0x00001244       0x3c main.o
                0x00001244                main
 .text.drawKare
                0x00001280      0x110 splash.o
                0x00001280                drawKare
 .text.splashScreen
                0x00001390      0x258 splash.o
                0x00001390                splashScreen
 .text._read    0x000015e8       0x24 stdio_redirect/gcc/read.o
                0x000015e8                _read
 .text._write   0x0000160c       0x28 stdio_redirect/gcc/write.o
                0x0000160c                _write
 .text.stdio_io_init
                0x00001634       0x2c stdio_redirect/stdio_io.o
                0x00001634                stdio_io_init
 .text.stdio_io_read
                0x00001660       0x24 stdio_redirect/stdio_io.o
                0x00001660                stdio_io_read
 .text.stdio_io_write
                0x00001684       0x24 stdio_redirect/stdio_io.o
                0x00001684                stdio_io_write
 .text.stdio_redirect_init
                0x000016a8       0x20 stdio_start.o
                0x000016a8                stdio_redirect_init
 .text.__libc_init_array
                0x000016c8       0x48 c:/program files (x86)/atmel/studio/7.0/toolchain/arm/arm-gnu-toolchain/bin/../lib/gcc/arm-none-eabi/6.3.1/../../../../arm-none-eabi/lib/thumb/v7e-m\libc_nano.a(lib_a-init.o)
                0x000016c8                __libc_init_array
 .text.memcpy   0x00001710       0x16 c:/program files (x86)/atmel/studio/7.0/toolchain/arm/arm-gnu-toolchain/bin/../lib/gcc/arm-none-eabi/6.3.1/../../../../arm-none-eabi/lib/thumb/v7e-m\libc_nano.a(lib_a-memcpy-stub.o)
                0x00001710                memcpy
 .text.memset   0x00001726       0x10 c:/program files (x86)/atmel/studio/7.0/toolchain/arm/arm-gnu-toolchain/bin/../lib/gcc/arm-none-eabi/6.3.1/../../../../arm-none-eabi/lib/thumb/v7e-m\libc_nano.a(lib_a-memset.o)
                0x00001726                memset
 *fill*         0x00001736        0x2 
 .text.printf   0x00001738       0x30 c:/program files (x86)/atmel/studio/7.0/toolchain/arm/arm-gnu-toolchain/bin/../lib/gcc/arm-none-eabi/6.3.1/../../../../arm-none-eabi/lib/thumb/v7e-m\libc_nano.a(lib_a-printf.o)
                0x00001738                iprintf
                0x00001738                printf
 .text.rand     0x00001768       0x74 c:/program files (x86)/atmel/studio/7.0/toolchain/arm/arm-gnu-toolchain/bin/../lib/gcc/arm-none-eabi/6.3.1/../../../../arm-none-eabi/lib/thumb/v7e-m\libc_nano.a(lib_a-rand.o)
                0x00001768                rand
 .text.setbuf   0x000017dc       0x10 c:/program files (x86)/atmel/studio/7.0/toolchain/arm/arm-gnu-toolchain/bin/../lib/gcc/arm-none-eabi/6.3.1/../../../../arm-none-eabi/lib/thumb/v7e-m\libc_nano.a(lib_a-setbuf.o)
                0x000017dc                setbuf
 .text.setvbuf  0x000017ec      0x15c c:/program files (x86)/atmel/studio/7.0/toolchain/arm/arm-gnu-toolchain/bin/../lib/gcc/arm-none-eabi/6.3.1/../../../../arm-none-eabi/lib/thumb/v7e-m\libc_nano.a(lib_a-setvbuf.o)
                0x000017ec                setvbuf
 .text          0x00001948       0x10 c:/program files (x86)/atmel/studio/7.0/toolchain/arm/arm-gnu-toolchain/bin/../lib/gcc/arm-none-eabi/6.3.1/../../../../arm-none-eabi/lib/thumb/v7e-m\libc_nano.a(lib_a-strlen.o)
                0x00001948                strlen
 .text.__swbuf_r
                0x00001958       0xa4 c:/program files (x86)/atmel/studio/7.0/toolchain/arm/arm-gnu-toolchain/bin/../lib/gcc/arm-none-eabi/6.3.1/../../../../arm-none-eabi/lib/thumb/v7e-m\libc_nano.a(lib_a-wbuf.o)
                0x00001958                __swbuf_r
 .text.__swsetup_r
                0x000019fc       0xdc c:/program files (x86)/atmel/studio/7.0/toolchain/arm/arm-gnu-toolchain/bin/../lib/gcc/arm-none-eabi/6.3.1/../../../../arm-none-eabi/lib/thumb/v7e-m\libc_nano.a(lib_a-wsetup.o)
                0x000019fc                __swsetup_r
 .text.__sflush_r
                0x00001ad8      0x110 c:/program files (x86)/atmel/studio/7.0/toolchain/arm/arm-gnu-toolchain/bin/../lib/gcc/arm-none-eabi/6.3.1/../../../../arm-none-eabi/lib/thumb/v7e-m\libc_nano.a(lib_a-fflush.o)
                0x00001ad8                __sflush_r
 .text._fflush_r
                0x00001be8       0x54 c:/program files (x86)/atmel/studio/7.0/toolchain/arm/arm-gnu-toolchain/bin/../lib/gcc/arm-none-eabi/6.3.1/../../../../arm-none-eabi/lib/thumb/v7e-m\libc_nano.a(lib_a-fflush.o)
                0x00001be8                _fflush_r
 .text._cleanup_r
                0x00001c3c        0xc c:/program files (x86)/atmel/studio/7.0/toolchain/arm/arm-gnu-toolchain/bin/../lib/gcc/arm-none-eabi/6.3.1/../../../../arm-none-eabi/lib/thumb/v7e-m\libc_nano.a(lib_a-findfp.o)
                0x00001c3c                _cleanup_r
 .text.std.isra.0
                0x00001c48       0x48 c:/program files (x86)/atmel/studio/7.0/toolchain/arm/arm-gnu-toolchain/bin/../lib/gcc/arm-none-eabi/6.3.1/../../../../arm-none-eabi/lib/thumb/v7e-m\libc_nano.a(lib_a-findfp.o)
 .text.__sfmoreglue
                0x00001c90       0x2c c:/program files (x86)/atmel/studio/7.0/toolchain/arm/arm-gnu-toolchain/bin/../lib/gcc/arm-none-eabi/6.3.1/../../../../arm-none-eabi/lib/thumb/v7e-m\libc_nano.a(lib_a-findfp.o)
                0x00001c90                __sfmoreglue
 .text.__sinit  0x00001cbc       0x60 c:/program files (x86)/atmel/studio/7.0/toolchain/arm/arm-gnu-toolchain/bin/../lib/gcc/arm-none-eabi/6.3.1/../../../../arm-none-eabi/lib/thumb/v7e-m\libc_nano.a(lib_a-findfp.o)
                0x00001cbc                __sinit
 .text.__sfp    0x00001d1c       0x78 c:/program files (x86)/atmel/studio/7.0/toolchain/arm/arm-gnu-toolchain/bin/../lib/gcc/arm-none-eabi/6.3.1/../../../../arm-none-eabi/lib/thumb/v7e-m\libc_nano.a(lib_a-findfp.o)
                0x00001d1c                __sfp
 .text._fwalk_reent
                0x00001d94       0x3c c:/program files (x86)/atmel/studio/7.0/toolchain/arm/arm-gnu-toolchain/bin/../lib/gcc/arm-none-eabi/6.3.1/../../../../arm-none-eabi/lib/thumb/v7e-m\libc_nano.a(lib_a-fwalk.o)
                0x00001d94                _fwalk_reent
 .text.__swhatbuf_r
                0x00001dd0       0x48 c:/program files (x86)/atmel/studio/7.0/toolchain/arm/arm-gnu-toolchain/bin/../lib/gcc/arm-none-eabi/6.3.1/../../../../arm-none-eabi/lib/thumb/v7e-m\libc_nano.a(lib_a-makebuf.o)
                0x00001dd0                __swhatbuf_r
 .text.__smakebuf_r
                0x00001e18       0x80 c:/program files (x86)/atmel/studio/7.0/toolchain/arm/arm-gnu-toolchain/bin/../lib/gcc/arm-none-eabi/6.3.1/../../../../arm-none-eabi/lib/thumb/v7e-m\libc_nano.a(lib_a-makebuf.o)
                0x00001e18                __smakebuf_r
 .text.malloc   0x00001e98       0x10 c:/program files (x86)/atmel/studio/7.0/toolchain/arm/arm-gnu-toolchain/bin/../lib/gcc/arm-none-eabi/6.3.1/../../../../arm-none-eabi/lib/thumb/v7e-m\libc_nano.a(lib_a-malloc.o)
                0x00001e98                malloc
 .text._free_r  0x00001ea8       0x9c c:/program files (x86)/atmel/studio/7.0/toolchain/arm/arm-gnu-toolchain/bin/../lib/gcc/arm-none-eabi/6.3.1/../../../../arm-none-eabi/lib/thumb/v7e-m\libc_nano.a(lib_a-nano-freer.o)
                0x00001ea8                _free_r
 .text._malloc_r
                0x00001f44       0xbc c:/program files (x86)/atmel/studio/7.0/toolchain/arm/arm-gnu-toolchain/bin/../lib/gcc/arm-none-eabi/6.3.1/../../../../arm-none-eabi/lib/thumb/v7e-m\libc_nano.a(lib_a-nano-mallocr.o)
                0x00001f44                _malloc_r
 .text.__sfputc_r
                0x00002000       0x2c c:/program files (x86)/atmel/studio/7.0/toolchain/arm/arm-gnu-toolchain/bin/../lib/gcc/arm-none-eabi/6.3.1/../../../../arm-none-eabi/lib/thumb/v7e-m\libc_nano.a(lib_a-nano-vfprintf.o)
 .text.__sfputs_r
                0x0000202c       0x24 c:/program files (x86)/atmel/studio/7.0/toolchain/arm/arm-gnu-toolchain/bin/../lib/gcc/arm-none-eabi/6.3.1/../../../../arm-none-eabi/lib/thumb/v7e-m\libc_nano.a(lib_a-nano-vfprintf.o)
                0x0000202c                __sfputs_r
 .text._vfprintf_r
                0x00002050      0x22c c:/program files (x86)/atmel/studio/7.0/toolchain/arm/arm-gnu-toolchain/bin/../lib/gcc/arm-none-eabi/6.3.1/../../../../arm-none-eabi/lib/thumb/v7e-m\libc_nano.a(lib_a-nano-vfprintf.o)
                0x00002050                _vfprintf_r
                0x00002050                _vfiprintf_r
 .text._printf_common
                0x0000227c       0xec c:/program files (x86)/atmel/studio/7.0/toolchain/arm/arm-gnu-toolchain/bin/../lib/gcc/arm-none-eabi/6.3.1/../../../../arm-none-eabi/lib/thumb/v7e-m\libc_nano.a(lib_a-nano-vfprintf_i.o)
                0x0000227c                _printf_common
 .text._printf_i
                0x00002368      0x240 c:/program files (x86)/atmel/studio/7.0/toolchain/arm/arm-gnu-toolchain/bin/../lib/gcc/arm-none-eabi/6.3.1/../../../../arm-none-eabi/lib/thumb/v7e-m\libc_nano.a(lib_a-nano-vfprintf_i.o)
                0x00002368                _printf_i
 .text._sbrk_r  0x000025a8       0x20 c:/program files (x86)/atmel/studio/7.0/toolchain/arm/arm-gnu-toolchain/bin/../lib/gcc/arm-none-eabi/6.3.1/../../../../arm-none-eabi/lib/thumb/v7e-m\libc_nano.a(lib_a-sbrkr.o)
                0x000025a8                _sbrk_r
 .text.__sread  0x000025c8       0x22 c:/program files (x86)/atmel/studio/7.0/toolchain/arm/arm-gnu-toolchain/bin/../lib/gcc/arm-none-eabi/6.3.1/../../../../arm-none-eabi/lib/thumb/v7e-m\libc_nano.a(lib_a-stdio.o)
                0x000025c8                __sread
 .text.__swrite
                0x000025ea       0x38 c:/program files (x86)/atmel/studio/7.0/toolchain/arm/arm-gnu-toolchain/bin/../lib/gcc/arm-none-eabi/6.3.1/../../../../arm-none-eabi/lib/thumb/v7e-m\libc_nano.a(lib_a-stdio.o)
                0x000025ea                __swrite
 .text.__sseek  0x00002622       0x24 c:/program files (x86)/atmel/studio/7.0/toolchain/arm/arm-gnu-toolchain/bin/../lib/gcc/arm-none-eabi/6.3.1/../../../../arm-none-eabi/lib/thumb/v7e-m\libc_nano.a(lib_a-stdio.o)
                0x00002622                __sseek
 .text.__sclose
                0x00002646        0x8 c:/program files (x86)/atmel/studio/7.0/toolchain/arm/arm-gnu-toolchain/bin/../lib/gcc/arm-none-eabi/6.3.1/../../../../arm-none-eabi/lib/thumb/v7e-m\libc_nano.a(lib_a-stdio.o)
                0x00002646                __sclose
 *fill*         0x0000264e        0x2 
 .text._write_r
                0x00002650       0x24 c:/program files (x86)/atmel/studio/7.0/toolchain/arm/arm-gnu-toolchain/bin/../lib/gcc/arm-none-eabi/6.3.1/../../../../arm-none-eabi/lib/thumb/v7e-m\libc_nano.a(lib_a-writer.o)
                0x00002650                _write_r
 .text._close_r
                0x00002674       0x20 c:/program files (x86)/atmel/studio/7.0/toolchain/arm/arm-gnu-toolchain/bin/../lib/gcc/arm-none-eabi/6.3.1/../../../../arm-none-eabi/lib/thumb/v7e-m\libc_nano.a(lib_a-closer.o)
                0x00002674                _close_r
 .text._fstat_r
                0x00002694       0x24 c:/program files (x86)/atmel/studio/7.0/toolchain/arm/arm-gnu-toolchain/bin/../lib/gcc/arm-none-eabi/6.3.1/../../../../arm-none-eabi/lib/thumb/v7e-m\libc_nano.a(lib_a-fstatr.o)
                0x00002694                _fstat_r
 .text._isatty_r
                0x000026b8       0x20 c:/program files (x86)/atmel/studio/7.0/toolchain/arm/arm-gnu-toolchain/bin/../lib/gcc/arm-none-eabi/6.3.1/../../../../arm-none-eabi/lib/thumb/v7e-m\libc_nano.a(lib_a-isattyr.o)
                0x000026b8                _isatty_r
 .text._lseek_r
                0x000026d8       0x24 c:/program files (x86)/atmel/studio/7.0/toolchain/arm/arm-gnu-toolchain/bin/../lib/gcc/arm-none-eabi/6.3.1/../../../../arm-none-eabi/lib/thumb/v7e-m\libc_nano.a(lib_a-lseekr.o)
                0x000026d8                _lseek_r
 *fill*         0x000026fc        0x4 
 .text          0x00002700       0xa0 c:/program files (x86)/atmel/studio/7.0/toolchain/arm/arm-gnu-toolchain/bin/../lib/gcc/arm-none-eabi/6.3.1/../../../../arm-none-eabi/lib/thumb/v7e-m\libc_nano.a(lib_a-memchr.o)
                0x00002700                memchr
 .text.__malloc_lock
                0x000027a0        0x2 c:/program files (x86)/atmel/studio/7.0/toolchain/arm/arm-gnu-toolchain/bin/../lib/gcc/arm-none-eabi/6.3.1/../../../../arm-none-eabi/lib/thumb/v7e-m\libc_nano.a(lib_a-mlock.o)
                0x000027a0                __malloc_lock
 .text.__malloc_unlock
                0x000027a2        0x2 c:/program files (x86)/atmel/studio/7.0/toolchain/arm/arm-gnu-toolchain/bin/../lib/gcc/arm-none-eabi/6.3.1/../../../../arm-none-eabi/lib/thumb/v7e-m\libc_nano.a(lib_a-mlock.o)
                0x000027a2                __malloc_unlock
 .text._read_r  0x000027a4       0x24 c:/program files (x86)/atmel/studio/7.0/toolchain/arm/arm-gnu-toolchain/bin/../lib/gcc/arm-none-eabi/6.3.1/../../../../arm-none-eabi/lib/thumb/v7e-m\libc_nano.a(lib_a-readr.o)
                0x000027a4                _read_r
 *(.glue_7t)
 .glue_7t       0x000027c8        0x0 linker stubs
 *(.glue_7)
 .glue_7        0x000027c8        0x0 linker stubs
 *(.rodata .rodata* .gnu.linkonce.r.*)
 .rodata        0x000027c8     0x1900 console.o
 .rodata.str1.4
                0x000040c8       0x14 hal/src/hal_io.o
 .rodata.str1.4
                0x000040dc       0x1c hal/src/hal_usart_sync.o
 .rodata        0x000040f8       0x71 hpl/sercom/hpl_sercom.o
 *fill*         0x00004169        0x3 
 .rodata.str1.4
                0x0000416c       0x1b hpl/sercom/hpl_sercom.o
 *fill*         0x00004187        0x1 
 .rodata        0x00004188      0x10c LCDBus.o
 .rodata.str1.4
                0x00004294        0x7 main.o
 *fill*         0x0000429b        0x1 
 .rodata        0x0000429c      0x100 splash.o
 .rodata.str1.4
                0x0000439c      0x3d0 splash.o
                                0x3cd (size before relaxing)
 .rodata._global_impure_ptr
                0x0000476c        0x4 c:/program files (x86)/atmel/studio/7.0/toolchain/arm/arm-gnu-toolchain/bin/../lib/gcc/arm-none-eabi/6.3.1/../../../../arm-none-eabi/lib/thumb/v7e-m\libc_nano.a(lib_a-impure.o)
                0x0000476c                _global_impure_ptr
 .rodata.__sf_fake_stderr
                0x00004770       0x20 c:/program files (x86)/atmel/studio/7.0/toolchain/arm/arm-gnu-toolchain/bin/../lib/gcc/arm-none-eabi/6.3.1/../../../../arm-none-eabi/lib/thumb/v7e-m\libc_nano.a(lib_a-findfp.o)
                0x00004770                __sf_fake_stderr
 .rodata.__sf_fake_stdin
                0x00004790       0x20 c:/program files (x86)/atmel/studio/7.0/toolchain/arm/arm-gnu-toolchain/bin/../lib/gcc/arm-none-eabi/6.3.1/../../../../arm-none-eabi/lib/thumb/v7e-m\libc_nano.a(lib_a-findfp.o)
                0x00004790                __sf_fake_stdin
 .rodata.__sf_fake_stdout
                0x000047b0       0x20 c:/program files (x86)/atmel/studio/7.0/toolchain/arm/arm-gnu-toolchain/bin/../lib/gcc/arm-none-eabi/6.3.1/../../../../arm-none-eabi/lib/thumb/v7e-m\libc_nano.a(lib_a-findfp.o)
                0x000047b0                __sf_fake_stdout
 .rodata._vfprintf_r.str1.1
                0x000047d0       0x11 c:/program files (x86)/atmel/studio/7.0/toolchain/arm/arm-gnu-toolchain/bin/../lib/gcc/arm-none-eabi/6.3.1/../../../../arm-none-eabi/lib/thumb/v7e-m\libc_nano.a(lib_a-nano-vfprintf.o)
 .rodata._printf_i.str1.1
                0x000047e1       0x22 c:/program files (x86)/atmel/studio/7.0/toolchain/arm/arm-gnu-toolchain/bin/../lib/gcc/arm-none-eabi/6.3.1/../../../../arm-none-eabi/lib/thumb/v7e-m\libc_nano.a(lib_a-nano-vfprintf_i.o)
 *(.ARM.extab* .gnu.linkonce.armextab.*)
                0x00004804                . = ALIGN (0x4)
 *fill*         0x00004803        0x1 
 *(.init)
 .init          0x00004804        0x4 c:/program files (x86)/atmel/studio/7.0/toolchain/arm/arm-gnu-toolchain/bin/../lib/gcc/arm-none-eabi/6.3.1/thumb/v7e-m/crti.o
                0x00004804                _init
 .init          0x00004808        0x8 c:/program files (x86)/atmel/studio/7.0/toolchain/arm/arm-gnu-toolchain/bin/../lib/gcc/arm-none-eabi/6.3.1/thumb/v7e-m/crtn.o
                0x00004810                . = ALIGN (0x4)
                0x00004810                __preinit_array_start = .
 *(.preinit_array)
                0x00004810                __preinit_array_end = .
                0x00004810                . = ALIGN (0x4)
                0x00004810                __init_array_start = .
 *(SORT(.init_array.*))
 *(.init_array)
 .init_array    0x00004810        0x4 c:/program files (x86)/atmel/studio/7.0/toolchain/arm/arm-gnu-toolchain/bin/../lib/gcc/arm-none-eabi/6.3.1/thumb/v7e-m/crtbegin.o
                0x00004814                __init_array_end = .
                0x00004814                . = ALIGN (0x4)
 *crtbegin.o(.ctors)
 *(EXCLUDE_FILE(*crtend.o) .ctors)
 *(SORT(.ctors.*))
 *crtend.o(.ctors)
                0x00004814                . = ALIGN (0x4)
 *(.fini)
 .fini          0x00004814        0x4 c:/program files (x86)/atmel/studio/7.0/toolchain/arm/arm-gnu-toolchain/bin/../lib/gcc/arm-none-eabi/6.3.1/thumb/v7e-m/crti.o
                0x00004814                _fini
 .fini          0x00004818        0x8 c:/program files (x86)/atmel/studio/7.0/toolchain/arm/arm-gnu-toolchain/bin/../lib/gcc/arm-none-eabi/6.3.1/thumb/v7e-m/crtn.o
                0x00004820                . = ALIGN (0x4)
                0x00004820                __fini_array_start = .
 *(.fini_array)
 .fini_array    0x00004820        0x4 c:/program files (x86)/atmel/studio/7.0/toolchain/arm/arm-gnu-toolchain/bin/../lib/gcc/arm-none-eabi/6.3.1/thumb/v7e-m/crtbegin.o
 *(SORT(.fini_array.*))
                0x00004824                __fini_array_end = .
 *crtbegin.o(.dtors)
 *(EXCLUDE_FILE(*crtend.o) .dtors)
 *(SORT(.dtors.*))
 *crtend.o(.dtors)
                0x00004824                . = ALIGN (0x4)
                0x00004824                _efixed = .
                [!provide]                PROVIDE (__exidx_start, .)

.vfp11_veneer   0x00004824        0x0
 .vfp11_veneer  0x00004824        0x0 linker stubs

.v4_bx          0x00004824        0x0
 .v4_bx         0x00004824        0x0 linker stubs

.iplt           0x00004824        0x0
 .iplt          0x00004824        0x0 c:/program files (x86)/atmel/studio/7.0/toolchain/arm/arm-gnu-toolchain/bin/../lib/gcc/arm-none-eabi/6.3.1/thumb/v7e-m/crtbegin.o

.eh_frame       0x00004824        0x0
 .eh_frame      0x00004824        0x0 c:/program files (x86)/atmel/studio/7.0/toolchain/arm/arm-gnu-toolchain/bin/../lib/gcc/arm-none-eabi/6.3.1/thumb/v7e-m/crtbegin.o

.rel.dyn        0x00004824        0x0
 .rel.iplt      0x00004824        0x0 c:/program files (x86)/atmel/studio/7.0/toolchain/arm/arm-gnu-toolchain/bin/../lib/gcc/arm-none-eabi/6.3.1/thumb/v7e-m/crtbegin.o

.jcr            0x00004824        0x0
 .jcr           0x00004824        0x0 c:/program files (x86)/atmel/studio/7.0/toolchain/arm/arm-gnu-toolchain/bin/../lib/gcc/arm-none-eabi/6.3.1/thumb/v7e-m/crtbegin.o

.igot.plt       0x00004824        0x0
 .igot.plt      0x00004824        0x0 c:/program files (x86)/atmel/studio/7.0/toolchain/arm/arm-gnu-toolchain/bin/../lib/gcc/arm-none-eabi/6.3.1/thumb/v7e-m/crtbegin.o

.ARM.exidx
 *(.ARM.exidx* .gnu.linkonce.armexidx.*)
                [!provide]                PROVIDE (__exidx_end, .)
                0x00004824                . = ALIGN (0x4)
                0x00004824                _etext = .

.relocate       0x20000000       0xa0 load address 0x00004824
                0x20000000                . = ALIGN (0x4)
                0x20000000                _srelocate = .
 *(.ramfunc .ramfunc.*)
 *(.data .data.*)
 .data          0x20000000        0x4 LCD.o
                0x20000000                display_Y_size
                0x20000002                display_X_size
 .data          0x20000004       0x37 main.o
                0x20000004                compileTime
                0x20000020                versionLabel
                0x20000030                defaultForegroundColor
                0x20000034                lineFeedNewLine
                0x20000038                autoWrap
                0x20000039                lineFeed
                0x2000003a                localEcho
 *fill*         0x2000003b        0x1 
 .data._impure_ptr
                0x2000003c        0x4 c:/program files (x86)/atmel/studio/7.0/toolchain/arm/arm-gnu-toolchain/bin/../lib/gcc/arm-none-eabi/6.3.1/../../../../arm-none-eabi/lib/thumb/v7e-m\libc_nano.a(lib_a-impure.o)
                0x2000003c                _impure_ptr
 .data.impure_data
                0x20000040       0x60 c:/program files (x86)/atmel/studio/7.0/toolchain/arm/arm-gnu-toolchain/bin/../lib/gcc/arm-none-eabi/6.3.1/../../../../arm-none-eabi/lib/thumb/v7e-m\libc_nano.a(lib_a-impure.o)
                0x200000a0                . = ALIGN (0x4)
                0x200000a0                _erelocate = .

.bkupram        0x47000000        0x0
                0x47000000                . = ALIGN (0x8)
                0x47000000                _sbkupram = .
 *(.bkupram .bkupram.*)
                0x47000000                . = ALIGN (0x8)
                0x47000000                _ebkupram = .

.qspi           0x04000000        0x0
                0x04000000                . = ALIGN (0x8)
                0x04000000                _sqspi = .
 *(.qspi .qspi.*)
                0x04000000                . = ALIGN (0x8)
                0x04000000                _eqspi = .

.bss            0x200000a0     0x2dec load address 0x000048c4
                0x200000a0                . = ALIGN (0x4)
                0x200000a0                _sbss = .
                0x200000a0                _szero = .
 *(.bss .bss.*)
 .bss           0x200000a0       0x1c c:/program files (x86)/atmel/studio/7.0/toolchain/arm/arm-gnu-toolchain/bin/../lib/gcc/arm-none-eabi/6.3.1/thumb/v7e-m/crtbegin.o
 .bss           0x200000bc        0x5 console.o
                0x200000bc                xCharPos
                0x200000be                yCharPos
                0x200000c0                originMode
 *fill*         0x200000c1        0x3 
 .bss           0x200000c4        0x4 hal/src/hal_delay.o
 .bss           0x200000c8        0x4 hal/utils/src/utils_syscalls.o
 .bss           0x200000cc        0x3 main.o
                0x200000cc                defaultBackgroundColor
                0x200000ce                breakEnable
 *fill*         0x200000cf        0x1 
 .bss           0x200000d0       0x80 splash.o
 .bss           0x20000150        0x4 stdio_redirect/stdio_io.o
 .bss.__malloc_free_list
                0x20000154        0x4 c:/program files (x86)/atmel/studio/7.0/toolchain/arm/arm-gnu-toolchain/bin/../lib/gcc/arm-none-eabi/6.3.1/../../../../arm-none-eabi/lib/thumb/v7e-m\libc_nano.a(lib_a-nano-mallocr.o)
                0x20000154                __malloc_free_list
 .bss.__malloc_sbrk_start
                0x20000158        0x4 c:/program files (x86)/atmel/studio/7.0/toolchain/arm/arm-gnu-toolchain/bin/../lib/gcc/arm-none-eabi/6.3.1/../../../../arm-none-eabi/lib/thumb/v7e-m\libc_nano.a(lib_a-nano-mallocr.o)
                0x20000158                __malloc_sbrk_start
 *(COMMON)
 COMMON         0x2000015c     0x2d06 console.o
                0x2000015c                capsLock
                0x20000160                consoleDisplay
                0x200008e0                consoleSGR
                0x20001060                consoleColors
                0x20002e60                scrollLock
                0x20002e61                sPoNgEbObCaSe
 *fill*         0x20002e62        0x2 
 COMMON         0x20002e64        0xc driver_init.o
                0x20002e64                USART_0
 COMMON         0x20002e70       0x10 hpl/ramecc/hpl_ramecc.o
                0x20002e70                device
 COMMON         0x20002e80        0x8 LCD.o
                0x20002e80                back_Color_Low
                0x20002e82                fore_Color_High
                0x20002e84                fore_Color_Low
                0x20002e86                back_Color_High
 COMMON         0x20002e88        0x4 c:/program files (x86)/atmel/studio/7.0/toolchain/arm/arm-gnu-toolchain/bin/../lib/gcc/arm-none-eabi/6.3.1/../../../../arm-none-eabi/lib/thumb/v7e-m\libc_nano.a(lib_a-reent.o)
                0x20002e88                errno
                0x20002e8c                . = ALIGN (0x4)
                0x20002e8c                _ebss = .
                0x20002e8c                _ezero = .

.stack          0x20002e8c     0xc004 load address 0x000076b0
                0x20002e90                . = ALIGN (0x8)
 *fill*         0x20002e8c        0x4 
                0x20002e90                _sstack = .
                0x2000ee90                . = (. + STACK_SIZE)
 *fill*         0x20002e90     0xc000 
                0x2000ee90                . = ALIGN (0x8)
                0x2000ee90                _estack = .
                0x2000ee90                . = ALIGN (0x4)
                0x2000ee90                _end = .
OUTPUT(SerialTest.elf elf32-littlearm)

.ARM.attributes
                0x00000000       0x2e
 .ARM.attributes
                0x00000000       0x1e c:/program files (x86)/atmel/studio/7.0/toolchain/arm/arm-gnu-toolchain/bin/../lib/gcc/arm-none-eabi/6.3.1/thumb/v7e-m/crti.o
 .ARM.attributes
                0x0000001e       0x2e c:/program files (x86)/atmel/studio/7.0/toolchain/arm/arm-gnu-toolchain/bin/../lib/gcc/arm-none-eabi/6.3.1/thumb/v7e-m/crtbegin.o
 .ARM.attributes
                0x0000004c       0x37 atmel_start.o
 .ARM.attributes
                0x00000083       0x37 console.o
 .ARM.attributes
                0x000000ba       0x37 Device_Startup/startup_samd51.o
 .ARM.attributes
                0x000000f1       0x37 driver_init.o
 .ARM.attributes
                0x00000128       0x37 hal/src/hal_delay.o
 .ARM.attributes
                0x0000015f       0x37 hal/src/hal_io.o
 .ARM.attributes
                0x00000196       0x37 hal/src/hal_usart_sync.o
 .ARM.attributes
                0x000001cd       0x37 hal/utils/src/utils_assert.o
 .ARM.attributes
                0x00000204       0x37 hal/utils/src/utils_syscalls.o
 .ARM.attributes
                0x0000023b       0x37 hpl/core/hpl_core_m4.o
 .ARM.attributes
                0x00000272       0x37 hpl/core/hpl_init.o
 .ARM.attributes
                0x000002a9       0x37 hpl/gclk/hpl_gclk.o
 .ARM.attributes
                0x000002e0       0x37 hpl/mclk/hpl_mclk.o
 .ARM.attributes
                0x00000317       0x37 hpl/osc32kctrl/hpl_osc32kctrl.o
 .ARM.attributes
                0x0000034e       0x37 hpl/oscctrl/hpl_oscctrl.o
 .ARM.attributes
                0x00000385       0x37 hpl/ramecc/hpl_ramecc.o
 .ARM.attributes
                0x000003bc       0x37 hpl/sercom/hpl_sercom.o
 .ARM.attributes
                0x000003f3       0x37 LCD.o
 .ARM.attributes
                0x0000042a       0x37 LCDBus.o
 .ARM.attributes
                0x00000461       0x37 main.o
 .ARM.attributes
                0x00000498       0x37 splash.o
 .ARM.attributes
                0x000004cf       0x37 stdio_redirect/gcc/read.o
 .ARM.attributes
                0x00000506       0x37 stdio_redirect/gcc/write.o
 .ARM.attributes
                0x0000053d       0x37 stdio_redirect/stdio_io.o
 .ARM.attributes
                0x00000574       0x37 stdio_start.o
 .ARM.attributes
                0x000005ab       0x2e c:/program files (x86)/atmel/studio/7.0/toolchain/arm/arm-gnu-toolchain/bin/../lib/gcc/arm-none-eabi/6.3.1/../../../../arm-none-eabi/lib/thumb/v7e-m\libc_nano.a(lib_a-impure.o)
 .ARM.attributes
                0x000005d9       0x2e c:/program files (x86)/atmel/studio/7.0/toolchain/arm/arm-gnu-toolchain/bin/../lib/gcc/arm-none-eabi/6.3.1/../../../../arm-none-eabi/lib/thumb/v7e-m\libc_nano.a(lib_a-init.o)
 .ARM.attributes
                0x00000607       0x2e c:/program files (x86)/atmel/studio/7.0/toolchain/arm/arm-gnu-toolchain/bin/../lib/gcc/arm-none-eabi/6.3.1/../../../../arm-none-eabi/lib/thumb/v7e-m\libc_nano.a(lib_a-memcpy-stub.o)
 .ARM.attributes
                0x00000635       0x2e c:/program files (x86)/atmel/studio/7.0/toolchain/arm/arm-gnu-toolchain/bin/../lib/gcc/arm-none-eabi/6.3.1/../../../../arm-none-eabi/lib/thumb/v7e-m\libc_nano.a(lib_a-memset.o)
 .ARM.attributes
                0x00000663       0x2e c:/program files (x86)/atmel/studio/7.0/toolchain/arm/arm-gnu-toolchain/bin/../lib/gcc/arm-none-eabi/6.3.1/../../../../arm-none-eabi/lib/thumb/v7e-m\libc_nano.a(lib_a-printf.o)
 .ARM.attributes
                0x00000691       0x2e c:/program files (x86)/atmel/studio/7.0/toolchain/arm/arm-gnu-toolchain/bin/../lib/gcc/arm-none-eabi/6.3.1/../../../../arm-none-eabi/lib/thumb/v7e-m\libc_nano.a(lib_a-rand.o)
 .ARM.attributes
                0x000006bf       0x2e c:/program files (x86)/atmel/studio/7.0/toolchain/arm/arm-gnu-toolchain/bin/../lib/gcc/arm-none-eabi/6.3.1/../../../../arm-none-eabi/lib/thumb/v7e-m\libc_nano.a(lib_a-setbuf.o)
 .ARM.attributes
                0x000006ed       0x2e c:/program files (x86)/atmel/studio/7.0/toolchain/arm/arm-gnu-toolchain/bin/../lib/gcc/arm-none-eabi/6.3.1/../../../../arm-none-eabi/lib/thumb/v7e-m\libc_nano.a(lib_a-setvbuf.o)
 .ARM.attributes
                0x0000071b       0x17 c:/program files (x86)/atmel/studio/7.0/toolchain/arm/arm-gnu-toolchain/bin/../lib/gcc/arm-none-eabi/6.3.1/../../../../arm-none-eabi/lib/thumb/v7e-m\libc_nano.a(lib_a-strlen.o)
 .ARM.attributes
                0x00000732       0x2e c:/program files (x86)/atmel/studio/7.0/toolchain/arm/arm-gnu-toolchain/bin/../lib/gcc/arm-none-eabi/6.3.1/../../../../arm-none-eabi/lib/thumb/v7e-m\libc_nano.a(lib_a-wbuf.o)
 .ARM.attributes
                0x00000760       0x2e c:/program files (x86)/atmel/studio/7.0/toolchain/arm/arm-gnu-toolchain/bin/../lib/gcc/arm-none-eabi/6.3.1/../../../../arm-none-eabi/lib/thumb/v7e-m\libc_nano.a(lib_a-wsetup.o)
 .ARM.attributes
                0x0000078e       0x2e c:/program files (x86)/atmel/studio/7.0/toolchain/arm/arm-gnu-toolchain/bin/../lib/gcc/arm-none-eabi/6.3.1/../../../../arm-none-eabi/lib/thumb/v7e-m\libc_nano.a(lib_a-fflush.o)
 .ARM.attributes
                0x000007bc       0x2e c:/program files (x86)/atmel/studio/7.0/toolchain/arm/arm-gnu-toolchain/bin/../lib/gcc/arm-none-eabi/6.3.1/../../../../arm-none-eabi/lib/thumb/v7e-m\libc_nano.a(lib_a-findfp.o)
 .ARM.attributes
                0x000007ea       0x2e c:/program files (x86)/atmel/studio/7.0/toolchain/arm/arm-gnu-toolchain/bin/../lib/gcc/arm-none-eabi/6.3.1/../../../../arm-none-eabi/lib/thumb/v7e-m\libc_nano.a(lib_a-fwalk.o)
 .ARM.attributes
                0x00000818       0x2e c:/program files (x86)/atmel/studio/7.0/toolchain/arm/arm-gnu-toolchain/bin/../lib/gcc/arm-none-eabi/6.3.1/../../../../arm-none-eabi/lib/thumb/v7e-m\libc_nano.a(lib_a-makebuf.o)
 .ARM.attributes
                0x00000846       0x2e c:/program files (x86)/atmel/studio/7.0/toolchain/arm/arm-gnu-toolchain/bin/../lib/gcc/arm-none-eabi/6.3.1/../../../../arm-none-eabi/lib/thumb/v7e-m\libc_nano.a(lib_a-malloc.o)
 .ARM.attributes
                0x00000874       0x2e c:/program files (x86)/atmel/studio/7.0/toolchain/arm/arm-gnu-toolchain/bin/../lib/gcc/arm-none-eabi/6.3.1/../../../../arm-none-eabi/lib/thumb/v7e-m\libc_nano.a(lib_a-nano-freer.o)
 .ARM.attributes
                0x000008a2       0x2e c:/program files (x86)/atmel/studio/7.0/toolchain/arm/arm-gnu-toolchain/bin/../lib/gcc/arm-none-eabi/6.3.1/../../../../arm-none-eabi/lib/thumb/v7e-m\libc_nano.a(lib_a-nano-mallocr.o)
 .ARM.attributes
                0x000008d0       0x2e c:/program files (x86)/atmel/studio/7.0/toolchain/arm/arm-gnu-toolchain/bin/../lib/gcc/arm-none-eabi/6.3.1/../../../../arm-none-eabi/lib/thumb/v7e-m\libc_nano.a(lib_a-nano-vfprintf.o)
 .ARM.attributes
                0x000008fe       0x2e c:/program files (x86)/atmel/studio/7.0/toolchain/arm/arm-gnu-toolchain/bin/../lib/gcc/arm-none-eabi/6.3.1/../../../../arm-none-eabi/lib/thumb/v7e-m\libc_nano.a(lib_a-nano-vfprintf_i.o)
 .ARM.attributes
                0x0000092c       0x2e c:/program files (x86)/atmel/studio/7.0/toolchain/arm/arm-gnu-toolchain/bin/../lib/gcc/arm-none-eabi/6.3.1/../../../../arm-none-eabi/lib/thumb/v7e-m\libc_nano.a(lib_a-sbrkr.o)
 .ARM.attributes
                0x0000095a       0x2e c:/program files (x86)/atmel/studio/7.0/toolchain/arm/arm-gnu-toolchain/bin/../lib/gcc/arm-none-eabi/6.3.1/../../../../arm-none-eabi/lib/thumb/v7e-m\libc_nano.a(lib_a-stdio.o)
 .ARM.attributes
                0x00000988       0x2e c:/program files (x86)/atmel/studio/7.0/toolchain/arm/arm-gnu-toolchain/bin/../lib/gcc/arm-none-eabi/6.3.1/../../../../arm-none-eabi/lib/thumb/v7e-m\libc_nano.a(lib_a-writer.o)
 .ARM.attributes
                0x000009b6       0x2e c:/program files (x86)/atmel/studio/7.0/toolchain/arm/arm-gnu-toolchain/bin/../lib/gcc/arm-none-eabi/6.3.1/../../../../arm-none-eabi/lib/thumb/v7e-m\libc_nano.a(lib_a-closer.o)
 .ARM.attributes
                0x000009e4       0x2e c:/program files (x86)/atmel/studio/7.0/toolchain/arm/arm-gnu-toolchain/bin/../lib/gcc/arm-none-eabi/6.3.1/../../../../arm-none-eabi/lib/thumb/v7e-m\libc_nano.a(lib_a-fstatr.o)
 .ARM.attributes
                0x00000a12       0x2e c:/program files (x86)/atmel/studio/7.0/toolchain/arm/arm-gnu-toolchain/bin/../lib/gcc/arm-none-eabi/6.3.1/../../../../arm-none-eabi/lib/thumb/v7e-m\libc_nano.a(lib_a-isattyr.o)
 .ARM.attributes
                0x00000a40       0x2e c:/program files (x86)/atmel/studio/7.0/toolchain/arm/arm-gnu-toolchain/bin/../lib/gcc/arm-none-eabi/6.3.1/../../../../arm-none-eabi/lib/thumb/v7e-m\libc_nano.a(lib_a-lseekr.o)
 .ARM.attributes
                0x00000a6e       0x1c c:/program files (x86)/atmel/studio/7.0/toolchain/arm/arm-gnu-toolchain/bin/../lib/gcc/arm-none-eabi/6.3.1/../../../../arm-none-eabi/lib/thumb/v7e-m\libc_nano.a(lib_a-memchr.o)
 .ARM.attributes
                0x00000a8a       0x2e c:/program files (x86)/atmel/studio/7.0/toolchain/arm/arm-gnu-toolchain/bin/../lib/gcc/arm-none-eabi/6.3.1/../../../../arm-none-eabi/lib/thumb/v7e-m\libc_nano.a(lib_a-mlock.o)
 .ARM.attributes
                0x00000ab8       0x2e c:/program files (x86)/atmel/studio/7.0/toolchain/arm/arm-gnu-toolchain/bin/../lib/gcc/arm-none-eabi/6.3.1/../../../../arm-none-eabi/lib/thumb/v7e-m\libc_nano.a(lib_a-readr.o)
 .ARM.attributes
                0x00000ae6       0x2e c:/program files (x86)/atmel/studio/7.0/toolchain/arm/arm-gnu-toolchain/bin/../lib/gcc/arm-none-eabi/6.3.1/../../../../arm-none-eabi/lib/thumb/v7e-m\libc_nano.a(lib_a-reent.o)
 .ARM.attributes
                0x00000b14       0x1e c:/program files (x86)/atmel/studio/7.0/toolchain/arm/arm-gnu-toolchain/bin/../lib/gcc/arm-none-eabi/6.3.1/thumb/v7e-m/crtn.o

.comment        0x00000000       0x59
 .comment       0x00000000       0x59 atmel_start.o
                                 0x5a (size before relaxing)
 .comment       0x00000059       0x5a console.o
 .comment       0x00000059       0x5a Device_Startup/startup_samd51.o
 .comment       0x00000059       0x5a driver_init.o
 .comment       0x00000059       0x5a hal/src/hal_delay.o
 .comment       0x00000059       0x5a hal/src/hal_io.o
 .comment       0x00000059       0x5a hal/src/hal_usart_sync.o
 .comment       0x00000059       0x5a hal/utils/src/utils_assert.o
 .comment       0x00000059       0x5a hal/utils/src/utils_syscalls.o
 .comment       0x00000059       0x5a hpl/core/hpl_core_m4.o
 .comment       0x00000059       0x5a hpl/core/hpl_init.o
 .comment       0x00000059       0x5a hpl/gclk/hpl_gclk.o
 .comment       0x00000059       0x5a hpl/mclk/hpl_mclk.o
 .comment       0x00000059       0x5a hpl/osc32kctrl/hpl_osc32kctrl.o
 .comment       0x00000059       0x5a hpl/oscctrl/hpl_oscctrl.o
 .comment       0x00000059       0x5a hpl/ramecc/hpl_ramecc.o
 .comment       0x00000059       0x5a hpl/sercom/hpl_sercom.o
 .comment       0x00000059       0x5a LCD.o
 .comment       0x00000059       0x5a LCDBus.o
 .comment       0x00000059       0x5a main.o
 .comment       0x00000059       0x5a splash.o
 .comment       0x00000059       0x5a stdio_redirect/gcc/read.o
 .comment       0x00000059       0x5a stdio_redirect/gcc/write.o
 .comment       0x00000059       0x5a stdio_redirect/stdio_io.o
 .comment       0x00000059       0x5a stdio_start.o

.debug_info     0x00000000    0x20ad3
 .debug_info    0x00000000      0xb35 atmel_start.o
 .debug_info    0x00000b35     0x143d console.o
 .debug_info    0x00001f72      0xd7a Device_Startup/startup_samd51.o
 .debug_info    0x00002cec     0x4160 driver_init.o
 .debug_info    0x00006e4c      0x205 hal/src/hal_delay.o
 .debug_info    0x00007051      0x2c5 hal/src/hal_io.o
 .debug_info    0x00007316      0xcc9 hal/src/hal_usart_sync.o
 .debug_info    0x00007fdf      0x130 hal/utils/src/utils_assert.o
 .debug_info    0x0000810f      0xdca hal/utils/src/utils_syscalls.o
 .debug_info    0x00008ed9      0xc6d hpl/core/hpl_core_m4.o
 .debug_info    0x00009b46      0xbe1 hpl/core/hpl_init.o
 .debug_info    0x0000a727      0x72f hpl/gclk/hpl_gclk.o
 .debug_info    0x0000ae56      0xa0c hpl/mclk/hpl_mclk.o
 .debug_info    0x0000b862      0x819 hpl/osc32kctrl/hpl_osc32kctrl.o
 .debug_info    0x0000c07b     0x1cc2 hpl/oscctrl/hpl_oscctrl.o
 .debug_info    0x0000dd3d      0xc03 hpl/ramecc/hpl_ramecc.o
 .debug_info    0x0000e940     0xbbb6 hpl/sercom/hpl_sercom.o
 .debug_info    0x0001a4f6      0x8c8 LCD.o
 .debug_info    0x0001adbe      0xb0e LCDBus.o
 .debug_info    0x0001b8cc      0xde3 main.o
 .debug_info    0x0001c6af     0x17ed splash.o
 .debug_info    0x0001de9c      0xa5d stdio_redirect/gcc/read.o
 .debug_info    0x0001e8f9      0xa5d stdio_redirect/gcc/write.o
 .debug_info    0x0001f356      0xbf7 stdio_redirect/stdio_io.o
 .debug_info    0x0001ff4d      0xb86 stdio_start.o

.debug_abbrev   0x00000000     0x361a
 .debug_abbrev  0x00000000      0x1b4 atmel_start.o
 .debug_abbrev  0x000001b4      0x2fc console.o
 .debug_abbrev  0x000004b0      0x171 Device_Startup/startup_samd51.o
 .debug_abbrev  0x00000621      0x335 driver_init.o
 .debug_abbrev  0x00000956       0xf9 hal/src/hal_delay.o
 .debug_abbrev  0x00000a4f      0x12d hal/src/hal_io.o
 .debug_abbrev  0x00000b7c      0x22f hal/src/hal_usart_sync.o
 .debug_abbrev  0x00000dab       0x9e hal/utils/src/utils_assert.o
 .debug_abbrev  0x00000e49      0x269 hal/utils/src/utils_syscalls.o
 .debug_abbrev  0x000010b2      0x2bb hpl/core/hpl_core_m4.o
 .debug_abbrev  0x0000136d      0x1ea hpl/core/hpl_init.o
 .debug_abbrev  0x00001557      0x1c9 hpl/gclk/hpl_gclk.o
 .debug_abbrev  0x00001720      0x1bd hpl/mclk/hpl_mclk.o
 .debug_abbrev  0x000018dd      0x1fc hpl/osc32kctrl/hpl_osc32kctrl.o
 .debug_abbrev  0x00001ad9      0x2c2 hpl/oscctrl/hpl_oscctrl.o
 .debug_abbrev  0x00001d9b      0x2c8 hpl/ramecc/hpl_ramecc.o
 .debug_abbrev  0x00002063      0x5bc hpl/sercom/hpl_sercom.o
 .debug_abbrev  0x0000261f      0x173 LCD.o
 .debug_abbrev  0x00002792      0x137 LCDBus.o
 .debug_abbrev  0x000028c9      0x216 main.o
 .debug_abbrev  0x00002adf      0x34b splash.o
 .debug_abbrev  0x00002e2a      0x1ef stdio_redirect/gcc/read.o
 .debug_abbrev  0x00003019      0x1ef stdio_redirect/gcc/write.o
 .debug_abbrev  0x00003208      0x230 stdio_redirect/stdio_io.o
 .debug_abbrev  0x00003438      0x1e2 stdio_start.o

.debug_loc      0x00000000     0xac97
 .debug_loc     0x00000000       0x20 atmel_start.o
 .debug_loc     0x00000020      0x8a0 console.o
 .debug_loc     0x000008c0       0x78 Device_Startup/startup_samd51.o
 .debug_loc     0x00000938      0x404 driver_init.o
 .debug_loc     0x00000d3c       0xc3 hal/src/hal_delay.o
 .debug_loc     0x00000dff      0x17e hal/src/hal_io.o
 .debug_loc     0x00000f7d      0x95c hal/src/hal_usart_sync.o
 .debug_loc     0x000018d9      0x13b hal/utils/src/utils_syscalls.o
 .debug_loc     0x00001a14      0x271 hpl/core/hpl_core_m4.o
 .debug_loc     0x00001c85       0x4c hpl/core/hpl_init.o
 .debug_loc     0x00001cd1      0x23a hpl/gclk/hpl_gclk.o
 .debug_loc     0x00001f0b       0x2c hpl/mclk/hpl_mclk.o
 .debug_loc     0x00001f37      0x11b hpl/osc32kctrl/hpl_osc32kctrl.o
 .debug_loc     0x00002052      0x452 hpl/oscctrl/hpl_oscctrl.o
 .debug_loc     0x000024a4      0x130 hpl/ramecc/hpl_ramecc.o
 .debug_loc     0x000025d4     0x7a42 hpl/sercom/hpl_sercom.o
 .debug_loc     0x0000a016      0x550 LCD.o
 .debug_loc     0x0000a566      0x203 LCDBus.o
 .debug_loc     0x0000a769       0x3f main.o
 .debug_loc     0x0000a7a8      0x138 splash.o
 .debug_loc     0x0000a8e0       0xff stdio_redirect/gcc/read.o
 .debug_loc     0x0000a9df       0xf3 stdio_redirect/gcc/write.o
 .debug_loc     0x0000aad2      0x185 stdio_redirect/stdio_io.o
 .debug_loc     0x0000ac57       0x40 stdio_start.o

.debug_aranges  0x00000000      0xa78
 .debug_aranges
                0x00000000       0x20 atmel_start.o
 .debug_aranges
                0x00000020       0x50 console.o
 .debug_aranges
                0x00000070       0x28 Device_Startup/startup_samd51.o
 .debug_aranges
                0x00000098       0x38 driver_init.o
 .debug_aranges
                0x000000d0       0x38 hal/src/hal_delay.o
 .debug_aranges
                0x00000108       0x30 hal/src/hal_io.o
 .debug_aranges
                0x00000138       0xa8 hal/src/hal_usart_sync.o
 .debug_aranges
                0x000001e0       0x20 hal/utils/src/utils_assert.o
 .debug_aranges
                0x00000200       0x60 hal/utils/src/utils_syscalls.o
 .debug_aranges
                0x00000260       0x80 hpl/core/hpl_core_m4.o
 .debug_aranges
                0x000002e0       0x20 hpl/core/hpl_init.o
 .debug_aranges
                0x00000300       0x28 hpl/gclk/hpl_gclk.o
 .debug_aranges
                0x00000328       0x20 hpl/mclk/hpl_mclk.o
 .debug_aranges
                0x00000348       0x20 hpl/osc32kctrl/hpl_osc32kctrl.o
 .debug_aranges
                0x00000368       0x28 hpl/oscctrl/hpl_oscctrl.o
 .debug_aranges
                0x00000390       0x30 hpl/ramecc/hpl_ramecc.o
 .debug_aranges
                0x000003c0      0x508 hpl/sercom/hpl_sercom.o
 .debug_aranges
                0x000008c8       0x80 LCD.o
 .debug_aranges
                0x00000948       0x48 LCDBus.o
 .debug_aranges
                0x00000990       0x20 main.o
 .debug_aranges
                0x000009b0       0x28 splash.o
 .debug_aranges
                0x000009d8       0x20 stdio_redirect/gcc/read.o
 .debug_aranges
                0x000009f8       0x20 stdio_redirect/gcc/write.o
 .debug_aranges
                0x00000a18       0x38 stdio_redirect/stdio_io.o
 .debug_aranges
                0x00000a50       0x28 stdio_start.o

.debug_ranges   0x00000000      0xb48
 .debug_ranges  0x00000000       0x10 atmel_start.o
 .debug_ranges  0x00000010       0xc0 console.o
 .debug_ranges  0x000000d0       0x18 Device_Startup/startup_samd51.o
 .debug_ranges  0x000000e8       0x28 driver_init.o
 .debug_ranges  0x00000110       0x28 hal/src/hal_delay.o
 .debug_ranges  0x00000138       0x20 hal/src/hal_io.o
 .debug_ranges  0x00000158       0x98 hal/src/hal_usart_sync.o
 .debug_ranges  0x000001f0       0x10 hal/utils/src/utils_assert.o
 .debug_ranges  0x00000200       0x50 hal/utils/src/utils_syscalls.o
 .debug_ranges  0x00000250       0x70 hpl/core/hpl_core_m4.o
 .debug_ranges  0x000002c0       0x10 hpl/core/hpl_init.o
 .debug_ranges  0x000002d0       0x18 hpl/gclk/hpl_gclk.o
 .debug_ranges  0x000002e8       0x10 hpl/mclk/hpl_mclk.o
 .debug_ranges  0x000002f8       0x10 hpl/osc32kctrl/hpl_osc32kctrl.o
 .debug_ranges  0x00000308       0x18 hpl/oscctrl/hpl_oscctrl.o
 .debug_ranges  0x00000320       0x38 hpl/ramecc/hpl_ramecc.o
 .debug_ranges  0x00000358      0x690 hpl/sercom/hpl_sercom.o
 .debug_ranges  0x000009e8       0x88 LCD.o
 .debug_ranges  0x00000a70       0x38 LCDBus.o
 .debug_ranges  0x00000aa8       0x10 main.o
 .debug_ranges  0x00000ab8       0x30 splash.o
 .debug_ranges  0x00000ae8       0x10 stdio_redirect/gcc/read.o
 .debug_ranges  0x00000af8       0x10 stdio_redirect/gcc/write.o
 .debug_ranges  0x00000b08       0x28 stdio_redirect/stdio_io.o
 .debug_ranges  0x00000b30       0x18 stdio_start.o

.debug_macro    0x00000000    0x2fbc5
 .debug_macro   0x00000000      0x887 atmel_start.o
 .debug_macro   0x00000887      0x8b6 atmel_start.o
 .debug_macro   0x0000113d      0x16d atmel_start.o
 .debug_macro   0x000012aa       0x22 atmel_start.o
 .debug_macro   0x000012cc       0x87 atmel_start.o
 .debug_macro   0x00001353       0x51 atmel_start.o
 .debug_macro   0x000013a4       0xef atmel_start.o
 .debug_macro   0x00001493       0x6a atmel_start.o
 .debug_macro   0x000014fd      0x1df atmel_start.o
 .debug_macro   0x000016dc       0x22 atmel_start.o
 .debug_macro   0x000016fe       0x54 atmel_start.o
 .debug_macro   0x00001752       0x1c atmel_start.o
 .debug_macro   0x0000176e       0x22 atmel_start.o
 .debug_macro   0x00001790       0xdf atmel_start.o
 .debug_macro   0x0000186f     0x102d atmel_start.o
 .debug_macro   0x0000289c      0x11f atmel_start.o
 .debug_macro   0x000029bb      0x706 atmel_start.o
 .debug_macro   0x000030c1      0xb5b atmel_start.o
 .debug_macro   0x00003c1c      0x3c0 atmel_start.o
 .debug_macro   0x00003fdc      0x336 atmel_start.o
 .debug_macro   0x00004312      0x3b7 atmel_start.o
 .debug_macro   0x000046c9      0x668 atmel_start.o
 .debug_macro   0x00004d31     0x143f atmel_start.o
 .debug_macro   0x00006170      0x651 atmel_start.o
 .debug_macro   0x000067c1      0x67b atmel_start.o
 .debug_macro   0x00006e3c      0x6d7 atmel_start.o
 .debug_macro   0x00007513      0x172 atmel_start.o
 .debug_macro   0x00007685      0x395 atmel_start.o
 .debug_macro   0x00007a1a       0x3a atmel_start.o
 .debug_macro   0x00007a54      0x72a atmel_start.o
 .debug_macro   0x0000817e      0xb12 atmel_start.o
 .debug_macro   0x00008c90      0x59f atmel_start.o
 .debug_macro   0x0000922f      0xbc0 atmel_start.o
 .debug_macro   0x00009def      0x9b9 atmel_start.o
 .debug_macro   0x0000a7a8      0x2a3 atmel_start.o
 .debug_macro   0x0000aa4b      0x877 atmel_start.o
 .debug_macro   0x0000b2c2      0x1ea atmel_start.o
 .debug_macro   0x0000b4ac      0x8f4 atmel_start.o
 .debug_macro   0x0000bda0      0x216 atmel_start.o
 .debug_macro   0x0000bfb6      0x3f9 atmel_start.o
 .debug_macro   0x0000c3af      0x620 atmel_start.o
 .debug_macro   0x0000c9cf      0x10d atmel_start.o
 .debug_macro   0x0000cadc       0xb8 atmel_start.o
 .debug_macro   0x0000cb94     0x1df7 atmel_start.o
 .debug_macro   0x0000e98b     0x2e69 atmel_start.o
 .debug_macro   0x000117f4     0x11ed atmel_start.o
 .debug_macro   0x000129e1      0x50e atmel_start.o
 .debug_macro   0x00012eef      0x930 atmel_start.o
 .debug_macro   0x0001381f     0x1ad8 atmel_start.o
 .debug_macro   0x000152f7       0xe7 atmel_start.o
 .debug_macro   0x000153de     0x13e6 atmel_start.o
 .debug_macro   0x000167c4      0x36a atmel_start.o
 .debug_macro   0x00016b2e       0x94 atmel_start.o
 .debug_macro   0x00016bc2       0xdc atmel_start.o
 .debug_macro   0x00016c9e       0xe2 atmel_start.o
 .debug_macro   0x00016d80       0xdc atmel_start.o
 .debug_macro   0x00016e5c       0x46 atmel_start.o
 .debug_macro   0x00016ea2       0x4c atmel_start.o
 .debug_macro   0x00016eee       0xc4 atmel_start.o
 .debug_macro   0x00016fb2      0x7d5 atmel_start.o
 .debug_macro   0x00017787       0xb8 atmel_start.o
 .debug_macro   0x0001783f       0x7c atmel_start.o
 .debug_macro   0x000178bb      0xc19 atmel_start.o
 .debug_macro   0x000184d4       0x46 atmel_start.o
 .debug_macro   0x0001851a      0x25b atmel_start.o
 .debug_macro   0x00018775      0x170 atmel_start.o
 .debug_macro   0x000188e5       0x7c atmel_start.o
 .debug_macro   0x00018961       0xbe atmel_start.o
 .debug_macro   0x00018a1f       0x4c atmel_start.o
 .debug_macro   0x00018a6b       0x82 atmel_start.o
 .debug_macro   0x00018aed      0x1a3 atmel_start.o
 .debug_macro   0x00018c90       0x46 atmel_start.o
 .debug_macro   0x00018cd6       0x6a atmel_start.o
 .debug_macro   0x00018d40       0x46 atmel_start.o
 .debug_macro   0x00018d86       0x88 atmel_start.o
 .debug_macro   0x00018e0e       0x46 atmel_start.o
 .debug_macro   0x00018e54      0x24e atmel_start.o
 .debug_macro   0x000190a2       0x1c atmel_start.o
 .debug_macro   0x000190be       0x76 atmel_start.o
 .debug_macro   0x00019134       0x3a atmel_start.o
 .debug_macro   0x0001916e       0x2e atmel_start.o
 .debug_macro   0x0001919c      0x196 atmel_start.o
 .debug_macro   0x00019332      0x16f atmel_start.o
 .debug_macro   0x000194a1      0x16f atmel_start.o
 .debug_macro   0x00019610      0x25d atmel_start.o
 .debug_macro   0x0001986d      0x25d atmel_start.o
 .debug_macro   0x00019aca      0x25d atmel_start.o
 .debug_macro   0x00019d27      0x25d atmel_start.o
 .debug_macro   0x00019f84      0x25d atmel_start.o
 .debug_macro   0x0001a1e1      0x25d atmel_start.o
 .debug_macro   0x0001a43e      0x25d atmel_start.o
 .debug_macro   0x0001a69b      0x25d atmel_start.o
 .debug_macro   0x0001a8f8       0x52 atmel_start.o
 .debug_macro   0x0001a94a       0xfa atmel_start.o
 .debug_macro   0x0001aa44       0xfa atmel_start.o
 .debug_macro   0x0001ab3e       0xfa atmel_start.o
 .debug_macro   0x0001ac38       0xfa atmel_start.o
 .debug_macro   0x0001ad32       0xfa atmel_start.o
 .debug_macro   0x0001ae2c       0xfa atmel_start.o
 .debug_macro   0x0001af26       0xfa atmel_start.o
 .debug_macro   0x0001b020       0xfa atmel_start.o
 .debug_macro   0x0001b11a      0x148 atmel_start.o
 .debug_macro   0x0001b262      0x124 atmel_start.o
 .debug_macro   0x0001b386      0x106 atmel_start.o
 .debug_macro   0x0001b48c       0xee atmel_start.o
 .debug_macro   0x0001b57a       0xee atmel_start.o
 .debug_macro   0x0001b668       0x2e atmel_start.o
 .debug_macro   0x0001b696      0x46a atmel_start.o
 .debug_macro   0x0001bb00       0x3a atmel_start.o
 .debug_macro   0x0001bb3a      0x559 atmel_start.o
 .debug_macro   0x0001c093     0x43dd atmel_start.o
 .debug_macro   0x00020470       0xcf atmel_start.o
 .debug_macro   0x0002053f       0x10 atmel_start.o
 .debug_macro   0x0002054f       0x10 atmel_start.o
 .debug_macro   0x0002055f       0x16 atmel_start.o
 .debug_macro   0x00020575       0x16 atmel_start.o
 .debug_macro   0x0002058b       0x16 atmel_start.o
 .debug_macro   0x000205a1       0x16 atmel_start.o
 .debug_macro   0x000205b7       0x16 atmel_start.o
 .debug_macro   0x000205cd       0x40 atmel_start.o
 .debug_macro   0x0002060d       0x16 atmel_start.o
 .debug_macro   0x00020623       0x16 atmel_start.o
 .debug_macro   0x00020639       0x16 atmel_start.o
 .debug_macro   0x0002064f       0x16 atmel_start.o
 .debug_macro   0x00020665       0x16 atmel_start.o
 .debug_macro   0x0002067b       0x16 atmel_start.o
 .debug_macro   0x00020691       0x16 atmel_start.o
 .debug_macro   0x000206a7       0x16 atmel_start.o
 .debug_macro   0x000206bd       0x16 atmel_start.o
 .debug_macro   0x000206d3       0x16 atmel_start.o
 .debug_macro   0x000206e9       0x16 atmel_start.o
 .debug_macro   0x000206ff       0x16 atmel_start.o
 .debug_macro   0x00020715       0x16 atmel_start.o
 .debug_macro   0x0002072b       0x16 atmel_start.o
 .debug_macro   0x00020741       0x16 atmel_start.o
 .debug_macro   0x00020757       0x16 atmel_start.o
 .debug_macro   0x0002076d       0x16 atmel_start.o
 .debug_macro   0x00020783       0x16 atmel_start.o
 .debug_macro   0x00020799       0x16 atmel_start.o
 .debug_macro   0x000207af       0x16 atmel_start.o
 .debug_macro   0x000207c5      0xe5c atmel_start.o
 .debug_macro   0x00021621      0x9b6 atmel_start.o
 .debug_macro   0x00021fd7       0x94 atmel_start.o
 .debug_macro   0x0002206b       0x16 atmel_start.o
 .debug_macro   0x00022081       0xbe atmel_start.o
 .debug_macro   0x0002213f      0x28c atmel_start.o
 .debug_macro   0x000223cb       0x16 atmel_start.o
 .debug_macro   0x000223e1      0x4d8 atmel_start.o
 .debug_macro   0x000228b9       0x16 atmel_start.o
 .debug_macro   0x000228cf       0xca atmel_start.o
 .debug_macro   0x00022999       0x1c atmel_start.o
 .debug_macro   0x000229b5       0x16 atmel_start.o
 .debug_macro   0x000229cb      0x12a atmel_start.o
 .debug_macro   0x00022af5       0x6a atmel_start.o
 .debug_macro   0x00022b5f       0x58 atmel_start.o
 .debug_macro   0x00022bb7       0x35 atmel_start.o
 .debug_macro   0x00022bec       0x9c atmel_start.o
 .debug_macro   0x00022c88       0x16 atmel_start.o
 .debug_macro   0x00022c9e       0x35 atmel_start.o
 .debug_macro   0x00022cd3      0x34d atmel_start.o
 .debug_macro   0x00023020       0x10 atmel_start.o
 .debug_macro   0x00023030       0x58 atmel_start.o
 .debug_macro   0x00023088       0x1f atmel_start.o
 .debug_macro   0x000230a7       0x43 atmel_start.o
 .debug_macro   0x000230ea       0x20 atmel_start.o
 .debug_macro   0x0002310a      0x187 atmel_start.o
 .debug_macro   0x00023291       0x10 atmel_start.o
 .debug_macro   0x000232a1       0x1c atmel_start.o
 .debug_macro   0x000232bd       0x52 atmel_start.o
 .debug_macro   0x0002330f       0x40 atmel_start.o
 .debug_macro   0x0002334f       0x10 atmel_start.o
 .debug_macro   0x0002335f       0x40 atmel_start.o
 .debug_macro   0x0002339f       0xd7 atmel_start.o
 .debug_macro   0x00023476       0x16 atmel_start.o
 .debug_macro   0x0002348c      0x18b atmel_start.o
 .debug_macro   0x00023617      0x77f console.o
 .debug_macro   0x00023d96       0x52 console.o
 .debug_macro   0x00023de8       0x8d console.o
 .debug_macro   0x00023e75       0x57 console.o
 .debug_macro   0x00023ecc      0x353 console.o
 .debug_macro   0x0002421f       0x10 console.o
 .debug_macro   0x0002422f       0xd9 console.o
 .debug_macro   0x00024308       0xd0 console.o
 .debug_macro   0x000243d8      0x480 Device_Startup/startup_samd51.o
 .debug_macro   0x00024858       0x4e Device_Startup/startup_samd51.o
 .debug_macro   0x000248a6      0x71a driver_init.o
 .debug_macro   0x00024fc0       0x28 driver_init.o
 .debug_macro   0x00024fe8       0xc9 driver_init.o
 .debug_macro   0x000250b1      0x672 hal/src/hal_delay.o
 .debug_macro   0x00025723      0x650 hal/src/hal_io.o
 .debug_macro   0x00025d73      0x67b hal/src/hal_usart_sync.o
 .debug_macro   0x000263ee      0x645 hal/utils/src/utils_assert.o
 .debug_macro   0x00026a33       0x10 hal/utils/src/utils_assert.o
 .debug_macro   0x00026a43      0x1d6 hal/utils/src/utils_syscalls.o
 .debug_macro   0x00026c19       0x97 hal/utils/src/utils_syscalls.o
 .debug_macro   0x00026cb0       0xf6 hal/utils/src/utils_syscalls.o
 .debug_macro   0x00026da6       0x4c hal/utils/src/utils_syscalls.o
 .debug_macro   0x00026df2       0x16 hal/utils/src/utils_syscalls.o
 .debug_macro   0x00026e08       0x10 hal/utils/src/utils_syscalls.o
 .debug_macro   0x00026e18       0x10 hal/utils/src/utils_syscalls.o
 .debug_macro   0x00026e28       0x35 hal/utils/src/utils_syscalls.o
 .debug_macro   0x00026e5d      0x122 hal/utils/src/utils_syscalls.o
 .debug_macro   0x00026f7f      0x67a hpl/core/hpl_core_m4.o
 .debug_macro   0x000275f9      0x6de hpl/core/hpl_init.o
 .debug_macro   0x00027cd7       0x2e hpl/core/hpl_init.o
 .debug_macro   0x00027d05      0xd7b hpl/core/hpl_init.o
 .debug_macro   0x00028a80      0x654 hpl/gclk/hpl_gclk.o
 .debug_macro   0x000290d4      0x2f0 hpl/gclk/hpl_gclk.o
 .debug_macro   0x000293c4      0x64f hpl/mclk/hpl_mclk.o
 .debug_macro   0x00029a13      0x64a hpl/osc32kctrl/hpl_osc32kctrl.o
 .debug_macro   0x0002a05d       0x80 hpl/osc32kctrl/hpl_osc32kctrl.o
 .debug_macro   0x0002a0dd      0x654 hpl/oscctrl/hpl_oscctrl.o
 .debug_macro   0x0002a731      0x216 hpl/oscctrl/hpl_oscctrl.o
 .debug_macro   0x0002a947      0x665 hpl/ramecc/hpl_ramecc.o
 .debug_macro   0x0002afac      0x89e hpl/sercom/hpl_sercom.o
 .debug_macro   0x0002b84a       0x70 hpl/sercom/hpl_sercom.o
 .debug_macro   0x0002b8ba       0xe4 hpl/sercom/hpl_sercom.o
 .debug_macro   0x0002b99e       0x10 hpl/sercom/hpl_sercom.o
 .debug_macro   0x0002b9ae       0x1c hpl/sercom/hpl_sercom.o
 .debug_macro   0x0002b9ca       0x22 hpl/sercom/hpl_sercom.o
 .debug_macro   0x0002b9ec       0x10 hpl/sercom/hpl_sercom.o
 .debug_macro   0x0002b9fc      0x6a4 LCD.o
 .debug_macro   0x0002c0a0      0x6cb LCDBus.o
 .debug_macro   0x0002c76b       0x22 LCDBus.o
 .debug_macro   0x0002c78d      0x8d5 main.o
 .debug_macro   0x0002d062       0x10 main.o
 .debug_macro   0x0002d072      0x45d main.o
 .debug_macro   0x0002d4cf      0x774 splash.o
 .debug_macro   0x0002dc43      0x7ab stdio_redirect/gcc/read.o
 .debug_macro   0x0002e3ee      0x7ab stdio_redirect/gcc/write.o
 .debug_macro   0x0002eb99      0x7a4 stdio_redirect/stdio_io.o
 .debug_macro   0x0002f33d      0x888 stdio_start.o

.debug_line     0x00000000    0x155b7
 .debug_line    0x00000000      0xe01 atmel_start.o
 .debug_line    0x00000e01     0x1029 console.o
 .debug_line    0x00001e2a      0x88f Device_Startup/startup_samd51.o
 .debug_line    0x000026b9      0xd4f driver_init.o
 .debug_line    0x00003408      0xbe9 hal/src/hal_delay.o
 .debug_line    0x00003ff1      0xbd9 hal/src/hal_io.o
 .debug_line    0x00004bca      0xda3 hal/src/hal_usart_sync.o
 .debug_line    0x0000596d      0xb8a hal/utils/src/utils_assert.o
 .debug_line    0x000064f7      0x40a hal/utils/src/utils_syscalls.o
 .debug_line    0x00006901      0xd05 hpl/core/hpl_core_m4.o
 .debug_line    0x00007606      0xc9a hpl/core/hpl_init.o
 .debug_line    0x000082a0      0xc07 hpl/gclk/hpl_gclk.o
 .debug_line    0x00008ea7      0xbad hpl/mclk/hpl_mclk.o
 .debug_line    0x00009a54      0xbce hpl/osc32kctrl/hpl_osc32kctrl.o
 .debug_line    0x0000a622      0xd03 hpl/oscctrl/hpl_oscctrl.o
 .debug_line    0x0000b325      0xc50 hpl/ramecc/hpl_ramecc.o
 .debug_line    0x0000bf75     0x2b93 hpl/sercom/hpl_sercom.o
 .debug_line    0x0000eb08      0xd40 LCD.o
 .debug_line    0x0000f848      0xd23 LCDBus.o
 .debug_line    0x0001056b      0xe57 main.o
 .debug_line    0x000113c2      0xd9f splash.o
 .debug_line    0x00012161      0xcb5 stdio_redirect/gcc/read.o
 .debug_line    0x00012e16      0xcb6 stdio_redirect/gcc/write.o
 .debug_line    0x00013acc      0xcd6 stdio_redirect/stdio_io.o
 .debug_line    0x000147a2      0xe15 stdio_start.o

.debug_str      0x00000000    0xfa124
 .debug_str     0x00000000    0xeb3b3 atmel_start.o
                              0xeb920 (size before relaxing)
 .debug_str     0x000eb3b3      0x5d2 console.o
                              0xeab67 (size before relaxing)
 .debug_str     0x000eb985      0xbf2 Device_Startup/startup_samd51.o
                              0xd11f1 (size before relaxing)
 .debug_str     0x000ec577     0x15c0 driver_init.o
                              0xe914f (size before relaxing)
 .debug_str     0x000edb37       0xb6 hal/src/hal_delay.o
                              0xe6b68 (size before relaxing)
 .debug_str     0x000edbed       0x33 hal/src/hal_io.o
                              0xe6b99 (size before relaxing)
 .debug_str     0x000edc20      0x4aa hal/src/hal_usart_sync.o
                              0xe7639 (size before relaxing)
 .debug_str     0x000ee0ca       0x2a hal/utils/src/utils_assert.o
                              0xe6b0e (size before relaxing)
 .debug_str     0x000ee0f4      0x760 hal/utils/src/utils_syscalls.o
                               0x73d0 (size before relaxing)
 .debug_str     0x000ee854      0x896 hpl/core/hpl_core_m4.o
                              0xe7a5a (size before relaxing)
 .debug_str     0x000ef0ea     0x310e hpl/core/hpl_init.o
                              0xeaa17 (size before relaxing)
 .debug_str     0x000f21f8      0xbf3 hpl/gclk/hpl_gclk.o
                              0xe7838 (size before relaxing)
 .debug_str     0x000f2deb       0x47 hpl/mclk/hpl_mclk.o
                              0xe6f8a (size before relaxing)
 .debug_str     0x000f2e32      0x51e hpl/osc32kctrl/hpl_osc32kctrl.o
                              0xe701e (size before relaxing)
 .debug_str     0x000f3350      0xe09 hpl/oscctrl/hpl_oscctrl.o
                              0xe861e (size before relaxing)
 .debug_str     0x000f4159      0x25d hpl/ramecc/hpl_ramecc.o
                              0xe7a26 (size before relaxing)
 .debug_str     0x000f43b6     0x4a92 hpl/sercom/hpl_sercom.o
                              0xed023 (size before relaxing)
 .debug_str     0x000f8e48       0xcb LCD.o
                              0xe7dca (size before relaxing)
 .debug_str     0x000f8f13       0x55 LCDBus.o
                              0xe7dfe (size before relaxing)
 .debug_str     0x000f8f68     0x106c main.o
                              0xecd91 (size before relaxing)
 .debug_str     0x000f9fd4       0x72 splash.o
                              0xead2a (size before relaxing)
 .debug_str     0x000fa046       0x2b stdio_redirect/gcc/read.o
                              0xea8bb (size before relaxing)
 .debug_str     0x000fa071       0x2d stdio_redirect/gcc/write.o
                              0xea8bd (size before relaxing)
 .debug_str     0x000fa09e       0x4b stdio_redirect/stdio_io.o
                              0xea944 (size before relaxing)
 .debug_str     0x000fa0e9       0x3b stdio_start.o
                              0xeb950 (size before relaxing)

.debug_frame    0x00000000     0x21b4
 .debug_frame   0x00000000       0x28 atmel_start.o
 .debug_frame   0x00000028      0x10c console.o
 .debug_frame   0x00000134       0x38 Device_Startup/startup_samd51.o
 .debug_frame   0x0000016c       0x60 driver_init.o
 .debug_frame   0x000001cc       0x68 hal/src/hal_delay.o
 .debug_frame   0x00000234       0x58 hal/src/hal_io.o
 .debug_frame   0x0000028c      0x1f0 hal/src/hal_usart_sync.o
 .debug_frame   0x0000047c       0x20 hal/utils/src/utils_assert.o
 .debug_frame   0x0000049c       0xa8 hal/utils/src/utils_syscalls.o
 .debug_frame   0x00000544       0xec hpl/core/hpl_core_m4.o
 .debug_frame   0x00000630       0x28 hpl/core/hpl_init.o
 .debug_frame   0x00000658       0x30 hpl/gclk/hpl_gclk.o
 .debug_frame   0x00000688       0x20 hpl/mclk/hpl_mclk.o
 .debug_frame   0x000006a8       0x20 hpl/osc32kctrl/hpl_osc32kctrl.o
 .debug_frame   0x000006c8       0x30 hpl/oscctrl/hpl_oscctrl.o
 .debug_frame   0x000006f8       0x4c hpl/ramecc/hpl_ramecc.o
 .debug_frame   0x00000744      0xee4 hpl/sercom/hpl_sercom.o
 .debug_frame   0x00001628      0x154 LCD.o
 .debug_frame   0x0000177c       0xac LCDBus.o
 .debug_frame   0x00001828       0x28 main.o
 .debug_frame   0x00001850       0x58 splash.o
 .debug_frame   0x000018a8       0x2c stdio_redirect/gcc/read.o
 .debug_frame   0x000018d4       0x2c stdio_redirect/gcc/write.o
 .debug_frame   0x00001900       0x6c stdio_redirect/stdio_io.o
 .debug_frame   0x0000196c       0x40 stdio_start.o
 .debug_frame   0x000019ac       0x2c c:/program files (x86)/atmel/studio/7.0/toolchain/arm/arm-gnu-toolchain/bin/../lib/gcc/arm-none-eabi/6.3.1/../../../../arm-none-eabi/lib/thumb/v7e-m\libc_nano.a(lib_a-init.o)
 .debug_frame   0x000019d8       0x28 c:/program files (x86)/atmel/studio/7.0/toolchain/arm/arm-gnu-toolchain/bin/../lib/gcc/arm-none-eabi/6.3.1/../../../../arm-none-eabi/lib/thumb/v7e-m\libc_nano.a(lib_a-memcpy-stub.o)
 .debug_frame   0x00001a00       0x20 c:/program files (x86)/atmel/studio/7.0/toolchain/arm/arm-gnu-toolchain/bin/../lib/gcc/arm-none-eabi/6.3.1/../../../../arm-none-eabi/lib/thumb/v7e-m\libc_nano.a(lib_a-memset.o)
 .debug_frame   0x00001a20       0x74 c:/program files (x86)/atmel/studio/7.0/toolchain/arm/arm-gnu-toolchain/bin/../lib/gcc/arm-none-eabi/6.3.1/../../../../arm-none-eabi/lib/thumb/v7e-m\libc_nano.a(lib_a-printf.o)
 .debug_frame   0x00001a94       0x44 c:/program files (x86)/atmel/studio/7.0/toolchain/arm/arm-gnu-toolchain/bin/../lib/gcc/arm-none-eabi/6.3.1/../../../../arm-none-eabi/lib/thumb/v7e-m\libc_nano.a(lib_a-rand.o)
 .debug_frame   0x00001ad8       0x20 c:/program files (x86)/atmel/studio/7.0/toolchain/arm/arm-gnu-toolchain/bin/../lib/gcc/arm-none-eabi/6.3.1/../../../../arm-none-eabi/lib/thumb/v7e-m\libc_nano.a(lib_a-setbuf.o)
 .debug_frame   0x00001af8       0x38 c:/program files (x86)/atmel/studio/7.0/toolchain/arm/arm-gnu-toolchain/bin/../lib/gcc/arm-none-eabi/6.3.1/../../../../arm-none-eabi/lib/thumb/v7e-m\libc_nano.a(lib_a-setvbuf.o)
 .debug_frame   0x00001b30       0x40 c:/program files (x86)/atmel/studio/7.0/toolchain/arm/arm-gnu-toolchain/bin/../lib/gcc/arm-none-eabi/6.3.1/../../../../arm-none-eabi/lib/thumb/v7e-m\libc_nano.a(lib_a-wbuf.o)
 .debug_frame   0x00001b70       0x2c c:/program files (x86)/atmel/studio/7.0/toolchain/arm/arm-gnu-toolchain/bin/../lib/gcc/arm-none-eabi/6.3.1/../../../../arm-none-eabi/lib/thumb/v7e-m\libc_nano.a(lib_a-wsetup.o)
 .debug_frame   0x00001b9c       0x68 c:/program files (x86)/atmel/studio/7.0/toolchain/arm/arm-gnu-toolchain/bin/../lib/gcc/arm-none-eabi/6.3.1/../../../../arm-none-eabi/lib/thumb/v7e-m\libc_nano.a(lib_a-fflush.o)
 .debug_frame   0x00001c04      0x11c c:/program files (x86)/atmel/studio/7.0/toolchain/arm/arm-gnu-toolchain/bin/../lib/gcc/arm-none-eabi/6.3.1/../../../../arm-none-eabi/lib/thumb/v7e-m\libc_nano.a(lib_a-findfp.o)
 .debug_frame   0x00001d20       0x54 c:/program files (x86)/atmel/studio/7.0/toolchain/arm/arm-gnu-toolchain/bin/../lib/gcc/arm-none-eabi/6.3.1/../../../../arm-none-eabi/lib/thumb/v7e-m\libc_nano.a(lib_a-fwalk.o)
 .debug_frame   0x00001d74       0x58 c:/program files (x86)/atmel/studio/7.0/toolchain/arm/arm-gnu-toolchain/bin/../lib/gcc/arm-none-eabi/6.3.1/../../../../arm-none-eabi/lib/thumb/v7e-m\libc_nano.a(lib_a-makebuf.o)
 .debug_frame   0x00001dcc       0x30 c:/program files (x86)/atmel/studio/7.0/toolchain/arm/arm-gnu-toolchain/bin/../lib/gcc/arm-none-eabi/6.3.1/../../../../arm-none-eabi/lib/thumb/v7e-m\libc_nano.a(lib_a-malloc.o)
 .debug_frame   0x00001dfc       0x38 c:/program files (x86)/atmel/studio/7.0/toolchain/arm/arm-gnu-toolchain/bin/../lib/gcc/arm-none-eabi/6.3.1/../../../../arm-none-eabi/lib/thumb/v7e-m\libc_nano.a(lib_a-nano-freer.o)
 .debug_frame   0x00001e34       0x2c c:/program files (x86)/atmel/studio/7.0/toolchain/arm/arm-gnu-toolchain/bin/../lib/gcc/arm-none-eabi/6.3.1/../../../../arm-none-eabi/lib/thumb/v7e-m\libc_nano.a(lib_a-nano-mallocr.o)
 .debug_frame   0x00001e60       0xac c:/program files (x86)/atmel/studio/7.0/toolchain/arm/arm-gnu-toolchain/bin/../lib/gcc/arm-none-eabi/6.3.1/../../../../arm-none-eabi/lib/thumb/v7e-m\libc_nano.a(lib_a-nano-vfprintf.o)
 .debug_frame   0x00001f0c       0x60 c:/program files (x86)/atmel/studio/7.0/toolchain/arm/arm-gnu-toolchain/bin/../lib/gcc/arm-none-eabi/6.3.1/../../../../arm-none-eabi/lib/thumb/v7e-m\libc_nano.a(lib_a-nano-vfprintf_i.o)
 .debug_frame   0x00001f6c       0x2c c:/program files (x86)/atmel/studio/7.0/toolchain/arm/arm-gnu-toolchain/bin/../lib/gcc/arm-none-eabi/6.3.1/../../../../arm-none-eabi/lib/thumb/v7e-m\libc_nano.a(lib_a-sbrkr.o)
 .debug_frame   0x00001f98       0x88 c:/program files (x86)/atmel/studio/7.0/toolchain/arm/arm-gnu-toolchain/bin/../lib/gcc/arm-none-eabi/6.3.1/../../../../arm-none-eabi/lib/thumb/v7e-m\libc_nano.a(lib_a-stdio.o)
 .debug_frame   0x00002020       0x2c c:/program files (x86)/atmel/studio/7.0/toolchain/arm/arm-gnu-toolchain/bin/../lib/gcc/arm-none-eabi/6.3.1/../../../../arm-none-eabi/lib/thumb/v7e-m\libc_nano.a(lib_a-writer.o)
 .debug_frame   0x0000204c       0x2c c:/program files (x86)/atmel/studio/7.0/toolchain/arm/arm-gnu-toolchain/bin/../lib/gcc/arm-none-eabi/6.3.1/../../../../arm-none-eabi/lib/thumb/v7e-m\libc_nano.a(lib_a-closer.o)
 .debug_frame   0x00002078       0x2c c:/program files (x86)/atmel/studio/7.0/toolchain/arm/arm-gnu-toolchain/bin/../lib/gcc/arm-none-eabi/6.3.1/../../../../arm-none-eabi/lib/thumb/v7e-m\libc_nano.a(lib_a-fstatr.o)
 .debug_frame   0x000020a4       0x2c c:/program files (x86)/atmel/studio/7.0/toolchain/arm/arm-gnu-toolchain/bin/../lib/gcc/arm-none-eabi/6.3.1/../../../../arm-none-eabi/lib/thumb/v7e-m\libc_nano.a(lib_a-isattyr.o)
 .debug_frame   0x000020d0       0x2c c:/program files (x86)/atmel/studio/7.0/toolchain/arm/arm-gnu-toolchain/bin/../lib/gcc/arm-none-eabi/6.3.1/../../../../arm-none-eabi/lib/thumb/v7e-m\libc_nano.a(lib_a-lseekr.o)
 .debug_frame   0x000020fc       0x30 c:/program files (x86)/atmel/studio/7.0/toolchain/arm/arm-gnu-toolchain/bin/../lib/gcc/arm-none-eabi/6.3.1/../../../../arm-none-eabi/lib/thumb/v7e-m\libc_nano.a(lib_a-mlock.o)
 .debug_frame   0x0000212c       0x2c c:/program files (x86)/atmel/studio/7.0/toolchain/arm/arm-gnu-toolchain/bin/../lib/gcc/arm-none-eabi/6.3.1/../../../../arm-none-eabi/lib/thumb/v7e-m\libc_nano.a(lib_a-readr.o)
 .debug_frame   0x00002158       0x5c c:/program files (x86)/atmel/studio/7.0/toolchain/arm/arm-gnu-toolchain/bin/../lib/gcc/arm-none-eabi/6.3.1/../../../../arm-none-eabi/lib/thumb/v7e-m\libc_nano.a(lib_a-reent.o)
